Archive member included to satisfy reference by file (symbol)

.\CortexM3\ARM_GCC_541\Debug\RpiMIB.a(SPIM_1.o)
                              .\CortexM3\ARM_GCC_541\Debug\main.o (SPIM_1_ClearFIFO)
.\CortexM3\ARM_GCC_541\Debug\RpiMIB.a(EnableBattery.o)
                              .\CortexM3\ARM_GCC_541\Debug\main.o (EnableBattery_Write)
.\CortexM3\ARM_GCC_541\Debug\RpiMIB.a(Comp_1.o)
                              .\CortexM3\ARM_GCC_541\Debug\main.o (Comp_1_Start)
.\CortexM3\ARM_GCC_541\Debug\RpiMIB.a(RpiInterrupts.o)
                              .\CortexM3\ARM_GCC_541\Debug\main.o (RpiInterrupts_Write)
.\CortexM3\ARM_GCC_541\Debug\RpiMIB.a(Clock_1.o)
                              .\CortexM3\ARM_GCC_541\Debug\main.o (Clock_1_Start)
.\CortexM3\ARM_GCC_541\Debug\RpiMIB.a(Status_Reg_1.o)
                              .\CortexM3\ARM_GCC_541\Debug\main.o (Status_Reg_1_Read)
.\CortexM3\ARM_GCC_541\Debug\RpiMIB.a(Control_Reg_SS_1.o)
                              .\CortexM3\ARM_GCC_541\Debug\main.o (Control_Reg_SS_1_Write)
.\CortexM3\ARM_GCC_541\Debug\RpiMIB.a(SPIS.o)
                              .\CortexM3\ARM_GCC_541\Debug\main.o (SPIS_ReadRxStatus)
.\CortexM3\ARM_GCC_541\Debug\RpiMIB.a(isr_SS_Rise.o)
                              .\CortexM3\ARM_GCC_541\Debug\main.o (isr_SS_Rise_StartEx)
.\CortexM3\ARM_GCC_541\Debug\RpiMIB.a(I2C_1.o)
                              .\CortexM3\ARM_GCC_541\Debug\main.o (I2C_1_Start)
.\CortexM3\ARM_GCC_541\Debug\RpiMIB.a(I2C_1_INT.o)
                              .\CortexM3\ARM_GCC_541\Debug\RpiMIB.a(I2C_1.o) (I2C_1_ISR)
.\CortexM3\ARM_GCC_541\Debug\RpiMIB.a(I2C_1_MASTER.o)
                              .\CortexM3\ARM_GCC_541\Debug\RpiMIB.a(I2C_1.o) (I2C_1_mstrStatus)
.\CortexM3\ARM_GCC_541\Debug\RpiMIB.a(SPIM_2.o)
                              .\CortexM3\ARM_GCC_541\Debug\main.o (SPIM_2_ClearFIFO)
.\CortexM3\ARM_GCC_541\Debug\RpiMIB.a(Control_Reg_SS_2.o)
                              .\CortexM3\ARM_GCC_541\Debug\main.o (Control_Reg_SS_2_Write)
.\CortexM3\ARM_GCC_541\Debug\RpiMIB.a(PWM_1.o)
                              .\CortexM3\ARM_GCC_541\Debug\main.o (PWM_1_Start)
.\CortexM3\ARM_GCC_541\Debug\RpiMIB.a(PWM_2.o)
                              .\CortexM3\ARM_GCC_541\Debug\main.o (PWM_2_Start)
.\CortexM3\ARM_GCC_541\Debug\RpiMIB.a(GPIO_Control_Reg.o)
                              .\CortexM3\ARM_GCC_541\Debug\main.o (GPIO_Control_Reg_Write)
.\CortexM3\ARM_GCC_541\Debug\RpiMIB.a(GPIO_Status_Reg.o)
                              .\CortexM3\ARM_GCC_541\Debug\main.o (GPIO_Status_Reg_Read)
.\CortexM3\ARM_GCC_541\Debug\RpiMIB.a(SPIM_1_IntClock.o)
                              .\CortexM3\ARM_GCC_541\Debug\RpiMIB.a(SPIM_1.o) (SPIM_1_IntClock_Start)
.\CortexM3\ARM_GCC_541\Debug\RpiMIB.a(SPIM_2_IntClock.o)
                              .\CortexM3\ARM_GCC_541\Debug\RpiMIB.a(SPIM_2.o) (SPIM_2_IntClock_Start)
.\CortexM3\ARM_GCC_541\Debug\RpiMIB.a(CyLib.o)
                              .\CortexM3\ARM_GCC_541\Debug\Cm3Start.o (CyResetStatus)
.\CortexM3\ARM_GCC_541\Debug\RpiMIB.a(cyPm.o)
                              .\CortexM3\ARM_GCC_541\Debug\RpiMIB.a(CyLib.o) (CyPmReadStatus)
.\CortexM3\ARM_GCC_541\Debug\RpiMIB.a(CyBootAsmGnu.o)
                              .\CortexM3\ARM_GCC_541\Debug\cyfitter_cfg.o (CyDelayCycles)
.\CortexM3\ARM_GCC_541\Debug\RpiMIB.a(CyFlash.o)
                              .\CortexM3\ARM_GCC_541\Debug\RpiMIB.a(cyPm.o) (CyFlash_SetWaitCycles)
.\CortexM3\ARM_GCC_541\Debug\RpiMIB.a(CySpc.o)
                              .\CortexM3\ARM_GCC_541\Debug\RpiMIB.a(CyFlash.o) (CySpcStart)
c:/program files (x86)/cypress/psoc creator/4.2/psoc creator/import/gnu/arm/5.4.1/bin/../lib/gcc/arm-none-eabi/5.4.1/../../../../arm-none-eabi/lib/armv7-m\libg_nano.a(lib_a-errno.o)
                              .\CortexM3\ARM_GCC_541\Debug\Cm3Start.o (__errno)
c:/program files (x86)/cypress/psoc creator/4.2/psoc creator/import/gnu/arm/5.4.1/bin/../lib/gcc/arm-none-eabi/5.4.1/../../../../arm-none-eabi/lib/armv7-m\libg_nano.a(lib_a-exit.o)
                              c:/program files (x86)/cypress/psoc creator/4.2/psoc creator/import/gnu/arm/5.4.1/bin/../lib/gcc/arm-none-eabi/5.4.1/../../../../arm-none-eabi/lib/armv7-m/crt0.o (exit)
c:/program files (x86)/cypress/psoc creator/4.2/psoc creator/import/gnu/arm/5.4.1/bin/../lib/gcc/arm-none-eabi/5.4.1/../../../../arm-none-eabi/lib/armv7-m\libg_nano.a(lib_a-impure.o)
                              c:/program files (x86)/cypress/psoc creator/4.2/psoc creator/import/gnu/arm/5.4.1/bin/../lib/gcc/arm-none-eabi/5.4.1/../../../../arm-none-eabi/lib/armv7-m\libg_nano.a(lib_a-exit.o) (_global_impure_ptr)
c:/program files (x86)/cypress/psoc creator/4.2/psoc creator/import/gnu/arm/5.4.1/bin/../lib/gcc/arm-none-eabi/5.4.1/../../../../arm-none-eabi/lib/armv7-m\libg_nano.a(lib_a-init.o)
[...]
Memory Configuration

Name             Origin             Length             Attributes
rom              0x00000000         0x00040000         xr
ram              0x1fff8000         0x00010000         xrw
*default*        0x00000000         0xffffffff

Linker script and memory map

LOAD c:/program files (x86)/cypress/psoc creator/4.2/psoc creator/import/gnu/arm/5.4.1/bin/../lib/gcc/arm-none-eabi/5.4.1/armv7-m/crti.o
LOAD c:/program files (x86)/cypress/psoc creator/4.2/psoc creator/import/gnu/arm/5.4.1/bin/../lib/gcc/arm-none-eabi/5.4.1/armv7-m/crtbegin.o
LOAD c:/program files (x86)/cypress/psoc creator/4.2/psoc creator/import/gnu/arm/5.4.1/bin/../lib/gcc/arm-none-eabi/5.4.1/../../../../arm-none-eabi/lib/armv7-m/crt0.o
START GROUP
LOAD .\CortexM3\ARM_GCC_541\Debug\main.o
LOAD .\CortexM3\ARM_GCC_541\Debug\cyfitter_cfg.o
LOAD .\CortexM3\ARM_GCC_541\Debug\cymetadata.o
LOAD .\CortexM3\ARM_GCC_541\Debug\Cm3Start.o
LOAD .\CortexM3\ARM_GCC_541\Debug\RpiMIB.a
LOAD C:\Program Files (x86)\Cypress\PSoC Creator\4.2\PSoC Creator\psoc\content\cycomponentlibrary\CyComponentLibrary.cylib\CortexM3\ARM_GCC_541\Debug\CyComponentLibrary.a
END GROUP
START GROUP
LOAD c:/program files (x86)/cypress/psoc creator/4.2/psoc creator/import/gnu/arm/5.4.1/bin/../lib/gcc/arm-none-eabi/5.4.1/armv7-m\libgcc.a
LOAD c:/program files (x86)/cypress/psoc creator/4.2/psoc creator/import/gnu/arm/5.4.1/bin/../lib/gcc/arm-none-eabi/5.4.1/../../../../arm-none-eabi/lib/armv7-m\libg_nano.a
LOAD c:/program files (x86)/cypress/psoc creator/4.2/psoc creator/import/gnu/arm/5.4.1/bin/../lib/gcc/arm-none-eabi/5.4.1/../../../../arm-none-eabi/lib/armv7-m\libc_nano.a
END GROUP
START GROUP
LOAD c:/program files (x86)/cypress/psoc creator/4.2/psoc creator/import/gnu/arm/5.4.1/bin/../lib/gcc/arm-none-eabi/5.4.1/armv7-m\libgcc.a
LOAD c:/program files (x86)/cypress/psoc creator/4.2/psoc creator/import/gnu/arm/5.4.1/bin/../lib/gcc/arm-none-eabi/5.4.1/../../../../arm-none-eabi/lib/armv7-m\libc_nano.a
END GROUP
LOAD c:/program files (x86)/cypress/psoc creator/4.2/psoc creator/import/gnu/arm/5.4.1/bin/../lib/gcc/arm-none-eabi/5.4.1/armv7-m/crtend.o
LOAD c:/program files (x86)/cypress/psoc creator/4.2/psoc creator/import/gnu/arm/5.4.1/bin/../lib/gcc/arm-none-eabi/5.4.1/armv7-m/crtn.o
START GROUP
LOAD c:/program files (x86)/cypress/psoc creator/4.2/psoc creator/import/gnu/arm/5.4.1/bin/../lib/gcc/arm-none-eabi/5.4.1/armv7-m\libgcc.a
LOAD c:/program files (x86)/cypress/psoc creator/4.2/psoc creator/import/gnu/arm/5.4.1/bin/../lib/gcc/arm-none-eabi/5.4.1/../../../../arm-none-eabi/lib/armv7-m\libc.a
LOAD c:/program files (x86)/cypress/psoc creator/4.2/psoc creator/import/gnu/arm/5.4.1/bin/../lib/gcc/arm-none-eabi/5.4.1/../../../../arm-none-eabi/lib/armv7-m\libnosys.a
END GROUP
                0x00000000                CY_APPL_ORIGIN = 0x0
                0x00000100                CY_FLASH_ROW_SIZE = 0x100
                0x00000020                CY_ECC_ROW_SIZE = 0x20
                0x00000000                CY_EE_IN_BTLDR = 0x0
                0x00000000                CY_APPL_LOADABLE = 0x0
                0x00000800                CY_EE_SIZE = 0x800
                0x00000001                CY_APPL_NUM = 0x1
                0x00000001                CY_APPL_MAX = 0x1
                0x00000040                CY_METADATA_SIZE = 0x40
                0x00000000                CY_APPL_LOADABLE = 0x0
                0x00000000                CY_CHECKSUM_EXCLUDE_SIZE = ALIGN (0x0, CY_FLASH_ROW_SIZE)
                [!provide]                PROVIDE (__cy_heap_start, _end)
                0x00000001                PROVIDE (__cy_region_num, ((__cy_regions_end - __cy_regions) / 0x10))
                0x20008000                PROVIDE (__cy_stack, (ORIGIN (ram) + LENGTH (ram)))
                [!provide]                PROVIDE (__cy_heap_end, (__cy_stack - 0x800))

.cybootloader   0x00000000        0x0
 *(.cybootloader)
                0x00000000                appl1_start = CY_APPL_ORIGIN?CY_APPL_ORIGIN:ALIGN (CY_FLASH_ROW_SIZE)
                0x0001ff00                appl2_start = (appl1_start + ALIGN ((((LENGTH (rom) - appl1_start) - (0x2 * CY_FLASH_ROW_SIZE)) / 0x2), CY_FLASH_ROW_SIZE))
                0x00000000                appl_start = (CY_APPL_NUM == 0x1)?appl1_start:appl2_start
                0x00000000                ecc_offset = ((appl_start / CY_FLASH_ROW_SIZE) * CY_ECC_ROW_SIZE)
                0x00000000                ee_offset = (CY_APPL_LOADABLE && ! (CY_EE_IN_BTLDR))?((CY_EE_SIZE / CY_APPL_MAX) * (CY_APPL_NUM - 0x1)):0x0
                0x00000800                ee_size = (CY_APPL_LOADABLE && ! (CY_EE_IN_BTLDR))?(CY_EE_SIZE / CY_APPL_MAX):CY_EE_SIZE
                [!provide]                PROVIDE (CY_ECC_OFFSET, ecc_offset)

.text           0x00000000     0x24d6
 CREATE_OBJECT_SYMBOLS
                0x00000000                PROVIDE (__cy_interrupt_vector, RomVectors)
 *(.romvectors)
 .romvectors    0x00000000       0x10 .\CortexM3\ARM_GCC_541\Debug\Cm3Start.o
                0x00000000                RomVectors
                0x00000001                ASSERT ((. != __cy_interrupt_vector), No interrupt vector)
                0x00000001                ASSERT (CY_APPL_ORIGIN?(SIZEOF (.cybootloader) <= CY_APPL_ORIGIN):0x1, Wrong image location)
                0x00000010                PROVIDE (__cy_reset, Reset)
 *(.text.Reset)
 .text.Reset    0x00000010       0x18 .\CortexM3\ARM_GCC_541\Debug\Cm3Start.o
                0x00000010                Reset
                0x00000001                ASSERT ((. != __cy_reset), No reset code)
 *(.dma_init)
 .dma_init      0x00000028      0x318 .\CortexM3\ARM_GCC_541\Debug\cyfitter_cfg.o
                0x00000001                ASSERT ((((appl_start + .) <= 0x10000) || 0x0), DMA Init must be within the first 64k of flash)
 *(.text .text.* .gnu.linkonce.t.*)
 .text          0x00000340       0x5c c:/program files (x86)/cypress/psoc creator/4.2/psoc creator/import/gnu/arm/5.4.1/bin/../lib/gcc/arm-none-eabi/5.4.1/armv7-m/crtbegin.o
 .text.SS_Rise_Handler
                0x0000039c       0xbc .\CortexM3\ARM_GCC_541\Debug\main.o
                0x0000039c                SS_Rise_Handler
 .text.InterpretCommand
                0x00000458       0xe0 .\CortexM3\ARM_GCC_541\Debug\main.o
                0x00000458                InterpretCommand
 .text.main     0x00000538      0x480 .\CortexM3\ARM_GCC_541\Debug\main.o
                0x00000538                main
 .text.ReadWriteSPIM1
                0x000009b8       0x48 .\CortexM3\ARM_GCC_541\Debug\main.o
                0x000009b8                ReadWriteSPIM1
 .text.ReadWriteSPIM2
                0x00000a00       0x48 .\CortexM3\ARM_GCC_541\Debug\main.o
                0x00000a00                ReadWriteSPIM2
 .text.ReadEncoder
                0x00000a48       0xac .\CortexM3\ARM_GCC_541\Debug\main.o
                0x00000a48                ReadEncoder
 .text.CYCONFIGCPY
                0x00000af4       0x20 .\CortexM3\ARM_GCC_541\Debug\cyfitter_cfg.o
 .text.CyClockStartupError
                0x00000b14        0xc .\CortexM3\ARM_GCC_541\Debug\cyfitter_cfg.o
 .text.cfg_dma_init
                0x00000b20      0x154 .\CortexM3\ARM_GCC_541\Debug\cyfitter_cfg.o
 .text.ClockSetup
                0x00000c74      0x188 .\CortexM3\ARM_GCC_541\Debug\cyfitter_cfg.o
 .text.AnalogSetDefault
                0x00000dfc       0x60 .\CortexM3\ARM_GCC_541\Debug\cyfitter_cfg.o
 .text.cyfitter_cfg
                0x00000e5c      0x130 .\CortexM3\ARM_GCC_541\Debug\cyfitter_cfg.o
                0x00000e5c                cyfitter_cfg
 .text.IntDefaultHandler
                0x00000f8c       0x14 .\CortexM3\ARM_GCC_541\Debug\Cm3Start.o
                0x00000f8c                IntDefaultHandler
 .text.Start_c  0x00000fa0       0x98 .\CortexM3\ARM_GCC_541\Debug\Cm3Start.o
                0x00000fa0                Start_c
 .text.initialize_psoc
                0x00001038       0x90 .\CortexM3\ARM_GCC_541\Debug\Cm3Start.o
                0x00001038                initialize_psoc
 .text.SPIM_1_Init
                0x000010c8       0x34 .\CortexM3\ARM_GCC_541\Debug\RpiMIB.a(SPIM_1.o)
                0x000010c8                SPIM_1_Init
 .text.SPIM_1_Enable
                0x000010fc       0x68 .\CortexM3\ARM_GCC_541\Debug\RpiMIB.a(SPIM_1.o)
                0x000010fc                SPIM_1_Enable
 .text.SPIM_1_Start
                0x00001164       0x24 .\CortexM3\ARM_GCC_541\Debug\RpiMIB.a(SPIM_1.o)
                0x00001164                SPIM_1_Start
 .text.SPIM_1_EnableTxInt
                0x00001188        0xc .\CortexM3\ARM_GCC_541\Debug\RpiMIB.a(SPIM_1.o)
                0x00001188                SPIM_1_EnableTxInt
 .text.SPIM_1_EnableRxInt
                0x00001194        0xc .\CortexM3\ARM_GCC_541\Debug\RpiMIB.a(SPIM_1.o)
                0x00001194                SPIM_1_EnableRxInt
 .text.SPIM_1_ReadTxStatus
                0x000011a0       0x1c .\CortexM3\ARM_GCC_541\Debug\RpiMIB.a(SPIM_1.o)
                0x000011a0                SPIM_1_ReadTxStatus
 .text.SPIM_1_ReadRxStatus
                0x000011bc       0x1c .\CortexM3\ARM_GCC_541\Debug\RpiMIB.a(SPIM_1.o)
                0x000011bc                SPIM_1_ReadRxStatus
 .text.SPIM_1_WriteTxData
                0x000011d8       0x34 .\CortexM3\ARM_GCC_541\Debug\RpiMIB.a(SPIM_1.o)
                0x000011d8                SPIM_1_WriteTxData
 .text.SPIM_1_ReadRxData
                0x0000120c       0x1c .\CortexM3\ARM_GCC_541\Debug\RpiMIB.a(SPIM_1.o)
                0x0000120c                SPIM_1_ReadRxData
 .text.SPIM_1_ClearRxBuffer
                0x00001228       0x28 .\CortexM3\ARM_GCC_541\Debug\RpiMIB.a(SPIM_1.o)
                0x00001228                SPIM_1_ClearRxBuffer
 .text.SPIM_1_ClearTxBuffer
                0x00001250       0x44 .\CortexM3\ARM_GCC_541\Debug\RpiMIB.a(SPIM_1.o)
                0x00001250                SPIM_1_ClearTxBuffer
 .text.SPIM_1_ClearFIFO
                0x00001294       0x60 .\CortexM3\ARM_GCC_541\Debug\RpiMIB.a(SPIM_1.o)
                0x00001294                SPIM_1_ClearFIFO
 .text.EnableBattery_Write
                0x000012f4       0x20 .\CortexM3\ARM_GCC_541\Debug\RpiMIB.a(EnableBattery.o)
                0x000012f4                EnableBattery_Write
 .text.Comp_1_Init
                0x00001314       0x68 .\CortexM3\ARM_GCC_541\Debug\RpiMIB.a(Comp_1.o)
                0x00001314                Comp_1_Init
 .text.Comp_1_Enable
                0x0000137c       0x34 .\CortexM3\ARM_GCC_541\Debug\RpiMIB.a(Comp_1.o)
                0x0000137c                Comp_1_Enable
 .text.Comp_1_Start
                0x000013b0       0x24 .\CortexM3\ARM_GCC_541\Debug\RpiMIB.a(Comp_1.o)
                0x000013b0                Comp_1_Start
 .text.Comp_1_SetSpeed
                0x000013d4       0x84 .\CortexM3\ARM_GCC_541\Debug\RpiMIB.a(Comp_1.o)
                0x000013d4                Comp_1_SetSpeed
 .text.RpiInterrupts_Write
                0x00001458       0x20 .\CortexM3\ARM_GCC_541\Debug\RpiMIB.a(RpiInterrupts.o)
                0x00001458                RpiInterrupts_Write
 .text.Clock_1_Start
                0x00001478       0x34 .\CortexM3\ARM_GCC_541\Debug\RpiMIB.a(Clock_1.o)
                0x00001478                Clock_1_Start
 .text.Status_Reg_1_Read
                0x000014ac       0x18 .\CortexM3\ARM_GCC_541\Debug\RpiMIB.a(Status_Reg_1.o)
                0x000014ac                Status_Reg_1_Read
 .text.Control_Reg_SS_1_Write
                0x000014c4       0x20 .\CortexM3\ARM_GCC_541\Debug\RpiMIB.a(Control_Reg_SS_1.o)
                0x000014c4                Control_Reg_SS_1_Write
 .text.SPIS_Init
                0x000014e4       0x34 .\CortexM3\ARM_GCC_541\Debug\RpiMIB.a(SPIS.o)
                0x000014e4                SPIS_Init
 .text.SPIS_Enable
                0x00001518       0x5c .\CortexM3\ARM_GCC_541\Debug\RpiMIB.a(SPIS.o)
                0x00001518                SPIS_Enable
 .text.SPIS_Start
                0x00001574       0x24 .\CortexM3\ARM_GCC_541\Debug\RpiMIB.a(SPIS.o)
                0x00001574                SPIS_Start
 .text.SPIS_ReadTxStatus
                0x00001598       0x1c .\CortexM3\ARM_GCC_541\Debug\RpiMIB.a(SPIS.o)
                0x00001598                SPIS_ReadTxStatus
 .text.SPIS_ReadRxStatus
                0x000015b4       0x1c .\CortexM3\ARM_GCC_541\Debug\RpiMIB.a(SPIS.o)
                0x000015b4                SPIS_ReadRxStatus
 .text.SPIS_WriteTxDataZero
                0x000015d0       0x20 .\CortexM3\ARM_GCC_541\Debug\RpiMIB.a(SPIS.o)
                0x000015d0                SPIS_WriteTxDataZero
 .text.SPIS_ReadRxData
                0x000015f0       0x1c .\CortexM3\ARM_GCC_541\Debug\RpiMIB.a(SPIS.o)
                0x000015f0                SPIS_ReadRxData
 .text.SPIS_ClearRxBuffer
                0x0000160c       0x28 .\CortexM3\ARM_GCC_541\Debug\RpiMIB.a(SPIS.o)
                0x0000160c                SPIS_ClearRxBuffer
 .text.SPIS_ClearFIFO
                0x00001634       0x84 .\CortexM3\ARM_GCC_541\Debug\RpiMIB.a(SPIS.o)
                0x00001634                SPIS_ClearFIFO
 .text.isr_SS_Rise_StartEx
                0x000016b8       0x24 .\CortexM3\ARM_GCC_541\Debug\RpiMIB.a(isr_SS_Rise.o)
                0x000016b8                isr_SS_Rise_StartEx
 .text.isr_SS_Rise_SetVector
                0x000016dc       0x24 .\CortexM3\ARM_GCC_541\Debug\RpiMIB.a(isr_SS_Rise.o)
                0x000016dc                isr_SS_Rise_SetVector
 .text.isr_SS_Rise_SetPriority
                0x00001700       0x24 .\CortexM3\ARM_GCC_541\Debug\RpiMIB.a(isr_SS_Rise.o)
                0x00001700                isr_SS_Rise_SetPriority
 .text.isr_SS_Rise_Enable
                0x00001724       0x18 .\CortexM3\ARM_GCC_541\Debug\RpiMIB.a(isr_SS_Rise.o)
                0x00001724                isr_SS_Rise_Enable
 .text.isr_SS_Rise_Disable
                0x0000173c       0x18 .\CortexM3\ARM_GCC_541\Debug\RpiMIB.a(isr_SS_Rise.o)
                0x0000173c                isr_SS_Rise_Disable
 .text.isr_SS_Rise_ClearPending
                0x00001754       0x18 .\CortexM3\ARM_GCC_541\Debug\RpiMIB.a(isr_SS_Rise.o)
                0x00001754                isr_SS_Rise_ClearPending
 .text.I2C_1_Init
                0x0000176c       0xa0 .\CortexM3\ARM_GCC_541\Debug\RpiMIB.a(I2C_1.o)
                0x0000176c                I2C_1_Init
 .text.I2C_1_Enable
                0x0000180c       0x20 .\CortexM3\ARM_GCC_541\Debug\RpiMIB.a(I2C_1.o)
                0x0000180c                I2C_1_Enable
 .text.I2C_1_Start
                0x0000182c       0x2c .\CortexM3\ARM_GCC_541\Debug\RpiMIB.a(I2C_1.o)
                0x0000182c                I2C_1_Start
 .text.I2C_1_ISR
                0x00001858      0x408 .\CortexM3\ARM_GCC_541\Debug\RpiMIB.a(I2C_1_INT.o)
                0x00001858                I2C_1_ISR
 .text.SPIM_2_Init
                0x00001c60       0x34 .\CortexM3\ARM_GCC_541\Debug\RpiMIB.a(SPIM_2.o)
                0x00001c60                SPIM_2_Init
 .text.SPIM_2_Enable
                0x00001c94       0x68 .\CortexM3\ARM_GCC_541\Debug\RpiMIB.a(SPIM_2.o)
                0x00001c94                SPIM_2_Enable
 .text.SPIM_2_Start
                0x00001cfc       0x24 .\CortexM3\ARM_GCC_541\Debug\RpiMIB.a(SPIM_2.o)
                0x00001cfc                SPIM_2_Start
 .text.SPIM_2_EnableTxInt
                0x00001d20        0xc .\CortexM3\ARM_GCC_541\Debug\RpiMIB.a(SPIM_2.o)
                0x00001d20                SPIM_2_EnableTxInt
 .text.SPIM_2_EnableRxInt
                0x00001d2c        0xc .\CortexM3\ARM_GCC_541\Debug\RpiMIB.a(SPIM_2.o)
                0x00001d2c                SPIM_2_EnableRxInt
 .text.SPIM_2_ReadTxStatus
                0x00001d38       0x1c .\CortexM3\ARM_GCC_541\Debug\RpiMIB.a(SPIM_2.o)
                0x00001d38                SPIM_2_ReadTxStatus
 .text.SPIM_2_ReadRxStatus
                0x00001d54       0x1c .\CortexM3\ARM_GCC_541\Debug\RpiMIB.a(SPIM_2.o)
                0x00001d54                SPIM_2_ReadRxStatus
 .text.SPIM_2_WriteTxData
                0x00001d70       0x34 .\CortexM3\ARM_GCC_541\Debug\RpiMIB.a(SPIM_2.o)
                0x00001d70                SPIM_2_WriteTxData
 .text.SPIM_2_ReadRxData
                0x00001da4       0x1c .\CortexM3\ARM_GCC_541\Debug\RpiMIB.a(SPIM_2.o)
                0x00001da4                SPIM_2_ReadRxData
 .text.SPIM_2_ClearRxBuffer
                0x00001dc0       0x28 .\CortexM3\ARM_GCC_541\Debug\RpiMIB.a(SPIM_2.o)
                0x00001dc0                SPIM_2_ClearRxBuffer
 .text.SPIM_2_ClearTxBuffer
                0x00001de8       0x68 .\CortexM3\ARM_GCC_541\Debug\RpiMIB.a(SPIM_2.o)
                0x00001de8                SPIM_2_ClearTxBuffer
 .text.SPIM_2_ClearFIFO
                0x00001e50       0x84 .\CortexM3\ARM_GCC_541\Debug\RpiMIB.a(SPIM_2.o)
                0x00001e50                SPIM_2_ClearFIFO
 .text.Control_Reg_SS_2_Write
                0x00001ed4       0x20 .\CortexM3\ARM_GCC_541\Debug\RpiMIB.a(Control_Reg_SS_2.o)
                0x00001ed4                Control_Reg_SS_2_Write
 .text.PWM_1_Start
                0x00001ef4       0x24 .\CortexM3\ARM_GCC_541\Debug\RpiMIB.a(PWM_1.o)
                0x00001ef4                PWM_1_Start
 .text.PWM_1_Init
                0x00001f18       0xc0 .\CortexM3\ARM_GCC_541\Debug\RpiMIB.a(PWM_1.o)
                0x00001f18                PWM_1_Init
 .text.PWM_1_Enable
                0x00001fd8       0x48 .\CortexM3\ARM_GCC_541\Debug\RpiMIB.a(PWM_1.o)
                0x00001fd8                PWM_1_Enable
 .text.PWM_1_SetCompareMode
                0x00002020       0x40 .\CortexM3\ARM_GCC_541\Debug\RpiMIB.a(PWM_1.o)
                0x00002020                PWM_1_SetCompareMode
 .text.PWM_1_WritePeriod
                0x00002060       0x20 .\CortexM3\ARM_GCC_541\Debug\RpiMIB.a(PWM_1.o)
                0x00002060                PWM_1_WritePeriod
 .text.PWM_1_WriteCompare
                0x00002080       0x20 .\CortexM3\ARM_GCC_541\Debug\RpiMIB.a(PWM_1.o)
                0x00002080                PWM_1_WriteCompare
 .text.PWM_1_SetInterruptMode
                0x000020a0       0x20 .\CortexM3\ARM_GCC_541\Debug\RpiMIB.a(PWM_1.o)
                0x000020a0                PWM_1_SetInterruptMode
 .text.PWM_2_Start
                0x000020c0       0x24 .\CortexM3\ARM_GCC_541\Debug\RpiMIB.a(PWM_2.o)
                0x000020c0                PWM_2_Start
 .text.PWM_2_Init
                0x000020e4       0xc0 .\CortexM3\ARM_GCC_541\Debug\RpiMIB.a(PWM_2.o)
                0x000020e4                PWM_2_Init
 .text.PWM_2_Enable
                0x000021a4       0x48 .\CortexM3\ARM_GCC_541\Debug\RpiMIB.a(PWM_2.o)
                0x000021a4                PWM_2_Enable
 .text.PWM_2_SetCompareMode
                0x000021ec       0x40 .\CortexM3\ARM_GCC_541\Debug\RpiMIB.a(PWM_2.o)
                0x000021ec                PWM_2_SetCompareMode
 .text.PWM_2_WritePeriod
                0x0000222c       0x20 .\CortexM3\ARM_GCC_541\Debug\RpiMIB.a(PWM_2.o)
                0x0000222c                PWM_2_WritePeriod
 .text.PWM_2_WriteCompare
                0x0000224c       0x20 .\CortexM3\ARM_GCC_541\Debug\RpiMIB.a(PWM_2.o)
                0x0000224c                PWM_2_WriteCompare
 .text.PWM_2_SetInterruptMode
                0x0000226c       0x20 .\CortexM3\ARM_GCC_541\Debug\RpiMIB.a(PWM_2.o)
                0x0000226c                PWM_2_SetInterruptMode
 .text.GPIO_Control_Reg_Write
                0x0000228c       0x20 .\CortexM3\ARM_GCC_541\Debug\RpiMIB.a(GPIO_Control_Reg.o)
                0x0000228c                GPIO_Control_Reg_Write
 .text.GPIO_Status_Reg_Read
                0x000022ac       0x18 .\CortexM3\ARM_GCC_541\Debug\RpiMIB.a(GPIO_Status_Reg.o)
                0x000022ac                GPIO_Status_Reg_Read
 .text.SPIM_1_IntClock_Start
                0x000022c4       0x34 .\CortexM3\ARM_GCC_541\Debug\RpiMIB.a(SPIM_1_IntClock.o)
                0x000022c4                SPIM_1_IntClock_Start
 .text.SPIM_2_IntClock_Start
                0x000022f8       0x34 .\CortexM3\ARM_GCC_541\Debug\RpiMIB.a(SPIM_2_IntClock.o)
                0x000022f8                SPIM_2_IntClock_Start
 .text.CyHalt   0x0000232c       0x18 .\CortexM3\ARM_GCC_541\Debug\RpiMIB.a(CyLib.o)
                0x0000232c                CyHalt
 .text.CyDelay  0x00002344       0x44 .\CortexM3\ARM_GCC_541\Debug\RpiMIB.a(CyLib.o)
                0x00002344                CyDelay
 .text.CyDelayUs
                0x00002388       0x28 .\CortexM3\ARM_GCC_541\Debug\RpiMIB.a(CyLib.o)
                0x00002388                CyDelayUs
 .text.CyIntSetVector
                0x000023b0       0x50 .\CortexM3\ARM_GCC_541\Debug\RpiMIB.a(CyLib.o)
                0x000023b0                CyIntSetVector
 .text.CyIntSetPriority
                0x00002400       0x48 .\CortexM3\ARM_GCC_541\Debug\RpiMIB.a(CyLib.o)
                0x00002400                CyIntSetPriority
 .text          0x00002448       0x20 .\CortexM3\ARM_GCC_541\Debug\RpiMIB.a(CyBootAsmGnu.o)
                0x00002448                CyDelayCycles
                0x00002458                CyEnterCriticalSection
                0x00002460                CyExitCriticalSection
 .text.__errno  0x00002468        0xc c:/program files (x86)/cypress/psoc creator/4.2/psoc creator/import/gnu/arm/5.4.1/bin/../lib/gcc/arm-none-eabi/5.4.1/../../../../arm-none-eabi/lib/armv7-m\libg_nano.a(lib_a-errno.o)
                0x00002468                __errno
 .text.__libc_init_array
                0x00002474       0x4c c:/program files (x86)/cypress/psoc creator/4.2/psoc creator/import/gnu/arm/5.4.1/bin/../lib/gcc/arm-none-eabi/5.4.1/../../../../arm-none-eabi/lib/armv7-m\libg_nano.a(lib_a-init.o)
                0x00002474                __libc_init_array
 .text.memcpy   0x000024c0       0x16 c:/program files (x86)/cypress/psoc creator/4.2/psoc creator/import/gnu/arm/5.4.1/bin/../lib/gcc/arm-none-eabi/5.4.1/../../../../arm-none-eabi/lib/armv7-m\libg_nano.a(lib_a-memcpy-stub.o)
                0x000024c0                memcpy
 *(.plt)
 *(.gnu.warning)
 *(.glue_7t)
 .glue_7t       0x000024d6        0x0 linker stubs
 *(.glue_7)
 .glue_7        0x000024d6        0x0 linker stubs
 *(.vfp11_veneer)
 .vfp11_veneer  0x000024d6        0x0 linker stubs
 *(.bootloader)
 *(.ARM.extab* .gnu.linkonce.armextab.*)
 *(.gcc_except_table)

.v4_bx          0x000024d8        0x0
 .v4_bx         0x000024d8        0x0 linker stubs

.iplt           0x000024d8        0x0
 .iplt          0x000024d8        0x0 c:/program files (x86)/cypress/psoc creator/4.2/psoc creator/import/gnu/arm/5.4.1/bin/../lib/gcc/arm-none-eabi/5.4.1/armv7-m/crtbegin.o

.eh_frame_hdr
 *(.eh_frame_hdr)

.eh_frame       0x000024d8        0x4
 *(.eh_frame)
 .eh_frame      0x000024d8        0x0 c:/program files (x86)/cypress/psoc creator/4.2/psoc creator/import/gnu/arm/5.4.1/bin/../lib/gcc/arm-none-eabi/5.4.1/armv7-m/crtbegin.o
 .eh_frame      0x000024d8        0x4 c:/program files (x86)/cypress/psoc creator/4.2/psoc creator/import/gnu/arm/5.4.1/bin/../lib/gcc/arm-none-eabi/5.4.1/armv7-m/crtend.o
                [!provide]                PROVIDE (__exidx_start, .)

.ARM.exidx
 *(.ARM.exidx* .gnu.linkonce.armexidx.*)
                0x000024dc                __exidx_end = .

.rodata         0x000024dc      0x1b4
 *(.rodata .rodata.* .gnu.linkonce.r.*)
 .rodata        0x000024dc      0x17c .\CortexM3\ARM_GCC_541\Debug\cyfitter_cfg.o
 .rodata.str1.1
                0x00002658        0x2 c:/program files (x86)/cypress/psoc creator/4.2/psoc creator/import/gnu/arm/5.4.1/bin/../lib/gcc/arm-none-eabi/5.4.1/../../../../arm-none-eabi/lib/armv7-m\libg_nano.a(lib_a-impure.o)
                0x0000265c                . = ALIGN (0x4)
 *fill*         0x0000265a        0x2 
 *(.init)
 .init          0x0000265c        0x4 c:/program files (x86)/cypress/psoc creator/4.2/psoc creator/import/gnu/arm/5.4.1/bin/../lib/gcc/arm-none-eabi/5.4.1/armv7-m/crti.o
                0x0000265c                _init
 .init          0x00002660        0x8 c:/program files (x86)/cypress/psoc creator/4.2/psoc creator/import/gnu/arm/5.4.1/bin/../lib/gcc/arm-none-eabi/5.4.1/armv7-m/crtn.o
                0x00002668                . = ALIGN (0x4)
                0x00002668                __preinit_array_start = .
 *(.preinit_array)
                0x00002668                __preinit_array_end = .
                0x00002668                . = ALIGN (0x4)
                0x00002668                __init_array_start = .
 *(SORT(.init_array.*))
 *(.init_array)
 .init_array    0x00002668        0x4 c:/program files (x86)/cypress/psoc creator/4.2/psoc creator/import/gnu/arm/5.4.1/bin/../lib/gcc/arm-none-eabi/5.4.1/armv7-m/crtbegin.o
 .init_array    0x0000266c        0x4 .\CortexM3\ARM_GCC_541\Debug\Cm3Start.o
                0x00002670                __init_array_end = .
                0x00002670                . = ALIGN (0x4)
 *(.fini)
 .fini          0x00002670        0x4 c:/program files (x86)/cypress/psoc creator/4.2/psoc creator/import/gnu/arm/5.4.1/bin/../lib/gcc/arm-none-eabi/5.4.1/armv7-m/crti.o
                0x00002670                _fini
 .fini          0x00002674        0x8 c:/program files (x86)/cypress/psoc creator/4.2/psoc creator/import/gnu/arm/5.4.1/bin/../lib/gcc/arm-none-eabi/5.4.1/armv7-m/crtn.o
                0x0000267c                . = ALIGN (0x4)
                0x0000267c                __fini_array_start = .
 *(.fini_array)
 .fini_array    0x0000267c        0x4 c:/program files (x86)/cypress/psoc creator/4.2/psoc creator/import/gnu/arm/5.4.1/bin/../lib/gcc/arm-none-eabi/5.4.1/armv7-m/crtbegin.o
 *(SORT(.fini_array.*))
                0x00002680                __fini_array_end = .
                0x00002680                . = ALIGN (0x4)
 *crtbegin.o(.ctors)
 *(EXCLUDE_FILE(*crtend.o) .ctors)
 *(SORT(.ctors.*))
 *crtend.o(.ctors)
                0x00002680                . = ALIGN (0x4)
 *crtbegin.o(.dtors)
 *(EXCLUDE_FILE(*crtend.o) .dtors)
 *(SORT(.dtors.*))
 *crtend.o(.dtors)
                0x00002680                . = ALIGN (0x4)
                0x00002680                __cy_regions = .
                0x00002680        0x4 LONG 0x2690 __cy_region_init_ram
                0x00002684        0x4 LONG 0x1fff80c8 __cy_region_start_data
                0x00002688        0x4 LONG 0x90 __cy_region_init_size_ram
                0x0000268c        0x4 LONG 0x68 __cy_region_zero_size_ram
                0x00002690                __cy_regions_end = .
                0x00002690                . = ALIGN (0x8)
                0x00002690                _etext = .

.cy_checksum_exclude
                0x00002690        0x0
 *(.cy_checksum_exclude)

.ramvectors     0x1fff8000       0xc0
                0x1fff8000                __cy_region_start_ram = .
 *(.ramvectors)
 .ramvectors    0x1fff8000       0xc0 .\CortexM3\ARM_GCC_541\Debug\Cm3Start.o
                0x1fff8000                CyRamVectors

.noinit         0x1fff80c0        0x5
 *(.noinit)
 .noinit        0x1fff80c0        0x4 .\CortexM3\ARM_GCC_541\Debug\Cm3Start.o
 .noinit        0x1fff80c4        0x1 .\CortexM3\ARM_GCC_541\Debug\RpiMIB.a(CyLib.o)
                0x1fff80c4                CyResetStatus

.data           0x1fff80c8       0x90 load address 0x00002690
                0x1fff80c8                __cy_region_start_data = .
 *(.jcr)
 .jcr           0x1fff80c8        0x0 c:/program files (x86)/cypress/psoc creator/4.2/psoc creator/import/gnu/arm/5.4.1/bin/../lib/gcc/arm-none-eabi/5.4.1/armv7-m/crtbegin.o
 .jcr           0x1fff80c8        0x4 c:/program files (x86)/cypress/psoc creator/4.2/psoc creator/import/gnu/arm/5.4.1/bin/../lib/gcc/arm-none-eabi/5.4.1/armv7-m/crtend.o
 *(.got.plt)
 *(.got)
 *(.shdata)
 *(.data .data.* .gnu.linkonce.d.*)
 .data          0x1fff80cc       0x16 .\CortexM3\ARM_GCC_541\Debug\main.o
                0x1fff80cc                spi_trigger_value
                0x1fff80d4                spi_trigger_radius
                0x1fff80dc                firmwareVersionDate
 *fill*         0x1fff80e2        0x2 
 .data          0x1fff80e4       0x10 .\CortexM3\ARM_GCC_541\Debug\RpiMIB.a(CyLib.o)
                0x1fff80e4                cydelay_freq_hz
                0x1fff80e8                cydelay_freq_khz
                0x1fff80ec                cydelay_freq_mhz
                0x1fff80f0                cydelay_32k_ms
 .data.impure_data
                0x1fff80f4       0x60 c:/program files (x86)/cypress/psoc creator/4.2/psoc creator/import/gnu/arm/5.4.1/bin/../lib/gcc/arm-none-eabi/5.4.1/../../../../arm-none-eabi/lib/armv7-m\libg_nano.a(lib_a-impure.o)
 .data._impure_ptr
                0x1fff8154        0x4 c:/program files (x86)/cypress/psoc creator/4.2/psoc creator/import/gnu/arm/5.4.1/bin/../lib/gcc/arm-none-eabi/5.4.1/../../../../arm-none-eabi/lib/armv7-m\libg_nano.a(lib_a-impure.o)
                0x1fff8154                _impure_ptr
                0x1fff8158                . = ALIGN (0x8)
 *(.ram)
                0x1fff8158                _edata = .

.igot.plt       0x1fff8158        0x0 load address 0x00002720
 .igot.plt      0x1fff8158        0x0 c:/program files (x86)/cypress/psoc creator/4.2/psoc creator/import/gnu/arm/5.4.1/bin/../lib/gcc/arm-none-eabi/5.4.1/armv7-m/crtbegin.o

.bss            0x1fff8158       0x68 load address 0x00002720
                0x1fff8158                PROVIDE (__bss_start__, .)
 *(.shbss)
 *(.bss .bss.* .gnu.linkonce.b.*)
 .bss           0x1fff8158       0x1c c:/program files (x86)/cypress/psoc creator/4.2/psoc creator/import/gnu/arm/5.4.1/bin/../lib/gcc/arm-none-eabi/5.4.1/armv7-m/crtbegin.o
 .bss           0x1fff8174        0x8 .\CortexM3\ARM_GCC_541\Debug\main.o
                0x1fff8174                i2c_address
                0x1fff8175                i2c_byte_count
                0x1fff8178                spi_trigger_reset
 *fill*         0x1fff817c        0x4 
 .bss           0x1fff8180        0x4 .\CortexM3\ARM_GCC_541\Debug\cyfitter_cfg.o
 .bss           0x1fff8184        0x1 .\CortexM3\ARM_GCC_541\Debug\RpiMIB.a(SPIM_1.o)
                0x1fff8184                SPIM_1_initVar
 .bss           0x1fff8185        0x1 .\CortexM3\ARM_GCC_541\Debug\RpiMIB.a(Comp_1.o)
                0x1fff8185                Comp_1_initVar
 .bss           0x1fff8186        0x1 .\CortexM3\ARM_GCC_541\Debug\RpiMIB.a(SPIS.o)
                0x1fff8186                SPIS_initVar
 .bss           0x1fff8187        0x1 .\CortexM3\ARM_GCC_541\Debug\RpiMIB.a(I2C_1.o)
                0x1fff8187                I2C_1_initVar
 .bss           0x1fff8188        0x1 .\CortexM3\ARM_GCC_541\Debug\RpiMIB.a(SPIM_2.o)
                0x1fff8188                SPIM_2_initVar
 .bss           0x1fff8189        0x1 .\CortexM3\ARM_GCC_541\Debug\RpiMIB.a(PWM_1.o)
                0x1fff8189                PWM_1_initVar
 .bss           0x1fff818a        0x1 .\CortexM3\ARM_GCC_541\Debug\RpiMIB.a(PWM_2.o)
                0x1fff818a                PWM_2_initVar
 *(COMMON)
 *fill*         0x1fff818b        0x1 
 COMMON         0x1fff818c       0x1d .\CortexM3\ARM_GCC_541\Debug\main.o
                0x1fff818c                i2c_data_to_write
                0x1fff8194                temp2
                0x1fff8196                shutdown_count
                0x1fff8198                PSOC_state
                0x1fff8199                temp1
                0x1fff819a                i
                0x1fff819c                rxBuffer
                0x1fff81a4                RPi_Command_Data
                0x1fff81a6                RPi_Data
                0x1fff81a8                RPi_Command
 COMMON         0x1fff81a9        0x1 .\CortexM3\ARM_GCC_541\Debug\RpiMIB.a(I2C_1.o)
                0x1fff81a9                I2C_1_state
 *fill*         0x1fff81aa        0x2 
 COMMON         0x1fff81ac       0x11 .\CortexM3\ARM_GCC_541\Debug\RpiMIB.a(I2C_1_MASTER.o)
                0x1fff81ac                I2C_1_mstrWrBufIndex
                0x1fff81ad                I2C_1_mstrControl
                0x1fff81ae                I2C_1_mstrStatus
                0x1fff81af                I2C_1_mstrWrBufSize
                0x1fff81b0                I2C_1_mstrRdBufIndex
                0x1fff81b4                I2C_1_mstrWrBufPtr
                0x1fff81b8                I2C_1_mstrRdBufPtr
                0x1fff81bc                I2C_1_mstrRdBufSize
                0x1fff81c0                . = ALIGN (0x8)
 *fill*         0x1fff81bd        0x3 
 *(.ram.b)
                0x1fff81c0                _end = .
                0x1fff81c0                __end = .
                0x1fff81c0                PROVIDE (end, .)
                0x1fff81c0                PROVIDE (__bss_end__, .)
                0x00002690                __cy_region_init_ram = LOADADDR (.data)
                0x00000090                __cy_region_init_size_ram = (_edata - ADDR (.data))
                0x00000068                __cy_region_zero_size_ram = (_end - _edata)

.heap           0x1fff81c0       0x80 load address 0x00002720
                0x1fff81c0                . = _end
                0x1fff8240                . = (. + 0x80)
 *fill*         0x1fff81c0       0x80 
                0x1fff8240                __cy_heap_limit = .

.stack          0x20007800      0x800
                0x20007800                __cy_stack_limit = .
                0x20008000                . = (. + 0x800)
 *fill*         0x20007800      0x800 
                0x00000001                ASSERT ((__cy_stack_limit >= __cy_heap_limit), region RAM overflowed with stack)
                0x00000000                cy_checksum_exclude_size = (CY_APPL_LOADABLE == 0x1)?SIZEOF (.cy_checksum_exclude):0x0
                0x00000001                ASSERT ((cy_checksum_exclude_size <= CY_CHECKSUM_EXCLUDE_SIZE), CY_BOOT: Section .cy_checksum_exclude size exceedes specified limit.)

.cyloadermeta
 *(.cyloadermeta)

.cyloadablemeta
 *(.cyloadablemeta)

.cyconfigecc    0x80000000     0x2578
 *(.cyconfigecc)
 .cyconfigecc   0x80000000     0x2578 .\CortexM3\ARM_GCC_541\Debug\cymetadata.o
                0x80000000                cy_meta_configecc

.cycustnvl      0x90000000        0x4
 *(.cycustnvl)
 .cycustnvl     0x90000000        0x4 .\CortexM3\ARM_GCC_541\Debug\cymetadata.o
                0x90000000                cy_meta_custnvl

.cywolatch      0x90100000        0x4
 *(.cywolatch)
 .cywolatch     0x90100000        0x4 .\CortexM3\ARM_GCC_541\Debug\cymetadata.o
                0x90100000                cy_meta_wonvl

.cyeeprom       0x90200000        0x0
 *(.cyeeprom)
                0x00000001                ASSERT ((. <= ((0x90200000 + ee_offset) + ee_size)), .cyeeprom data will not fit in EEPROM)

.cyflashprotect
                0x90400000      0x100
 *(.cyflashprotect)
 .cyflashprotect
                0x90400000      0x100 .\CortexM3\ARM_GCC_541\Debug\cymetadata.o
                0x90400000                cy_meta_flashprotect

.cymeta         0x90500000        0xc
 *(.cymeta)
 .cymeta        0x90500000        0xc .\CortexM3\ARM_GCC_541\Debug\cymetadata.o
                0x90500000                cy_metadata

.rel.dyn        0x00002720        0x0 load address 0x9050000c
 .rel.iplt      0x00002720        0x0 c:/program files (x86)/cypress/psoc creator/4.2/psoc creator/import/gnu/arm/5.4.1/bin/../lib/gcc/arm-none-eabi/5.4.1/armv7-m/crtbegin.o

.stab
 *(.stab)

.stabstr
 *(.stabstr)

.debug
 *(.debug)

.line
 *(.line)

.debug_srcinfo
 *(.debug_srcinfo)

.debug_sfnames
 *(.debug_sfnames)

.debug_aranges  0x00000000      0xd60
 *(.debug_aranges)
 .debug_aranges
                0x00000000       0x50 .\CortexM3\ARM_GCC_541\Debug\main.o
 .debug_aranges
                0x00000050       0x60 .\CortexM3\ARM_GCC_541\Debug\cyfitter_cfg.o
 .debug_aranges
                0x000000b0       0x18 .\CortexM3\ARM_GCC_541\Debug\cymetadata.o
 .debug_aranges
                0x000000c8       0x48 .\CortexM3\ARM_GCC_541\Debug\Cm3Start.o
 .debug_aranges
                0x00000110       0xd8 .\CortexM3\ARM_GCC_541\Debug\RpiMIB.a(SPIM_1.o)
 .debug_aranges
                0x000001e8       0x28 .\CortexM3\ARM_GCC_541\Debug\RpiMIB.a(EnableBattery.o)
 .debug_aranges
                0x00000210       0x70 .\CortexM3\ARM_GCC_541\Debug\RpiMIB.a(Comp_1.o)
 .debug_aranges
                0x00000280       0x28 .\CortexM3\ARM_GCC_541\Debug\RpiMIB.a(RpiInterrupts.o)
 .debug_aranges
                0x000002a8       0x70 .\CortexM3\ARM_GCC_541\Debug\RpiMIB.a(Clock_1.o)
 .debug_aranges
                0x00000318       0x40 .\CortexM3\ARM_GCC_541\Debug\RpiMIB.a(Status_Reg_1.o)
 .debug_aranges
                0x00000358       0x28 .\CortexM3\ARM_GCC_541\Debug\RpiMIB.a(Control_Reg_SS_1.o)
 .debug_aranges
                0x00000380       0xe0 .\CortexM3\ARM_GCC_541\Debug\RpiMIB.a(SPIS.o)
 .debug_aranges
                0x00000460       0x80 .\CortexM3\ARM_GCC_541\Debug\RpiMIB.a(isr_SS_Rise.o)
 .debug_aranges
                0x000004e0       0x38 .\CortexM3\ARM_GCC_541\Debug\RpiMIB.a(I2C_1.o)
 .debug_aranges
                0x00000518       0x20 .\CortexM3\ARM_GCC_541\Debug\RpiMIB.a(I2C_1_INT.o)
 .debug_aranges
                0x00000538       0x80 .\CortexM3\ARM_GCC_541\Debug\RpiMIB.a(I2C_1_MASTER.o)
 .debug_aranges
                0x000005b8       0xd8 .\CortexM3\ARM_GCC_541\Debug\RpiMIB.a(SPIM_2.o)
 .debug_aranges
                0x00000690       0x28 .\CortexM3\ARM_GCC_541\Debug\RpiMIB.a(Control_Reg_SS_2.o)
 .debug_aranges
                0x000006b8       0x80 .\CortexM3\ARM_GCC_541\Debug\RpiMIB.a(PWM_1.o)
 .debug_aranges
                0x00000738       0x80 .\CortexM3\ARM_GCC_541\Debug\RpiMIB.a(PWM_2.o)
 .debug_aranges
                0x000007b8       0x28 .\CortexM3\ARM_GCC_541\Debug\RpiMIB.a(GPIO_Control_Reg.o)
 .debug_aranges
                0x000007e0       0x40 .\CortexM3\ARM_GCC_541\Debug\RpiMIB.a(GPIO_Status_Reg.o)
 .debug_aranges
                0x00000820       0x70 .\CortexM3\ARM_GCC_541\Debug\RpiMIB.a(SPIM_1_IntClock.o)
 .debug_aranges
                0x00000890       0x70 .\CortexM3\ARM_GCC_541\Debug\RpiMIB.a(SPIM_2_IntClock.o)
 .debug_aranges
                0x00000900      0x2a0 .\CortexM3\ARM_GCC_541\Debug\RpiMIB.a(CyLib.o)
 .debug_aranges
                0x00000ba0       0x98 .\CortexM3\ARM_GCC_541\Debug\RpiMIB.a(cyPm.o)
 .debug_aranges
                0x00000c38       0x20 .\CortexM3\ARM_GCC_541\Debug\RpiMIB.a(CyBootAsmGnu.o)
 .debug_aranges
                0x00000c58       0x88 .\CortexM3\ARM_GCC_541\Debug\RpiMIB.a(CyFlash.o)
 .debug_aranges
                0x00000ce0       0x80 .\CortexM3\ARM_GCC_541\Debug\RpiMIB.a(CySpc.o)

.debug_pubnames
 *(.debug_pubnames)

.debug_info     0x00000000     0x53d0
 *(.debug_info .gnu.linkonce.wi.*)
 .debug_info    0x00000000      0x4d9 .\CortexM3\ARM_GCC_541\Debug\main.o
 .debug_info    0x000004d9      0x3b7 .\CortexM3\ARM_GCC_541\Debug\cyfitter_cfg.o
 .debug_info    0x00000890      0x139 .\CortexM3\ARM_GCC_541\Debug\cymetadata.o
 .debug_info    0x000009c9      0x32b .\CortexM3\ARM_GCC_541\Debug\Cm3Start.o
 .debug_info    0x00000cf4      0x3f4 .\CortexM3\ARM_GCC_541\Debug\RpiMIB.a(SPIM_1.o)
 .debug_info    0x000010e8       0xd7 .\CortexM3\ARM_GCC_541\Debug\RpiMIB.a(EnableBattery.o)
 .debug_info    0x000011bf      0x246 .\CortexM3\ARM_GCC_541\Debug\RpiMIB.a(Comp_1.o)
 .debug_info    0x00001405       0xd7 .\CortexM3\ARM_GCC_541\Debug\RpiMIB.a(RpiInterrupts.o)
 .debug_info    0x000014dc      0x25d .\CortexM3\ARM_GCC_541\Debug\RpiMIB.a(Clock_1.o)
 .debug_info    0x00001739      0x142 .\CortexM3\ARM_GCC_541\Debug\RpiMIB.a(Status_Reg_1.o)
 .debug_info    0x0000187b       0xd7 .\CortexM3\ARM_GCC_541\Debug\RpiMIB.a(Control_Reg_SS_1.o)
 .debug_info    0x00001952      0x438 .\CortexM3\ARM_GCC_541\Debug\RpiMIB.a(SPIS.o)
 .debug_info    0x00001d8a      0x241 .\CortexM3\ARM_GCC_541\Debug\RpiMIB.a(isr_SS_Rise.o)
 .debug_info    0x00001fcb      0x163 .\CortexM3\ARM_GCC_541\Debug\RpiMIB.a(I2C_1.o)
 .debug_info    0x0000212e      0x156 .\CortexM3\ARM_GCC_541\Debug\RpiMIB.a(I2C_1_INT.o)
 .debug_info    0x00002284      0x3f8 .\CortexM3\ARM_GCC_541\Debug\RpiMIB.a(I2C_1_MASTER.o)
 .debug_info    0x0000267c      0x411 .\CortexM3\ARM_GCC_541\Debug\RpiMIB.a(SPIM_2.o)
 .debug_info    0x00002a8d       0xd7 .\CortexM3\ARM_GCC_541\Debug\RpiMIB.a(Control_Reg_SS_2.o)
 .debug_info    0x00002b64      0x26a .\CortexM3\ARM_GCC_541\Debug\RpiMIB.a(PWM_1.o)
 .debug_info    0x00002dce      0x26a .\CortexM3\ARM_GCC_541\Debug\RpiMIB.a(PWM_2.o)
 .debug_info    0x00003038       0xd7 .\CortexM3\ARM_GCC_541\Debug\RpiMIB.a(GPIO_Control_Reg.o)
 .debug_info    0x0000310f      0x142 .\CortexM3\ARM_GCC_541\Debug\RpiMIB.a(GPIO_Status_Reg.o)
 .debug_info    0x00003251      0x25d .\CortexM3\ARM_GCC_541\Debug\RpiMIB.a(SPIM_1_IntClock.o)
 .debug_info    0x000034ae      0x25d .\CortexM3\ARM_GCC_541\Debug\RpiMIB.a(SPIM_2_IntClock.o)
 .debug_info    0x0000370b      0xe51 .\CortexM3\ARM_GCC_541\Debug\RpiMIB.a(CyLib.o)
 .debug_info    0x0000455c      0x57a .\CortexM3\ARM_GCC_541\Debug\RpiMIB.a(cyPm.o)
 .debug_info    0x00004ad6       0x81 .\CortexM3\ARM_GCC_541\Debug\RpiMIB.a(CyBootAsmGnu.o)
 .debug_info    0x00004b57      0x3b9 .\CortexM3\ARM_GCC_541\Debug\RpiMIB.a(CyFlash.o)
 .debug_info    0x00004f10      0x4c0 .\CortexM3\ARM_GCC_541\Debug\RpiMIB.a(CySpc.o)

.debug_abbrev   0x00000000     0x1df2
 *(.debug_abbrev)
 .debug_abbrev  0x00000000      0x189 .\CortexM3\ARM_GCC_541\Debug\main.o
 .debug_abbrev  0x00000189      0x183 .\CortexM3\ARM_GCC_541\Debug\cyfitter_cfg.o
 .debug_abbrev  0x0000030c       0x77 .\CortexM3\ARM_GCC_541\Debug\cymetadata.o
 .debug_abbrev  0x00000383      0x1d6 .\CortexM3\ARM_GCC_541\Debug\Cm3Start.o
 .debug_abbrev  0x00000559      0x156 .\CortexM3\ARM_GCC_541\Debug\RpiMIB.a(SPIM_1.o)
 .debug_abbrev  0x000006af       0x81 .\CortexM3\ARM_GCC_541\Debug\RpiMIB.a(EnableBattery.o)
 .debug_abbrev  0x00000730      0x146 .\CortexM3\ARM_GCC_541\Debug\RpiMIB.a(Comp_1.o)
 .debug_abbrev  0x00000876       0x81 .\CortexM3\ARM_GCC_541\Debug\RpiMIB.a(RpiInterrupts.o)
 .debug_abbrev  0x000008f7      0x11d .\CortexM3\ARM_GCC_541\Debug\RpiMIB.a(Clock_1.o)
 .debug_abbrev  0x00000a14       0xaa .\CortexM3\ARM_GCC_541\Debug\RpiMIB.a(Status_Reg_1.o)
 .debug_abbrev  0x00000abe       0x81 .\CortexM3\ARM_GCC_541\Debug\RpiMIB.a(Control_Reg_SS_1.o)
 .debug_abbrev  0x00000b3f      0x13e .\CortexM3\ARM_GCC_541\Debug\RpiMIB.a(SPIS.o)
 .debug_abbrev  0x00000c7d      0x172 .\CortexM3\ARM_GCC_541\Debug\RpiMIB.a(isr_SS_Rise.o)
 .debug_abbrev  0x00000def       0xb9 .\CortexM3\ARM_GCC_541\Debug\RpiMIB.a(I2C_1.o)
 .debug_abbrev  0x00000ea8       0x81 .\CortexM3\ARM_GCC_541\Debug\RpiMIB.a(I2C_1_INT.o)
 .debug_abbrev  0x00000f29      0x11e .\CortexM3\ARM_GCC_541\Debug\RpiMIB.a(I2C_1_MASTER.o)
 .debug_abbrev  0x00001047      0x156 .\CortexM3\ARM_GCC_541\Debug\RpiMIB.a(SPIM_2.o)
 .debug_abbrev  0x0000119d       0x81 .\CortexM3\ARM_GCC_541\Debug\RpiMIB.a(Control_Reg_SS_2.o)
 .debug_abbrev  0x0000121e      0x116 .\CortexM3\ARM_GCC_541\Debug\RpiMIB.a(PWM_1.o)
 .debug_abbrev  0x00001334      0x116 .\CortexM3\ARM_GCC_541\Debug\RpiMIB.a(PWM_2.o)
 .debug_abbrev  0x0000144a       0x81 .\CortexM3\ARM_GCC_541\Debug\RpiMIB.a(GPIO_Control_Reg.o)
 .debug_abbrev  0x000014cb       0xaa .\CortexM3\ARM_GCC_541\Debug\RpiMIB.a(GPIO_Status_Reg.o)
 .debug_abbrev  0x00001575      0x11d .\CortexM3\ARM_GCC_541\Debug\RpiMIB.a(SPIM_1_IntClock.o)
 .debug_abbrev  0x00001692      0x11d .\CortexM3\ARM_GCC_541\Debug\RpiMIB.a(SPIM_2_IntClock.o)
 .debug_abbrev  0x000017af      0x217 .\CortexM3\ARM_GCC_541\Debug\RpiMIB.a(CyLib.o)
 .debug_abbrev  0x000019c6      0x161 .\CortexM3\ARM_GCC_541\Debug\RpiMIB.a(cyPm.o)
 .debug_abbrev  0x00001b27       0x14 .\CortexM3\ARM_GCC_541\Debug\RpiMIB.a(CyBootAsmGnu.o)
 .debug_abbrev  0x00001b3b      0x14b .\CortexM3\ARM_GCC_541\Debug\RpiMIB.a(CyFlash.o)
 .debug_abbrev  0x00001c86      0x16c .\CortexM3\ARM_GCC_541\Debug\RpiMIB.a(CySpc.o)

.debug_line     0x00000000     0x329b
 *(.debug_line)
 .debug_line    0x00000000      0x2fc .\CortexM3\ARM_GCC_541\Debug\main.o
 .debug_line    0x000002fc      0x225 .\CortexM3\ARM_GCC_541\Debug\cyfitter_cfg.o
 .debug_line    0x00000521      0x141 .\CortexM3\ARM_GCC_541\Debug\cymetadata.o
 .debug_line    0x00000662      0x1dc .\CortexM3\ARM_GCC_541\Debug\Cm3Start.o
 .debug_line    0x0000083e      0x264 .\CortexM3\ARM_GCC_541\Debug\RpiMIB.a(SPIM_1.o)
 .debug_line    0x00000aa2       0x76 .\CortexM3\ARM_GCC_541\Debug\RpiMIB.a(EnableBattery.o)
 .debug_line    0x00000b18      0x16e .\CortexM3\ARM_GCC_541\Debug\RpiMIB.a(Comp_1.o)
 .debug_line    0x00000c86       0x76 .\CortexM3\ARM_GCC_541\Debug\RpiMIB.a(RpiInterrupts.o)
 .debug_line    0x00000cfc      0x1a6 .\CortexM3\ARM_GCC_541\Debug\RpiMIB.a(Clock_1.o)
 .debug_line    0x00000ea2       0xb0 .\CortexM3\ARM_GCC_541\Debug\RpiMIB.a(Status_Reg_1.o)
 .debug_line    0x00000f52       0x79 .\CortexM3\ARM_GCC_541\Debug\RpiMIB.a(Control_Reg_SS_1.o)
 .debug_line    0x00000fcb      0x275 .\CortexM3\ARM_GCC_541\Debug\RpiMIB.a(SPIS.o)
 .debug_line    0x00001240      0x156 .\CortexM3\ARM_GCC_541\Debug\RpiMIB.a(isr_SS_Rise.o)
 .debug_line    0x00001396       0xc5 .\CortexM3\ARM_GCC_541\Debug\RpiMIB.a(I2C_1.o)
 .debug_line    0x0000145b      0x140 .\CortexM3\ARM_GCC_541\Debug\RpiMIB.a(I2C_1_INT.o)
 .debug_line    0x0000159b      0x214 .\CortexM3\ARM_GCC_541\Debug\RpiMIB.a(I2C_1_MASTER.o)
 .debug_line    0x000017af      0x268 .\CortexM3\ARM_GCC_541\Debug\RpiMIB.a(SPIM_2.o)
 .debug_line    0x00001a17       0x79 .\CortexM3\ARM_GCC_541\Debug\RpiMIB.a(Control_Reg_SS_2.o)
 .debug_line    0x00001a90      0x156 .\CortexM3\ARM_GCC_541\Debug\RpiMIB.a(PWM_1.o)
 .debug_line    0x00001be6      0x156 .\CortexM3\ARM_GCC_541\Debug\RpiMIB.a(PWM_2.o)
 .debug_line    0x00001d3c       0x79 .\CortexM3\ARM_GCC_541\Debug\RpiMIB.a(GPIO_Control_Reg.o)
 .debug_line    0x00001db5       0xb3 .\CortexM3\ARM_GCC_541\Debug\RpiMIB.a(GPIO_Status_Reg.o)
 .debug_line    0x00001e68      0x1ae .\CortexM3\ARM_GCC_541\Debug\RpiMIB.a(SPIM_1_IntClock.o)
 .debug_line    0x00002016      0x1ae .\CortexM3\ARM_GCC_541\Debug\RpiMIB.a(SPIM_2_IntClock.o)
 .debug_line    0x000021c4      0x883 .\CortexM3\ARM_GCC_541\Debug\RpiMIB.a(CyLib.o)
 .debug_line    0x00002a47      0x38e .\CortexM3\ARM_GCC_541\Debug\RpiMIB.a(cyPm.o)
 .debug_line    0x00002dd5       0x66 .\CortexM3\ARM_GCC_541\Debug\RpiMIB.a(CyBootAsmGnu.o)
 .debug_line    0x00002e3b      0x22f .\CortexM3\ARM_GCC_541\Debug\RpiMIB.a(CyFlash.o)
 .debug_line    0x0000306a      0x231 .\CortexM3\ARM_GCC_541\Debug\RpiMIB.a(CySpc.o)

.debug_frame    0x00000000     0x345c
 *(.debug_frame)
 .debug_frame   0x00000000      0x114 .\CortexM3\ARM_GCC_541\Debug\main.o
 .debug_frame   0x00000114      0x160 .\CortexM3\ARM_GCC_541\Debug\cyfitter_cfg.o
 .debug_frame   0x00000274       0xd8 .\CortexM3\ARM_GCC_541\Debug\Cm3Start.o
 .debug_frame   0x0000034c      0x38c .\CortexM3\ARM_GCC_541\Debug\RpiMIB.a(SPIM_1.o)
 .debug_frame   0x000006d8       0x5c .\CortexM3\ARM_GCC_541\Debug\RpiMIB.a(EnableBattery.o)
 .debug_frame   0x00000734      0x19c .\CortexM3\ARM_GCC_541\Debug\RpiMIB.a(Comp_1.o)
 .debug_frame   0x000008d0       0x5c .\CortexM3\ARM_GCC_541\Debug\RpiMIB.a(RpiInterrupts.o)
 .debug_frame   0x0000092c      0x1b4 .\CortexM3\ARM_GCC_541\Debug\RpiMIB.a(Clock_1.o)
 .debug_frame   0x00000ae0       0xd0 .\CortexM3\ARM_GCC_541\Debug\RpiMIB.a(Status_Reg_1.o)
 .debug_frame   0x00000bb0       0x5c .\CortexM3\ARM_GCC_541\Debug\RpiMIB.a(Control_Reg_SS_1.o)
 .debug_frame   0x00000c0c      0x3c4 .\CortexM3\ARM_GCC_541\Debug\RpiMIB.a(SPIS.o)
 .debug_frame   0x00000fd0      0x1e8 .\CortexM3\ARM_GCC_541\Debug\RpiMIB.a(isr_SS_Rise.o)
 .debug_frame   0x000011b8       0x9c .\CortexM3\ARM_GCC_541\Debug\RpiMIB.a(I2C_1.o)
 .debug_frame   0x00001254       0x38 .\CortexM3\ARM_GCC_541\Debug\RpiMIB.a(I2C_1_INT.o)
 .debug_frame   0x0000128c      0x208 .\CortexM3\ARM_GCC_541\Debug\RpiMIB.a(I2C_1_MASTER.o)
 .debug_frame   0x00001494      0x38c .\CortexM3\ARM_GCC_541\Debug\RpiMIB.a(SPIM_2.o)
 .debug_frame   0x00001820       0x5c .\CortexM3\ARM_GCC_541\Debug\RpiMIB.a(Control_Reg_SS_2.o)
 .debug_frame   0x0000187c      0x1f8 .\CortexM3\ARM_GCC_541\Debug\RpiMIB.a(PWM_1.o)
 .debug_frame   0x00001a74      0x1f8 .\CortexM3\ARM_GCC_541\Debug\RpiMIB.a(PWM_2.o)
 .debug_frame   0x00001c6c       0x5c .\CortexM3\ARM_GCC_541\Debug\RpiMIB.a(GPIO_Control_Reg.o)
 .debug_frame   0x00001cc8       0xd0 .\CortexM3\ARM_GCC_541\Debug\RpiMIB.a(GPIO_Status_Reg.o)
 .debug_frame   0x00001d98      0x1b4 .\CortexM3\ARM_GCC_541\Debug\RpiMIB.a(SPIM_1_IntClock.o)
 .debug_frame   0x00001f4c      0x1b4 .\CortexM3\ARM_GCC_541\Debug\RpiMIB.a(SPIM_2_IntClock.o)
 .debug_frame   0x00002100      0xc0c .\CortexM3\ARM_GCC_541\Debug\RpiMIB.a(CyLib.o)
 .debug_frame   0x00002d0c      0x234 .\CortexM3\ARM_GCC_541\Debug\RpiMIB.a(cyPm.o)
 .debug_frame   0x00002f40      0x238 .\CortexM3\ARM_GCC_541\Debug\RpiMIB.a(CyFlash.o)
 .debug_frame   0x00003178      0x228 .\CortexM3\ARM_GCC_541\Debug\RpiMIB.a(CySpc.o)
 .debug_frame   0x000033a0       0x20 c:/program files (x86)/cypress/psoc creator/4.2/psoc creator/import/gnu/arm/5.4.1/bin/../lib/gcc/arm-none-eabi/5.4.1/../../../../arm-none-eabi/lib/armv7-m\libg_nano.a(lib_a-errno.o)
 .debug_frame   0x000033c0       0x28 c:/program files (x86)/cypress/psoc creator/4.2/psoc creator/import/gnu/arm/5.4.1/bin/../lib/gcc/arm-none-eabi/5.4.1/../../../../arm-none-eabi/lib/armv7-m\libg_nano.a(lib_a-exit.o)
 .debug_frame   0x000033e8       0x2c c:/program files (x86)/cypress/psoc creator/4.2/psoc creator/import/gnu/arm/5.4.1/bin/../lib/gcc/arm-none-eabi/5.4.1/../../../../arm-none-eabi/lib/armv7-m\libg_nano.a(lib_a-init.o)
 .debug_frame   0x00003414       0x28 c:/program files (x86)/cypress/psoc creator/4.2/psoc creator/import/gnu/arm/5.4.1/bin/../lib/gcc/arm-none-eabi/5.4.1/../../../../arm-none-eabi/lib/armv7-m\libg_nano.a(lib_a-memcpy-stub.o)
 .debug_frame   0x0000343c       0x20 c:/program files (x86)/cypress/psoc creator/4.2/psoc creator/import/gnu/arm/5.4.1/bin/../lib/gcc/arm-none-eabi/5.4.1/../../../../arm-none-eabi/lib/armv7-m\libg_nano.a(lib_a-memset.o)

.debug_str      0x00000000     0x2a1a
 *(.debug_str)
 .debug_str     0x00000000      0x39e .\CortexM3\ARM_GCC_541\Debug\main.o
                                0x415 (size before relaxing)
 .debug_str     0x0000039e      0x183 .\CortexM3\ARM_GCC_541\Debug\cyfitter_cfg.o
                                0x301 (size before relaxing)
 .debug_str     0x00000521       0x75 .\CortexM3\ARM_GCC_541\Debug\cymetadata.o
                                0x1d5 (size before relaxing)
 .debug_str     0x00000596      0x11e .\CortexM3\ARM_GCC_541\Debug\Cm3Start.o
                                0x2c8 (size before relaxing)
 .debug_str     0x000006b4      0x265 .\CortexM3\ARM_GCC_541\Debug\RpiMIB.a(SPIM_1.o)
                                0x3e1 (size before relaxing)
 .debug_str     0x00000919       0x56 .\CortexM3\ARM_GCC_541\Debug\RpiMIB.a(EnableBattery.o)
                                0x1b8 (size before relaxing)
 .debug_str     0x0000096f      0x13a .\CortexM3\ARM_GCC_541\Debug\RpiMIB.a(Comp_1.o)
                                0x2bf (size before relaxing)
 .debug_str     0x00000aa9       0x4e .\CortexM3\ARM_GCC_541\Debug\RpiMIB.a(RpiInterrupts.o)
                                0x1b8 (size before relaxing)
 .debug_str     0x00000af7      0x162 .\CortexM3\ARM_GCC_541\Debug\RpiMIB.a(Clock_1.o)
                                0x2df (size before relaxing)
 .debug_str     0x00000c59       0xb4 .\CortexM3\ARM_GCC_541\Debug\RpiMIB.a(Status_Reg_1.o)
                                0x22b (size before relaxing)
 .debug_str     0x00000d0d       0x57 .\CortexM3\ARM_GCC_541\Debug\RpiMIB.a(Control_Reg_SS_1.o)
                                0x1c1 (size before relaxing)
 .debug_str     0x00000d64      0x203 .\CortexM3\ARM_GCC_541\Debug\RpiMIB.a(SPIS.o)
                                0x3d6 (size before relaxing)
 .debug_str     0x00000f67      0x152 .\CortexM3\ARM_GCC_541\Debug\RpiMIB.a(isr_SS_Rise.o)
                                0x2eb (size before relaxing)
 .debug_str     0x000010b9       0xac .\CortexM3\ARM_GCC_541\Debug\RpiMIB.a(I2C_1.o)
                                0x230 (size before relaxing)
 .debug_str     0x00001165       0x94 .\CortexM3\ARM_GCC_541\Debug\RpiMIB.a(I2C_1_INT.o)
                                0x25f (size before relaxing)
 .debug_str     0x000011f9      0x18c .\CortexM3\ARM_GCC_541\Debug\RpiMIB.a(I2C_1_MASTER.o)
                                0x3c3 (size before relaxing)
 .debug_str     0x00001385      0x21b .\CortexM3\ARM_GCC_541\Debug\RpiMIB.a(SPIM_2.o)
                                0x3ee (size before relaxing)
 .debug_str     0x000015a0       0x57 .\CortexM3\ARM_GCC_541\Debug\RpiMIB.a(Control_Reg_SS_2.o)
                                0x1c1 (size before relaxing)
 .debug_str     0x000015f7      0x15e .\CortexM3\ARM_GCC_541\Debug\RpiMIB.a(PWM_1.o)
                                0x2f1 (size before relaxing)
 .debug_str     0x00001755      0x11e .\CortexM3\ARM_GCC_541\Debug\RpiMIB.a(PWM_2.o)
                                0x2f1 (size before relaxing)
 .debug_str     0x00001873       0x57 .\CortexM3\ARM_GCC_541\Debug\RpiMIB.a(GPIO_Control_Reg.o)
                                0x1c1 (size before relaxing)
 .debug_str     0x000018ca       0xb2 .\CortexM3\ARM_GCC_541\Debug\RpiMIB.a(GPIO_Status_Reg.o)
                                0x23d (size before relaxing)
 .debug_str     0x0000197c      0x177 .\CortexM3\ARM_GCC_541\Debug\RpiMIB.a(SPIM_1_IntClock.o)
                                0x33f (size before relaxing)
 .debug_str     0x00001af3      0x177 .\CortexM3\ARM_GCC_541\Debug\RpiMIB.a(SPIM_2_IntClock.o)
                                0x33f (size before relaxing)
 .debug_str     0x00001c6a      0x7bc .\CortexM3\ARM_GCC_541\Debug\RpiMIB.a(CyLib.o)
                                0x9db (size before relaxing)
 .debug_str     0x00002426      0x371 .\CortexM3\ARM_GCC_541\Debug\RpiMIB.a(cyPm.o)
                                0x534 (size before relaxing)
 .debug_str     0x00002797      0x14f .\CortexM3\ARM_GCC_541\Debug\RpiMIB.a(CyFlash.o)
                                0x2f8 (size before relaxing)
 .debug_str     0x000028e6      0x134 .\CortexM3\ARM_GCC_541\Debug\RpiMIB.a(CySpc.o)
                                0x2f2 (size before relaxing)

.debug_loc
 *(.debug_loc)

.debug_macinfo
 *(.debug_macinfo)

.debug_ranges   0x00000000      0xbb0
 *(.debug_ranges)
 .debug_ranges  0x00000000       0x78 .\CortexM3\ARM_GCC_541\Debug\main.o
 .debug_ranges  0x00000078       0x50 .\CortexM3\ARM_GCC_541\Debug\cyfitter_cfg.o
 .debug_ranges  0x000000c8       0x38 .\CortexM3\ARM_GCC_541\Debug\Cm3Start.o
 .debug_ranges  0x00000100       0xc8 .\CortexM3\ARM_GCC_541\Debug\RpiMIB.a(SPIM_1.o)
 .debug_ranges  0x000001c8       0x18 .\CortexM3\ARM_GCC_541\Debug\RpiMIB.a(EnableBattery.o)
 .debug_ranges  0x000001e0       0x60 .\CortexM3\ARM_GCC_541\Debug\RpiMIB.a(Comp_1.o)
 .debug_ranges  0x00000240       0x18 .\CortexM3\ARM_GCC_541\Debug\RpiMIB.a(RpiInterrupts.o)
 .debug_ranges  0x00000258       0x60 .\CortexM3\ARM_GCC_541\Debug\RpiMIB.a(Clock_1.o)
 .debug_ranges  0x000002b8       0x30 .\CortexM3\ARM_GCC_541\Debug\RpiMIB.a(Status_Reg_1.o)
 .debug_ranges  0x000002e8       0x18 .\CortexM3\ARM_GCC_541\Debug\RpiMIB.a(Control_Reg_SS_1.o)
 .debug_ranges  0x00000300       0xd0 .\CortexM3\ARM_GCC_541\Debug\RpiMIB.a(SPIS.o)
 .debug_ranges  0x000003d0       0x70 .\CortexM3\ARM_GCC_541\Debug\RpiMIB.a(isr_SS_Rise.o)
 .debug_ranges  0x00000440       0x28 .\CortexM3\ARM_GCC_541\Debug\RpiMIB.a(I2C_1.o)
 .debug_ranges  0x00000468       0x10 .\CortexM3\ARM_GCC_541\Debug\RpiMIB.a(I2C_1_INT.o)
 .debug_ranges  0x00000478       0x70 .\CortexM3\ARM_GCC_541\Debug\RpiMIB.a(I2C_1_MASTER.o)
 .debug_ranges  0x000004e8       0xc8 .\CortexM3\ARM_GCC_541\Debug\RpiMIB.a(SPIM_2.o)
 .debug_ranges  0x000005b0       0x18 .\CortexM3\ARM_GCC_541\Debug\RpiMIB.a(Control_Reg_SS_2.o)
 .debug_ranges  0x000005c8       0x70 .\CortexM3\ARM_GCC_541\Debug\RpiMIB.a(PWM_1.o)
 .debug_ranges  0x00000638       0x70 .\CortexM3\ARM_GCC_541\Debug\RpiMIB.a(PWM_2.o)
 .debug_ranges  0x000006a8       0x18 .\CortexM3\ARM_GCC_541\Debug\RpiMIB.a(GPIO_Control_Reg.o)
 .debug_ranges  0x000006c0       0x30 .\CortexM3\ARM_GCC_541\Debug\RpiMIB.a(GPIO_Status_Reg.o)
 .debug_ranges  0x000006f0       0x60 .\CortexM3\ARM_GCC_541\Debug\RpiMIB.a(SPIM_1_IntClock.o)
 .debug_ranges  0x00000750       0x60 .\CortexM3\ARM_GCC_541\Debug\RpiMIB.a(SPIM_2_IntClock.o)
 .debug_ranges  0x000007b0      0x290 .\CortexM3\ARM_GCC_541\Debug\RpiMIB.a(CyLib.o)
 .debug_ranges  0x00000a40       0x88 .\CortexM3\ARM_GCC_541\Debug\RpiMIB.a(cyPm.o)
 .debug_ranges  0x00000ac8       0x78 .\CortexM3\ARM_GCC_541\Debug\RpiMIB.a(CyFlash.o)
 .debug_ranges  0x00000b40       0x70 .\CortexM3\ARM_GCC_541\Debug\RpiMIB.a(CySpc.o)

.comment        0x00000000       0x6e
 .comment       0x00000000       0x6e .\CortexM3\ARM_GCC_541\Debug\main.o
                                 0x6f (size before relaxing)
 .comment       0x0000006e       0x6f .\CortexM3\ARM_GCC_541\Debug\cyfitter_cfg.o
 .comment       0x0000006e       0x6f .\CortexM3\ARM_GCC_541\Debug\cymetadata.o
 .comment       0x0000006e       0x6f .\CortexM3\ARM_GCC_541\Debug\Cm3Start.o
 .comment       0x0000006e       0x6f .\CortexM3\ARM_GCC_541\Debug\RpiMIB.a(SPIM_1.o)
 .comment       0x0000006e       0x6f .\CortexM3\ARM_GCC_541\Debug\RpiMIB.a(EnableBattery.o)
 .comment       0x0000006e       0x6f .\CortexM3\ARM_GCC_541\Debug\RpiMIB.a(Comp_1.o)
 .comment       0x0000006e       0x6f .\CortexM3\ARM_GCC_541\Debug\RpiMIB.a(RpiInterrupts.o)
 .comment       0x0000006e       0x6f .\CortexM3\ARM_GCC_541\Debug\RpiMIB.a(Clock_1.o)
 .comment       0x0000006e       0x6f .\CortexM3\ARM_GCC_541\Debug\RpiMIB.a(Status_Reg_1.o)
 .comment       0x0000006e       0x6f .\CortexM3\ARM_GCC_541\Debug\RpiMIB.a(Control_Reg_SS_1.o)
 .comment       0x0000006e       0x6f .\CortexM3\ARM_GCC_541\Debug\RpiMIB.a(SPIS.o)
 .comment       0x0000006e       0x6f .\CortexM3\ARM_GCC_541\Debug\RpiMIB.a(isr_SS_Rise.o)
 .comment       0x0000006e       0x6f .\CortexM3\ARM_GCC_541\Debug\RpiMIB.a(I2C_1.o)
 .comment       0x0000006e       0x6f .\CortexM3\ARM_GCC_541\Debug\RpiMIB.a(I2C_1_INT.o)
 .comment       0x0000006e       0x6f .\CortexM3\ARM_GCC_541\Debug\RpiMIB.a(I2C_1_MASTER.o)
 .comment       0x0000006e       0x6f .\CortexM3\ARM_GCC_541\Debug\RpiMIB.a(SPIM_2.o)
 .comment       0x0000006e       0x6f .\CortexM3\ARM_GCC_541\Debug\RpiMIB.a(Control_Reg_SS_2.o)
 .comment       0x0000006e       0x6f .\CortexM3\ARM_GCC_541\Debug\RpiMIB.a(PWM_1.o)
 .comment       0x0000006e       0x6f .\CortexM3\ARM_GCC_541\Debug\RpiMIB.a(PWM_2.o)
 .comment       0x0000006e       0x6f .\CortexM3\ARM_GCC_541\Debug\RpiMIB.a(GPIO_Control_Reg.o)
 .comment       0x0000006e       0x6f .\CortexM3\ARM_GCC_541\Debug\RpiMIB.a(GPIO_Status_Reg.o)
 .comment       0x0000006e       0x6f .\CortexM3\ARM_GCC_541\Debug\RpiMIB.a(SPIM_1_IntClock.o)
 .comment       0x0000006e       0x6f .\CortexM3\ARM_GCC_541\Debug\RpiMIB.a(SPIM_2_IntClock.o)
 .comment       0x0000006e       0x6f .\CortexM3\ARM_GCC_541\Debug\RpiMIB.a(CyLib.o)
 .comment       0x0000006e       0x6f .\CortexM3\ARM_GCC_541\Debug\RpiMIB.a(cyPm.o)
 .comment       0x0000006e       0x6f .\CortexM3\ARM_GCC_541\Debug\RpiMIB.a(CyFlash.o)
 .comment       0x0000006e       0x6f .\CortexM3\ARM_GCC_541\Debug\RpiMIB.a(CySpc.o)

.debug_weaknames
 *(.debug_weaknames)

.debug_funcnames
 *(.debug_funcnames)

.debug_typenames
 *(.debug_typenames)

.debug_varnames
 *(.debug_varnames)

.note.gnu.arm.ident
 *(.note.gnu.arm.ident)

.ARM.attributes
                0x00000000       0x29
 *(.ARM.attributes)
 .ARM.attributes
                0x00000000       0x1d c:/program files (x86)/cypress/psoc creator/4.2/psoc creator/import/gnu/arm/5.4.1/bin/../lib/gcc/arm-none-eabi/5.4.1/armv7-m/crti.o
 .ARM.attributes
                0x0000001d       0x2d c:/program files (x86)/cypress/psoc creator/4.2/psoc creator/import/gnu/arm/5.4.1/bin/../lib/gcc/arm-none-eabi/5.4.1/armv7-m/crtbegin.o
 .ARM.attributes
                0x0000004a       0x1b c:/program files (x86)/cypress/psoc creator/4.2/psoc creator/import/gnu/arm/5.4.1/bin/../lib/gcc/arm-none-eabi/5.4.1/../../../../arm-none-eabi/lib/armv7-m/crt0.o
 .ARM.attributes
                0x00000065       0x33 .\CortexM3\ARM_GCC_541\Debug\main.o
 .ARM.attributes
                0x00000098       0x33 .\CortexM3\ARM_GCC_541\Debug\cyfitter_cfg.o
 .ARM.attributes
                0x000000cb       0x33 .\CortexM3\ARM_GCC_541\Debug\cymetadata.o
 .ARM.attributes
                0x000000fe       0x33 .\CortexM3\ARM_GCC_541\Debug\Cm3Start.o
 .ARM.attributes
                0x00000131       0x33 .\CortexM3\ARM_GCC_541\Debug\RpiMIB.a(SPIM_1.o)
 .ARM.attributes
                0x00000164       0x33 .\CortexM3\ARM_GCC_541\Debug\RpiMIB.a(EnableBattery.o)
 .ARM.attributes
                0x00000197       0x33 .\CortexM3\ARM_GCC_541\Debug\RpiMIB.a(Comp_1.o)
 .ARM.attributes
                0x000001ca       0x33 .\CortexM3\ARM_GCC_541\Debug\RpiMIB.a(RpiInterrupts.o)
 .ARM.attributes
                0x000001fd       0x33 .\CortexM3\ARM_GCC_541\Debug\RpiMIB.a(Clock_1.o)
 .ARM.attributes
                0x00000230       0x33 .\CortexM3\ARM_GCC_541\Debug\RpiMIB.a(Status_Reg_1.o)
 .ARM.attributes
                0x00000263       0x33 .\CortexM3\ARM_GCC_541\Debug\RpiMIB.a(Control_Reg_SS_1.o)
 .ARM.attributes
                0x00000296       0x33 .\CortexM3\ARM_GCC_541\Debug\RpiMIB.a(SPIS.o)
 .ARM.attributes
                0x000002c9       0x33 .\CortexM3\ARM_GCC_541\Debug\RpiMIB.a(isr_SS_Rise.o)
 .ARM.attributes
                0x000002fc       0x33 .\CortexM3\ARM_GCC_541\Debug\RpiMIB.a(I2C_1.o)
 .ARM.attributes
                0x0000032f       0x33 .\CortexM3\ARM_GCC_541\Debug\RpiMIB.a(I2C_1_INT.o)
 .ARM.attributes
                0x00000362       0x33 .\CortexM3\ARM_GCC_541\Debug\RpiMIB.a(I2C_1_MASTER.o)
 .ARM.attributes
                0x00000395       0x33 .\CortexM3\ARM_GCC_541\Debug\RpiMIB.a(SPIM_2.o)
 .ARM.attributes
                0x000003c8       0x33 .\CortexM3\ARM_GCC_541\Debug\RpiMIB.a(Control_Reg_SS_2.o)
 .ARM.attributes
                0x000003fb       0x33 .\CortexM3\ARM_GCC_541\Debug\RpiMIB.a(PWM_1.o)
 .ARM.attributes
                0x0000042e       0x33 .\CortexM3\ARM_GCC_541\Debug\RpiMIB.a(PWM_2.o)
 .ARM.attributes
                0x00000461       0x33 .\CortexM3\ARM_GCC_541\Debug\RpiMIB.a(GPIO_Control_Reg.o)
 .ARM.attributes
                0x00000494       0x33 .\CortexM3\ARM_GCC_541\Debug\RpiMIB.a(GPIO_Status_Reg.o)
 .ARM.attributes
                0x000004c7       0x33 .\CortexM3\ARM_GCC_541\Debug\RpiMIB.a(SPIM_1_IntClock.o)
 .ARM.attributes
                0x000004fa       0x33 .\CortexM3\ARM_GCC_541\Debug\RpiMIB.a(SPIM_2_IntClock.o)
 .ARM.attributes
                0x0000052d       0x33 .\CortexM3\ARM_GCC_541\Debug\RpiMIB.a(CyLib.o)
 .ARM.attributes
                0x00000560       0x33 .\CortexM3\ARM_GCC_541\Debug\RpiMIB.a(cyPm.o)
 .ARM.attributes
                0x00000593       0x21 .\CortexM3\ARM_GCC_541\Debug\RpiMIB.a(CyBootAsmGnu.o)
 .ARM.attributes
                0x000005b4       0x33 .\CortexM3\ARM_GCC_541\Debug\RpiMIB.a(CyFlash.o)
 .ARM.attributes
                0x000005e7       0x33 .\CortexM3\ARM_GCC_541\Debug\RpiMIB.a(CySpc.o)
 .ARM.attributes
                0x0000061a       0x2d c:/program files (x86)/cypress/psoc creator/4.2/psoc creator/import/gnu/arm/5.4.1/bin/../lib/gcc/arm-none-eabi/5.4.1/../../../../arm-none-eabi/lib/armv7-m\libg_nano.a(lib_a-errno.o)
 .ARM.attributes
                0x00000647       0x2d c:/program files (x86)/cypress/psoc creator/4.2/psoc creator/import/gnu/arm/5.4.1/bin/../lib/gcc/arm-none-eabi/5.4.1/../../../../arm-none-eabi/lib/armv7-m\libg_nano.a(lib_a-exit.o)
 .ARM.attributes
                0x00000674       0x2d c:/program files (x86)/cypress/psoc creator/4.2/psoc creator/import/gnu/arm/5.4.1/bin/../lib/gcc/arm-none-eabi/5.4.1/../../../../arm-none-eabi/lib/armv7-m\libg_nano.a(lib_a-impure.o)
 .ARM.attributes
                0x000006a1       0x2d c:/program files (x86)/cypress/psoc creator/4.2/psoc creator/import/gnu/arm/5.4.1/bin/../lib/gcc/arm-none-eabi/5.4.1/../../../../arm-none-eabi/lib/armv7-m\libg_nano.a(lib_a-init.o)
 .ARM.attributes
                0x000006ce       0x2d c:/program files (x86)/cypress/psoc creator/4.2/psoc creator/import/gnu/arm/5.4.1/bin/../lib/gcc/arm-none-eabi/5.4.1/../../../../arm-none-eabi/lib/armv7-m\libg_nano.a(lib_a-memcpy-stub.o)
 .ARM.attributes
                0x000006fb       0x2d c:/program files (x86)/cypress/psoc creator/4.2/psoc creator/import/gnu/arm/5.4.1/bin/../lib/gcc/arm-none-eabi/5.4.1/../../../../arm-none-eabi/lib/armv7-m\libg_nano.a(lib_a-memset.o)
 .ARM.attributes
                0x00000728       0x2d c:/program files (x86)/cypress/psoc creator/4.2/psoc creator/import/gnu/arm/5.4.1/bin/../lib/gcc/arm-none-eabi/5.4.1/armv7-m/crtend.o
 .ARM.attributes
                0x00000755       0x1d c:/program files (x86)/cypress/psoc creator/4.2/psoc creator/import/gnu/arm/5.4.1/bin/../lib/gcc/arm-none-eabi/5.4.1/armv7-m/crtn.o

/DISCARD/
 *(.note.GNU-stack)
OUTPUT(C:\Users\Doug\Documents\GitHub\RpiMIB\RpiMIB.cydsn\CortexM3\ARM_GCC_541\Debug\RpiMIB.elf elf32-littlearm)
