ARM GAS  C:\Users\HARLOW~1\AppData\Local\Temp\ccuaMlob.s 			page 1


   1              		.syntax unified
   2              		.cpu cortex-m3
   3              		.fpu softvfp
   4              		.eabi_attribute 20, 1
   5              		.eabi_attribute 21, 1
   6              		.eabi_attribute 23, 3
   7              		.eabi_attribute 24, 1
   8              		.eabi_attribute 25, 1
   9              		.eabi_attribute 26, 1
  10              		.eabi_attribute 30, 4
  11              		.eabi_attribute 34, 1
  12              		.eabi_attribute 18, 4
  13              		.thumb
  14              		.syntax unified
  15              		.file	"Status_Reg_1.c"
  16              		.text
  17              	.Ltext0:
  18              		.cfi_sections	.debug_frame
  19              		.section	.text.Status_Reg_1_Read,"ax",%progbits
  20              		.align	1
  21              		.global	Status_Reg_1_Read
  22              		.thumb
  23              		.thumb_func
  24              		.type	Status_Reg_1_Read, %function
  25              	Status_Reg_1_Read:
  26              	.LFB0:
  27              		.file 1 "Generated_Source\\PSoC5\\Status_Reg_1.c"
   1:Generated_Source\PSoC5/Status_Reg_1.c **** /*******************************************************************************
   2:Generated_Source\PSoC5/Status_Reg_1.c **** * File Name: Status_Reg_1.c  
   3:Generated_Source\PSoC5/Status_Reg_1.c **** * Version 1.90
   4:Generated_Source\PSoC5/Status_Reg_1.c **** *
   5:Generated_Source\PSoC5/Status_Reg_1.c **** * Description:
   6:Generated_Source\PSoC5/Status_Reg_1.c **** *  This file contains API to enable firmware to read the value of a Status 
   7:Generated_Source\PSoC5/Status_Reg_1.c **** *  Register.
   8:Generated_Source\PSoC5/Status_Reg_1.c **** *
   9:Generated_Source\PSoC5/Status_Reg_1.c **** * Note:
  10:Generated_Source\PSoC5/Status_Reg_1.c **** *
  11:Generated_Source\PSoC5/Status_Reg_1.c **** ********************************************************************************
  12:Generated_Source\PSoC5/Status_Reg_1.c **** * Copyright 2008-2015, Cypress Semiconductor Corporation.  All rights reserved.
  13:Generated_Source\PSoC5/Status_Reg_1.c **** * You may use this file only in accordance with the license, terms, conditions, 
  14:Generated_Source\PSoC5/Status_Reg_1.c **** * disclaimers, and limitations in the end user license agreement accompanying 
  15:Generated_Source\PSoC5/Status_Reg_1.c **** * the software package with which this file was provided.
  16:Generated_Source\PSoC5/Status_Reg_1.c **** *******************************************************************************/
  17:Generated_Source\PSoC5/Status_Reg_1.c **** 
  18:Generated_Source\PSoC5/Status_Reg_1.c **** #include "Status_Reg_1.h"
  19:Generated_Source\PSoC5/Status_Reg_1.c **** 
  20:Generated_Source\PSoC5/Status_Reg_1.c **** #if !defined(Status_Reg_1_sts_sts_reg__REMOVED) /* Check for removal by optimization */
  21:Generated_Source\PSoC5/Status_Reg_1.c **** 
  22:Generated_Source\PSoC5/Status_Reg_1.c **** 
  23:Generated_Source\PSoC5/Status_Reg_1.c **** /*******************************************************************************
  24:Generated_Source\PSoC5/Status_Reg_1.c **** * Function Name: Status_Reg_1_Read
  25:Generated_Source\PSoC5/Status_Reg_1.c **** ********************************************************************************
  26:Generated_Source\PSoC5/Status_Reg_1.c **** *
  27:Generated_Source\PSoC5/Status_Reg_1.c **** * Summary:
  28:Generated_Source\PSoC5/Status_Reg_1.c **** *  Reads the current value assigned to the Status Register.
  29:Generated_Source\PSoC5/Status_Reg_1.c **** *
  30:Generated_Source\PSoC5/Status_Reg_1.c **** * Parameters:
ARM GAS  C:\Users\HARLOW~1\AppData\Local\Temp\ccuaMlob.s 			page 2


  31:Generated_Source\PSoC5/Status_Reg_1.c **** *  None.
  32:Generated_Source\PSoC5/Status_Reg_1.c **** *
  33:Generated_Source\PSoC5/Status_Reg_1.c **** * Return:
  34:Generated_Source\PSoC5/Status_Reg_1.c **** *  The current value in the Status Register.
  35:Generated_Source\PSoC5/Status_Reg_1.c **** *
  36:Generated_Source\PSoC5/Status_Reg_1.c **** *******************************************************************************/
  37:Generated_Source\PSoC5/Status_Reg_1.c **** uint8 Status_Reg_1_Read(void) 
  38:Generated_Source\PSoC5/Status_Reg_1.c **** { 
  28              		.loc 1 38 0
  29              		.cfi_startproc
  30              		@ args = 0, pretend = 0, frame = 0
  31              		@ frame_needed = 0, uses_anonymous_args = 0
  32              		@ link register save eliminated.
  39:Generated_Source\PSoC5/Status_Reg_1.c ****     return Status_Reg_1_Status;
  33              		.loc 1 39 0
  34 0000 014B     		ldr	r3, .L2
  35 0002 1878     		ldrb	r0, [r3]	@ zero_extendqisi2
  40:Generated_Source\PSoC5/Status_Reg_1.c **** }
  36              		.loc 1 40 0
  37 0004 7047     		bx	lr
  38              	.L3:
  39 0006 00BF     		.align	2
  40              	.L2:
  41 0008 65650040 		.word	1073767781
  42              		.cfi_endproc
  43              	.LFE0:
  44              		.size	Status_Reg_1_Read, .-Status_Reg_1_Read
  45              		.section	.text.Status_Reg_1_InterruptEnable,"ax",%progbits
  46              		.align	1
  47              		.global	Status_Reg_1_InterruptEnable
  48              		.thumb
  49              		.thumb_func
  50              		.type	Status_Reg_1_InterruptEnable, %function
  51              	Status_Reg_1_InterruptEnable:
  52              	.LFB1:
  41:Generated_Source\PSoC5/Status_Reg_1.c **** 
  42:Generated_Source\PSoC5/Status_Reg_1.c **** 
  43:Generated_Source\PSoC5/Status_Reg_1.c **** /*******************************************************************************
  44:Generated_Source\PSoC5/Status_Reg_1.c **** * Function Name: Status_Reg_1_InterruptEnable
  45:Generated_Source\PSoC5/Status_Reg_1.c **** ********************************************************************************
  46:Generated_Source\PSoC5/Status_Reg_1.c **** *
  47:Generated_Source\PSoC5/Status_Reg_1.c **** * Summary:
  48:Generated_Source\PSoC5/Status_Reg_1.c **** *  Enables the Status Register interrupt.
  49:Generated_Source\PSoC5/Status_Reg_1.c **** *
  50:Generated_Source\PSoC5/Status_Reg_1.c **** * Parameters:
  51:Generated_Source\PSoC5/Status_Reg_1.c **** *  None.
  52:Generated_Source\PSoC5/Status_Reg_1.c **** *
  53:Generated_Source\PSoC5/Status_Reg_1.c **** * Return:
  54:Generated_Source\PSoC5/Status_Reg_1.c **** *  None.
  55:Generated_Source\PSoC5/Status_Reg_1.c **** *
  56:Generated_Source\PSoC5/Status_Reg_1.c **** *******************************************************************************/
  57:Generated_Source\PSoC5/Status_Reg_1.c **** void Status_Reg_1_InterruptEnable(void) 
  58:Generated_Source\PSoC5/Status_Reg_1.c **** {
  53              		.loc 1 58 0
  54              		.cfi_startproc
  55              		@ args = 0, pretend = 0, frame = 0
  56              		@ frame_needed = 0, uses_anonymous_args = 0
ARM GAS  C:\Users\HARLOW~1\AppData\Local\Temp\ccuaMlob.s 			page 3


  57 0000 08B5     		push	{r3, lr}
  58              		.cfi_def_cfa_offset 8
  59              		.cfi_offset 3, -8
  60              		.cfi_offset 14, -4
  59:Generated_Source\PSoC5/Status_Reg_1.c ****     uint8 interruptState;
  60:Generated_Source\PSoC5/Status_Reg_1.c ****     interruptState = CyEnterCriticalSection();
  61              		.loc 1 60 0
  62 0002 FFF7FEFF 		bl	CyEnterCriticalSection
  63              	.LVL0:
  61:Generated_Source\PSoC5/Status_Reg_1.c ****     Status_Reg_1_Status_Aux_Ctrl |= Status_Reg_1_STATUS_INTR_ENBL;
  64              		.loc 1 61 0
  65 0006 044A     		ldr	r2, .L5
  66 0008 1378     		ldrb	r3, [r2]	@ zero_extendqisi2
  67 000a 43F01003 		orr	r3, r3, #16
  68 000e 1370     		strb	r3, [r2]
  62:Generated_Source\PSoC5/Status_Reg_1.c ****     CyExitCriticalSection(interruptState);
  63:Generated_Source\PSoC5/Status_Reg_1.c **** }
  69              		.loc 1 63 0
  70 0010 BDE80840 		pop	{r3, lr}
  71              		.cfi_restore 14
  72              		.cfi_restore 3
  73              		.cfi_def_cfa_offset 0
  62:Generated_Source\PSoC5/Status_Reg_1.c ****     CyExitCriticalSection(interruptState);
  74              		.loc 1 62 0
  75 0014 FFF7FEBF 		b	CyExitCriticalSection
  76              	.LVL1:
  77              	.L6:
  78              		.align	2
  79              	.L5:
  80 0018 95650040 		.word	1073767829
  81              		.cfi_endproc
  82              	.LFE1:
  83              		.size	Status_Reg_1_InterruptEnable, .-Status_Reg_1_InterruptEnable
  84              		.section	.text.Status_Reg_1_InterruptDisable,"ax",%progbits
  85              		.align	1
  86              		.global	Status_Reg_1_InterruptDisable
  87              		.thumb
  88              		.thumb_func
  89              		.type	Status_Reg_1_InterruptDisable, %function
  90              	Status_Reg_1_InterruptDisable:
  91              	.LFB2:
  64:Generated_Source\PSoC5/Status_Reg_1.c **** 
  65:Generated_Source\PSoC5/Status_Reg_1.c **** 
  66:Generated_Source\PSoC5/Status_Reg_1.c **** /*******************************************************************************
  67:Generated_Source\PSoC5/Status_Reg_1.c **** * Function Name: Status_Reg_1_InterruptDisable
  68:Generated_Source\PSoC5/Status_Reg_1.c **** ********************************************************************************
  69:Generated_Source\PSoC5/Status_Reg_1.c **** *
  70:Generated_Source\PSoC5/Status_Reg_1.c **** * Summary:
  71:Generated_Source\PSoC5/Status_Reg_1.c **** *  Disables the Status Register interrupt.
  72:Generated_Source\PSoC5/Status_Reg_1.c **** *
  73:Generated_Source\PSoC5/Status_Reg_1.c **** * Parameters:
  74:Generated_Source\PSoC5/Status_Reg_1.c **** *  None.
  75:Generated_Source\PSoC5/Status_Reg_1.c **** *
  76:Generated_Source\PSoC5/Status_Reg_1.c **** * Return:
  77:Generated_Source\PSoC5/Status_Reg_1.c **** *  None.
  78:Generated_Source\PSoC5/Status_Reg_1.c **** *
  79:Generated_Source\PSoC5/Status_Reg_1.c **** *******************************************************************************/
ARM GAS  C:\Users\HARLOW~1\AppData\Local\Temp\ccuaMlob.s 			page 4


  80:Generated_Source\PSoC5/Status_Reg_1.c **** void Status_Reg_1_InterruptDisable(void) 
  81:Generated_Source\PSoC5/Status_Reg_1.c **** {
  92              		.loc 1 81 0
  93              		.cfi_startproc
  94              		@ args = 0, pretend = 0, frame = 0
  95              		@ frame_needed = 0, uses_anonymous_args = 0
  96 0000 08B5     		push	{r3, lr}
  97              		.cfi_def_cfa_offset 8
  98              		.cfi_offset 3, -8
  99              		.cfi_offset 14, -4
  82:Generated_Source\PSoC5/Status_Reg_1.c ****     uint8 interruptState;
  83:Generated_Source\PSoC5/Status_Reg_1.c ****     interruptState = CyEnterCriticalSection();
 100              		.loc 1 83 0
 101 0002 FFF7FEFF 		bl	CyEnterCriticalSection
 102              	.LVL2:
  84:Generated_Source\PSoC5/Status_Reg_1.c ****     Status_Reg_1_Status_Aux_Ctrl &= (uint8)(~Status_Reg_1_STATUS_INTR_ENBL);
 103              		.loc 1 84 0
 104 0006 044A     		ldr	r2, .L8
 105 0008 1378     		ldrb	r3, [r2]	@ zero_extendqisi2
 106 000a 03F0EF03 		and	r3, r3, #239
 107 000e 1370     		strb	r3, [r2]
  85:Generated_Source\PSoC5/Status_Reg_1.c ****     CyExitCriticalSection(interruptState);
  86:Generated_Source\PSoC5/Status_Reg_1.c **** }
 108              		.loc 1 86 0
 109 0010 BDE80840 		pop	{r3, lr}
 110              		.cfi_restore 14
 111              		.cfi_restore 3
 112              		.cfi_def_cfa_offset 0
  85:Generated_Source\PSoC5/Status_Reg_1.c ****     CyExitCriticalSection(interruptState);
 113              		.loc 1 85 0
 114 0014 FFF7FEBF 		b	CyExitCriticalSection
 115              	.LVL3:
 116              	.L9:
 117              		.align	2
 118              	.L8:
 119 0018 95650040 		.word	1073767829
 120              		.cfi_endproc
 121              	.LFE2:
 122              		.size	Status_Reg_1_InterruptDisable, .-Status_Reg_1_InterruptDisable
 123              		.section	.text.Status_Reg_1_WriteMask,"ax",%progbits
 124              		.align	1
 125              		.global	Status_Reg_1_WriteMask
 126              		.thumb
 127              		.thumb_func
 128              		.type	Status_Reg_1_WriteMask, %function
 129              	Status_Reg_1_WriteMask:
 130              	.LFB3:
  87:Generated_Source\PSoC5/Status_Reg_1.c **** 
  88:Generated_Source\PSoC5/Status_Reg_1.c **** 
  89:Generated_Source\PSoC5/Status_Reg_1.c **** /*******************************************************************************
  90:Generated_Source\PSoC5/Status_Reg_1.c **** * Function Name: Status_Reg_1_WriteMask
  91:Generated_Source\PSoC5/Status_Reg_1.c **** ********************************************************************************
  92:Generated_Source\PSoC5/Status_Reg_1.c **** *
  93:Generated_Source\PSoC5/Status_Reg_1.c **** * Summary:
  94:Generated_Source\PSoC5/Status_Reg_1.c **** *  Writes the current mask value assigned to the Status Register.
  95:Generated_Source\PSoC5/Status_Reg_1.c **** *
  96:Generated_Source\PSoC5/Status_Reg_1.c **** * Parameters:
ARM GAS  C:\Users\HARLOW~1\AppData\Local\Temp\ccuaMlob.s 			page 5


  97:Generated_Source\PSoC5/Status_Reg_1.c **** *  mask:  Value to write into the mask register.
  98:Generated_Source\PSoC5/Status_Reg_1.c **** *
  99:Generated_Source\PSoC5/Status_Reg_1.c **** * Return:
 100:Generated_Source\PSoC5/Status_Reg_1.c **** *  None.
 101:Generated_Source\PSoC5/Status_Reg_1.c **** *
 102:Generated_Source\PSoC5/Status_Reg_1.c **** *******************************************************************************/
 103:Generated_Source\PSoC5/Status_Reg_1.c **** void Status_Reg_1_WriteMask(uint8 mask) 
 104:Generated_Source\PSoC5/Status_Reg_1.c **** {
 131              		.loc 1 104 0
 132              		.cfi_startproc
 133              		@ args = 0, pretend = 0, frame = 0
 134              		@ frame_needed = 0, uses_anonymous_args = 0
 135              		@ link register save eliminated.
 136              	.LVL4:
 105:Generated_Source\PSoC5/Status_Reg_1.c ****     #if(Status_Reg_1_INPUTS < 8u)
 106:Generated_Source\PSoC5/Status_Reg_1.c ****     	mask &= ((uint8)(1u << Status_Reg_1_INPUTS) - 1u);
 107:Generated_Source\PSoC5/Status_Reg_1.c **** 	#endif /* End Status_Reg_1_INPUTS < 8u */
 108:Generated_Source\PSoC5/Status_Reg_1.c ****     Status_Reg_1_Status_Mask = mask;
 137              		.loc 1 108 0
 138 0000 024B     		ldr	r3, .L11
 106:Generated_Source\PSoC5/Status_Reg_1.c **** 	#endif /* End Status_Reg_1_INPUTS < 8u */
 139              		.loc 1 106 0
 140 0002 00F00100 		and	r0, r0, #1
 141              	.LVL5:
 142              		.loc 1 108 0
 143 0006 1870     		strb	r0, [r3]
 144 0008 7047     		bx	lr
 145              	.L12:
 146 000a 00BF     		.align	2
 147              	.L11:
 148 000c 85650040 		.word	1073767813
 149              		.cfi_endproc
 150              	.LFE3:
 151              		.size	Status_Reg_1_WriteMask, .-Status_Reg_1_WriteMask
 152              		.section	.text.Status_Reg_1_ReadMask,"ax",%progbits
 153              		.align	1
 154              		.global	Status_Reg_1_ReadMask
 155              		.thumb
 156              		.thumb_func
 157              		.type	Status_Reg_1_ReadMask, %function
 158              	Status_Reg_1_ReadMask:
 159              	.LFB4:
 109:Generated_Source\PSoC5/Status_Reg_1.c **** }
 110:Generated_Source\PSoC5/Status_Reg_1.c **** 
 111:Generated_Source\PSoC5/Status_Reg_1.c **** 
 112:Generated_Source\PSoC5/Status_Reg_1.c **** /*******************************************************************************
 113:Generated_Source\PSoC5/Status_Reg_1.c **** * Function Name: Status_Reg_1_ReadMask
 114:Generated_Source\PSoC5/Status_Reg_1.c **** ********************************************************************************
 115:Generated_Source\PSoC5/Status_Reg_1.c **** *
 116:Generated_Source\PSoC5/Status_Reg_1.c **** * Summary:
 117:Generated_Source\PSoC5/Status_Reg_1.c **** *  Reads the current interrupt mask assigned to the Status Register.
 118:Generated_Source\PSoC5/Status_Reg_1.c **** *
 119:Generated_Source\PSoC5/Status_Reg_1.c **** * Parameters:
 120:Generated_Source\PSoC5/Status_Reg_1.c **** *  None.
 121:Generated_Source\PSoC5/Status_Reg_1.c **** *
 122:Generated_Source\PSoC5/Status_Reg_1.c **** * Return:
 123:Generated_Source\PSoC5/Status_Reg_1.c **** *  The value of the interrupt mask of the Status Register.
ARM GAS  C:\Users\HARLOW~1\AppData\Local\Temp\ccuaMlob.s 			page 6


 124:Generated_Source\PSoC5/Status_Reg_1.c **** *
 125:Generated_Source\PSoC5/Status_Reg_1.c **** *******************************************************************************/
 126:Generated_Source\PSoC5/Status_Reg_1.c **** uint8 Status_Reg_1_ReadMask(void) 
 127:Generated_Source\PSoC5/Status_Reg_1.c **** {
 160              		.loc 1 127 0
 161              		.cfi_startproc
 162              		@ args = 0, pretend = 0, frame = 0
 163              		@ frame_needed = 0, uses_anonymous_args = 0
 164              		@ link register save eliminated.
 128:Generated_Source\PSoC5/Status_Reg_1.c ****     return Status_Reg_1_Status_Mask;
 165              		.loc 1 128 0
 166 0000 014B     		ldr	r3, .L14
 167 0002 1878     		ldrb	r0, [r3]	@ zero_extendqisi2
 129:Generated_Source\PSoC5/Status_Reg_1.c **** }
 168              		.loc 1 129 0
 169 0004 7047     		bx	lr
 170              	.L15:
 171 0006 00BF     		.align	2
 172              	.L14:
 173 0008 85650040 		.word	1073767813
 174              		.cfi_endproc
 175              	.LFE4:
 176              		.size	Status_Reg_1_ReadMask, .-Status_Reg_1_ReadMask
 177              		.text
 178              	.Letext0:
 179              		.file 2 "Generated_Source\\PSoC5\\cytypes.h"
 180              		.file 3 "Generated_Source\\PSoC5\\CyLib.h"
 181              		.section	.debug_info,"",%progbits
 182              	.Ldebug_info0:
 183 0000 7B010000 		.4byte	0x17b
 184 0004 0400     		.2byte	0x4
 185 0006 00000000 		.4byte	.Ldebug_abbrev0
 186 000a 04       		.byte	0x4
 187 000b 01       		.uleb128 0x1
 188 000c 28010000 		.4byte	.LASF24
 189 0010 0C       		.byte	0xc
 190 0011 DF010000 		.4byte	.LASF25
 191 0015 2E000000 		.4byte	.LASF26
 192 0019 00000000 		.4byte	.Ldebug_ranges0+0
 193 001d 00000000 		.4byte	0
 194 0021 00000000 		.4byte	.Ldebug_line0
 195 0025 02       		.uleb128 0x2
 196 0026 01       		.byte	0x1
 197 0027 06       		.byte	0x6
 198 0028 D3010000 		.4byte	.LASF0
 199 002c 02       		.uleb128 0x2
 200 002d 01       		.byte	0x1
 201 002e 08       		.byte	0x8
 202 002f 05010000 		.4byte	.LASF1
 203 0033 02       		.uleb128 0x2
 204 0034 02       		.byte	0x2
 205 0035 05       		.byte	0x5
 206 0036 3E020000 		.4byte	.LASF2
 207 003a 02       		.uleb128 0x2
 208 003b 02       		.byte	0x2
 209 003c 07       		.byte	0x7
 210 003d 0E000000 		.4byte	.LASF3
ARM GAS  C:\Users\HARLOW~1\AppData\Local\Temp\ccuaMlob.s 			page 7


 211 0041 02       		.uleb128 0x2
 212 0042 04       		.byte	0x4
 213 0043 05       		.byte	0x5
 214 0044 18010000 		.4byte	.LASF4
 215 0048 02       		.uleb128 0x2
 216 0049 04       		.byte	0x4
 217 004a 07       		.byte	0x7
 218 004b B3000000 		.4byte	.LASF5
 219 004f 02       		.uleb128 0x2
 220 0050 08       		.byte	0x8
 221 0051 05       		.byte	0x5
 222 0052 00000000 		.4byte	.LASF6
 223 0056 02       		.uleb128 0x2
 224 0057 08       		.byte	0x8
 225 0058 07       		.byte	0x7
 226 0059 EE000000 		.4byte	.LASF7
 227 005d 03       		.uleb128 0x3
 228 005e 04       		.byte	0x4
 229 005f 05       		.byte	0x5
 230 0060 696E7400 		.ascii	"int\000"
 231 0064 02       		.uleb128 0x2
 232 0065 04       		.byte	0x4
 233 0066 07       		.byte	0x7
 234 0067 21000000 		.4byte	.LASF8
 235 006b 04       		.uleb128 0x4
 236 006c AD000000 		.4byte	.LASF12
 237 0070 02       		.byte	0x2
 238 0071 E401     		.2byte	0x1e4
 239 0073 2C000000 		.4byte	0x2c
 240 0077 02       		.uleb128 0x2
 241 0078 04       		.byte	0x4
 242 0079 04       		.byte	0x4
 243 007a E3000000 		.4byte	.LASF9
 244 007e 02       		.uleb128 0x2
 245 007f 08       		.byte	0x8
 246 0080 04       		.byte	0x4
 247 0081 21010000 		.4byte	.LASF10
 248 0085 02       		.uleb128 0x2
 249 0086 01       		.byte	0x1
 250 0087 08       		.byte	0x8
 251 0088 13010000 		.4byte	.LASF11
 252 008c 04       		.uleb128 0x4
 253 008d 48020000 		.4byte	.LASF13
 254 0091 02       		.byte	0x2
 255 0092 8E02     		.2byte	0x28e
 256 0094 98000000 		.4byte	0x98
 257 0098 05       		.uleb128 0x5
 258 0099 6B000000 		.4byte	0x6b
 259 009d 02       		.uleb128 0x2
 260 009e 08       		.byte	0x8
 261 009f 04       		.byte	0x4
 262 00a0 1B020000 		.4byte	.LASF14
 263 00a4 02       		.uleb128 0x2
 264 00a5 04       		.byte	0x4
 265 00a6 07       		.byte	0x7
 266 00a7 4D020000 		.4byte	.LASF15
 267 00ab 06       		.uleb128 0x6
ARM GAS  C:\Users\HARLOW~1\AppData\Local\Temp\ccuaMlob.s 			page 8


 268 00ac 84000000 		.4byte	.LASF20
 269 00b0 01       		.byte	0x1
 270 00b1 25       		.byte	0x25
 271 00b2 6B000000 		.4byte	0x6b
 272 00b6 00000000 		.4byte	.LFB0
 273 00ba 0C000000 		.4byte	.LFE0-.LFB0
 274 00be 01       		.uleb128 0x1
 275 00bf 9C       		.byte	0x9c
 276 00c0 07       		.uleb128 0x7
 277 00c1 B6010000 		.4byte	.LASF16
 278 00c5 01       		.byte	0x1
 279 00c6 39       		.byte	0x39
 280 00c7 00000000 		.4byte	.LFB1
 281 00cb 1C000000 		.4byte	.LFE1-.LFB1
 282 00cf 01       		.uleb128 0x1
 283 00d0 9C       		.byte	0x9c
 284 00d1 F7000000 		.4byte	0xf7
 285 00d5 08       		.uleb128 0x8
 286 00d6 56020000 		.4byte	.LASF18
 287 00da 01       		.byte	0x1
 288 00db 3B       		.byte	0x3b
 289 00dc 6B000000 		.4byte	0x6b
 290 00e0 00000000 		.4byte	.LLST0
 291 00e4 09       		.uleb128 0x9
 292 00e5 06000000 		.4byte	.LVL0
 293 00e9 68010000 		.4byte	0x168
 294 00ed 0A       		.uleb128 0xa
 295 00ee 18000000 		.4byte	.LVL1
 296 00f2 73010000 		.4byte	0x173
 297 00f6 00       		.byte	0
 298 00f7 07       		.uleb128 0x7
 299 00f8 C5000000 		.4byte	.LASF17
 300 00fc 01       		.byte	0x1
 301 00fd 50       		.byte	0x50
 302 00fe 00000000 		.4byte	.LFB2
 303 0102 1C000000 		.4byte	.LFE2-.LFB2
 304 0106 01       		.uleb128 0x1
 305 0107 9C       		.byte	0x9c
 306 0108 2E010000 		.4byte	0x12e
 307 010c 08       		.uleb128 0x8
 308 010d 56020000 		.4byte	.LASF18
 309 0111 01       		.byte	0x1
 310 0112 52       		.byte	0x52
 311 0113 6B000000 		.4byte	0x6b
 312 0117 13000000 		.4byte	.LLST1
 313 011b 09       		.uleb128 0x9
 314 011c 06000000 		.4byte	.LVL2
 315 0120 68010000 		.4byte	0x168
 316 0124 0A       		.uleb128 0xa
 317 0125 18000000 		.4byte	.LVL3
 318 0129 73010000 		.4byte	0x173
 319 012d 00       		.byte	0
 320 012e 07       		.uleb128 0x7
 321 012f 27020000 		.4byte	.LASF19
 322 0133 01       		.byte	0x1
 323 0134 67       		.byte	0x67
 324 0135 00000000 		.4byte	.LFB3
ARM GAS  C:\Users\HARLOW~1\AppData\Local\Temp\ccuaMlob.s 			page 9


 325 0139 10000000 		.4byte	.LFE3-.LFB3
 326 013d 01       		.uleb128 0x1
 327 013e 9C       		.byte	0x9c
 328 013f 53010000 		.4byte	0x153
 329 0143 0B       		.uleb128 0xb
 330 0144 E9000000 		.4byte	.LASF27
 331 0148 01       		.byte	0x1
 332 0149 67       		.byte	0x67
 333 014a 6B000000 		.4byte	0x6b
 334 014e 26000000 		.4byte	.LLST2
 335 0152 00       		.byte	0
 336 0153 06       		.uleb128 0x6
 337 0154 6E000000 		.4byte	.LASF21
 338 0158 01       		.byte	0x1
 339 0159 7E       		.byte	0x7e
 340 015a 6B000000 		.4byte	0x6b
 341 015e 00000000 		.4byte	.LFB4
 342 0162 0C000000 		.4byte	.LFE4-.LFB4
 343 0166 01       		.uleb128 0x1
 344 0167 9C       		.byte	0x9c
 345 0168 0C       		.uleb128 0xc
 346 0169 96000000 		.4byte	.LASF22
 347 016d 96000000 		.4byte	.LASF22
 348 0171 03       		.byte	0x3
 349 0172 7D       		.byte	0x7d
 350 0173 0C       		.uleb128 0xc
 351 0174 05020000 		.4byte	.LASF23
 352 0178 05020000 		.4byte	.LASF23
 353 017c 03       		.byte	0x3
 354 017d 7E       		.byte	0x7e
 355 017e 00       		.byte	0
 356              		.section	.debug_abbrev,"",%progbits
 357              	.Ldebug_abbrev0:
 358 0000 01       		.uleb128 0x1
 359 0001 11       		.uleb128 0x11
 360 0002 01       		.byte	0x1
 361 0003 25       		.uleb128 0x25
 362 0004 0E       		.uleb128 0xe
 363 0005 13       		.uleb128 0x13
 364 0006 0B       		.uleb128 0xb
 365 0007 03       		.uleb128 0x3
 366 0008 0E       		.uleb128 0xe
 367 0009 1B       		.uleb128 0x1b
 368 000a 0E       		.uleb128 0xe
 369 000b 55       		.uleb128 0x55
 370 000c 17       		.uleb128 0x17
 371 000d 11       		.uleb128 0x11
 372 000e 01       		.uleb128 0x1
 373 000f 10       		.uleb128 0x10
 374 0010 17       		.uleb128 0x17
 375 0011 00       		.byte	0
 376 0012 00       		.byte	0
 377 0013 02       		.uleb128 0x2
 378 0014 24       		.uleb128 0x24
 379 0015 00       		.byte	0
 380 0016 0B       		.uleb128 0xb
 381 0017 0B       		.uleb128 0xb
ARM GAS  C:\Users\HARLOW~1\AppData\Local\Temp\ccuaMlob.s 			page 10


 382 0018 3E       		.uleb128 0x3e
 383 0019 0B       		.uleb128 0xb
 384 001a 03       		.uleb128 0x3
 385 001b 0E       		.uleb128 0xe
 386 001c 00       		.byte	0
 387 001d 00       		.byte	0
 388 001e 03       		.uleb128 0x3
 389 001f 24       		.uleb128 0x24
 390 0020 00       		.byte	0
 391 0021 0B       		.uleb128 0xb
 392 0022 0B       		.uleb128 0xb
 393 0023 3E       		.uleb128 0x3e
 394 0024 0B       		.uleb128 0xb
 395 0025 03       		.uleb128 0x3
 396 0026 08       		.uleb128 0x8
 397 0027 00       		.byte	0
 398 0028 00       		.byte	0
 399 0029 04       		.uleb128 0x4
 400 002a 16       		.uleb128 0x16
 401 002b 00       		.byte	0
 402 002c 03       		.uleb128 0x3
 403 002d 0E       		.uleb128 0xe
 404 002e 3A       		.uleb128 0x3a
 405 002f 0B       		.uleb128 0xb
 406 0030 3B       		.uleb128 0x3b
 407 0031 05       		.uleb128 0x5
 408 0032 49       		.uleb128 0x49
 409 0033 13       		.uleb128 0x13
 410 0034 00       		.byte	0
 411 0035 00       		.byte	0
 412 0036 05       		.uleb128 0x5
 413 0037 35       		.uleb128 0x35
 414 0038 00       		.byte	0
 415 0039 49       		.uleb128 0x49
 416 003a 13       		.uleb128 0x13
 417 003b 00       		.byte	0
 418 003c 00       		.byte	0
 419 003d 06       		.uleb128 0x6
 420 003e 2E       		.uleb128 0x2e
 421 003f 00       		.byte	0
 422 0040 3F       		.uleb128 0x3f
 423 0041 19       		.uleb128 0x19
 424 0042 03       		.uleb128 0x3
 425 0043 0E       		.uleb128 0xe
 426 0044 3A       		.uleb128 0x3a
 427 0045 0B       		.uleb128 0xb
 428 0046 3B       		.uleb128 0x3b
 429 0047 0B       		.uleb128 0xb
 430 0048 27       		.uleb128 0x27
 431 0049 19       		.uleb128 0x19
 432 004a 49       		.uleb128 0x49
 433 004b 13       		.uleb128 0x13
 434 004c 11       		.uleb128 0x11
 435 004d 01       		.uleb128 0x1
 436 004e 12       		.uleb128 0x12
 437 004f 06       		.uleb128 0x6
 438 0050 40       		.uleb128 0x40
ARM GAS  C:\Users\HARLOW~1\AppData\Local\Temp\ccuaMlob.s 			page 11


 439 0051 18       		.uleb128 0x18
 440 0052 9742     		.uleb128 0x2117
 441 0054 19       		.uleb128 0x19
 442 0055 00       		.byte	0
 443 0056 00       		.byte	0
 444 0057 07       		.uleb128 0x7
 445 0058 2E       		.uleb128 0x2e
 446 0059 01       		.byte	0x1
 447 005a 3F       		.uleb128 0x3f
 448 005b 19       		.uleb128 0x19
 449 005c 03       		.uleb128 0x3
 450 005d 0E       		.uleb128 0xe
 451 005e 3A       		.uleb128 0x3a
 452 005f 0B       		.uleb128 0xb
 453 0060 3B       		.uleb128 0x3b
 454 0061 0B       		.uleb128 0xb
 455 0062 27       		.uleb128 0x27
 456 0063 19       		.uleb128 0x19
 457 0064 11       		.uleb128 0x11
 458 0065 01       		.uleb128 0x1
 459 0066 12       		.uleb128 0x12
 460 0067 06       		.uleb128 0x6
 461 0068 40       		.uleb128 0x40
 462 0069 18       		.uleb128 0x18
 463 006a 9742     		.uleb128 0x2117
 464 006c 19       		.uleb128 0x19
 465 006d 01       		.uleb128 0x1
 466 006e 13       		.uleb128 0x13
 467 006f 00       		.byte	0
 468 0070 00       		.byte	0
 469 0071 08       		.uleb128 0x8
 470 0072 34       		.uleb128 0x34
 471 0073 00       		.byte	0
 472 0074 03       		.uleb128 0x3
 473 0075 0E       		.uleb128 0xe
 474 0076 3A       		.uleb128 0x3a
 475 0077 0B       		.uleb128 0xb
 476 0078 3B       		.uleb128 0x3b
 477 0079 0B       		.uleb128 0xb
 478 007a 49       		.uleb128 0x49
 479 007b 13       		.uleb128 0x13
 480 007c 02       		.uleb128 0x2
 481 007d 17       		.uleb128 0x17
 482 007e 00       		.byte	0
 483 007f 00       		.byte	0
 484 0080 09       		.uleb128 0x9
 485 0081 898201   		.uleb128 0x4109
 486 0084 00       		.byte	0
 487 0085 11       		.uleb128 0x11
 488 0086 01       		.uleb128 0x1
 489 0087 31       		.uleb128 0x31
 490 0088 13       		.uleb128 0x13
 491 0089 00       		.byte	0
 492 008a 00       		.byte	0
 493 008b 0A       		.uleb128 0xa
 494 008c 898201   		.uleb128 0x4109
 495 008f 00       		.byte	0
ARM GAS  C:\Users\HARLOW~1\AppData\Local\Temp\ccuaMlob.s 			page 12


 496 0090 11       		.uleb128 0x11
 497 0091 01       		.uleb128 0x1
 498 0092 9542     		.uleb128 0x2115
 499 0094 19       		.uleb128 0x19
 500 0095 31       		.uleb128 0x31
 501 0096 13       		.uleb128 0x13
 502 0097 00       		.byte	0
 503 0098 00       		.byte	0
 504 0099 0B       		.uleb128 0xb
 505 009a 05       		.uleb128 0x5
 506 009b 00       		.byte	0
 507 009c 03       		.uleb128 0x3
 508 009d 0E       		.uleb128 0xe
 509 009e 3A       		.uleb128 0x3a
 510 009f 0B       		.uleb128 0xb
 511 00a0 3B       		.uleb128 0x3b
 512 00a1 0B       		.uleb128 0xb
 513 00a2 49       		.uleb128 0x49
 514 00a3 13       		.uleb128 0x13
 515 00a4 02       		.uleb128 0x2
 516 00a5 17       		.uleb128 0x17
 517 00a6 00       		.byte	0
 518 00a7 00       		.byte	0
 519 00a8 0C       		.uleb128 0xc
 520 00a9 2E       		.uleb128 0x2e
 521 00aa 00       		.byte	0
 522 00ab 3F       		.uleb128 0x3f
 523 00ac 19       		.uleb128 0x19
 524 00ad 3C       		.uleb128 0x3c
 525 00ae 19       		.uleb128 0x19
 526 00af 6E       		.uleb128 0x6e
 527 00b0 0E       		.uleb128 0xe
 528 00b1 03       		.uleb128 0x3
 529 00b2 0E       		.uleb128 0xe
 530 00b3 3A       		.uleb128 0x3a
 531 00b4 0B       		.uleb128 0xb
 532 00b5 3B       		.uleb128 0x3b
 533 00b6 0B       		.uleb128 0xb
 534 00b7 00       		.byte	0
 535 00b8 00       		.byte	0
 536 00b9 00       		.byte	0
 537              		.section	.debug_loc,"",%progbits
 538              	.Ldebug_loc0:
 539              	.LLST0:
 540 0000 06000000 		.4byte	.LVL0
 541 0004 17000000 		.4byte	.LVL1-1
 542 0008 0100     		.2byte	0x1
 543 000a 50       		.byte	0x50
 544 000b 00000000 		.4byte	0
 545 000f 00000000 		.4byte	0
 546              	.LLST1:
 547 0013 06000000 		.4byte	.LVL2
 548 0017 17000000 		.4byte	.LVL3-1
 549 001b 0100     		.2byte	0x1
 550 001d 50       		.byte	0x50
 551 001e 00000000 		.4byte	0
 552 0022 00000000 		.4byte	0
ARM GAS  C:\Users\HARLOW~1\AppData\Local\Temp\ccuaMlob.s 			page 13


 553              	.LLST2:
 554 0026 00000000 		.4byte	.LVL4
 555 002a 06000000 		.4byte	.LVL5
 556 002e 0100     		.2byte	0x1
 557 0030 50       		.byte	0x50
 558 0031 06000000 		.4byte	.LVL5
 559 0035 10000000 		.4byte	.LFE3
 560 0039 0100     		.2byte	0x1
 561 003b 50       		.byte	0x50
 562 003c 00000000 		.4byte	0
 563 0040 00000000 		.4byte	0
 564              		.section	.debug_aranges,"",%progbits
 565 0000 3C000000 		.4byte	0x3c
 566 0004 0200     		.2byte	0x2
 567 0006 00000000 		.4byte	.Ldebug_info0
 568 000a 04       		.byte	0x4
 569 000b 00       		.byte	0
 570 000c 0000     		.2byte	0
 571 000e 0000     		.2byte	0
 572 0010 00000000 		.4byte	.LFB0
 573 0014 0C000000 		.4byte	.LFE0-.LFB0
 574 0018 00000000 		.4byte	.LFB1
 575 001c 1C000000 		.4byte	.LFE1-.LFB1
 576 0020 00000000 		.4byte	.LFB2
 577 0024 1C000000 		.4byte	.LFE2-.LFB2
 578 0028 00000000 		.4byte	.LFB3
 579 002c 10000000 		.4byte	.LFE3-.LFB3
 580 0030 00000000 		.4byte	.LFB4
 581 0034 0C000000 		.4byte	.LFE4-.LFB4
 582 0038 00000000 		.4byte	0
 583 003c 00000000 		.4byte	0
 584              		.section	.debug_ranges,"",%progbits
 585              	.Ldebug_ranges0:
 586 0000 00000000 		.4byte	.LFB0
 587 0004 0C000000 		.4byte	.LFE0
 588 0008 00000000 		.4byte	.LFB1
 589 000c 1C000000 		.4byte	.LFE1
 590 0010 00000000 		.4byte	.LFB2
 591 0014 1C000000 		.4byte	.LFE2
 592 0018 00000000 		.4byte	.LFB3
 593 001c 10000000 		.4byte	.LFE3
 594 0020 00000000 		.4byte	.LFB4
 595 0024 0C000000 		.4byte	.LFE4
 596 0028 00000000 		.4byte	0
 597 002c 00000000 		.4byte	0
 598              		.section	.debug_line,"",%progbits
 599              	.Ldebug_line0:
 600 0000 B7000000 		.section	.debug_str,"MS",%progbits,1
 600      02005400 
 600      00000201 
 600      FB0E0D00 
 600      01010101 
 601              	.LASF6:
 602 0000 6C6F6E67 		.ascii	"long long int\000"
 602      206C6F6E 
 602      6720696E 
 602      7400
ARM GAS  C:\Users\HARLOW~1\AppData\Local\Temp\ccuaMlob.s 			page 14


 603              	.LASF3:
 604 000e 73686F72 		.ascii	"short unsigned int\000"
 604      7420756E 
 604      7369676E 
 604      65642069 
 604      6E7400
 605              	.LASF8:
 606 0021 756E7369 		.ascii	"unsigned int\000"
 606      676E6564 
 606      20696E74 
 606      00
 607              	.LASF26:
 608 002e 433A5C55 		.ascii	"C:\\Users\\harlow2016\\Documents\\PSOC_Designs\\Rpi"
 608      73657273 
 608      5C686172 
 608      6C6F7732 
 608      3031365C 
 609 005c 4D49425C 		.ascii	"MIB\\Number3.cydsn\000"
 609      4E756D62 
 609      6572332E 
 609      63796473 
 609      6E00
 610              	.LASF21:
 611 006e 53746174 		.ascii	"Status_Reg_1_ReadMask\000"
 611      75735F52 
 611      65675F31 
 611      5F526561 
 611      644D6173 
 612              	.LASF20:
 613 0084 53746174 		.ascii	"Status_Reg_1_Read\000"
 613      75735F52 
 613      65675F31 
 613      5F526561 
 613      6400
 614              	.LASF22:
 615 0096 4379456E 		.ascii	"CyEnterCriticalSection\000"
 615      74657243 
 615      72697469 
 615      63616C53 
 615      65637469 
 616              	.LASF12:
 617 00ad 75696E74 		.ascii	"uint8\000"
 617      3800
 618              	.LASF5:
 619 00b3 6C6F6E67 		.ascii	"long unsigned int\000"
 619      20756E73 
 619      69676E65 
 619      6420696E 
 619      7400
 620              	.LASF17:
 621 00c5 53746174 		.ascii	"Status_Reg_1_InterruptDisable\000"
 621      75735F52 
 621      65675F31 
 621      5F496E74 
 621      65727275 
 622              	.LASF9:
 623 00e3 666C6F61 		.ascii	"float\000"
ARM GAS  C:\Users\HARLOW~1\AppData\Local\Temp\ccuaMlob.s 			page 15


 623      7400
 624              	.LASF27:
 625 00e9 6D61736B 		.ascii	"mask\000"
 625      00
 626              	.LASF7:
 627 00ee 6C6F6E67 		.ascii	"long long unsigned int\000"
 627      206C6F6E 
 627      6720756E 
 627      7369676E 
 627      65642069 
 628              	.LASF1:
 629 0105 756E7369 		.ascii	"unsigned char\000"
 629      676E6564 
 629      20636861 
 629      7200
 630              	.LASF11:
 631 0113 63686172 		.ascii	"char\000"
 631      00
 632              	.LASF4:
 633 0118 6C6F6E67 		.ascii	"long int\000"
 633      20696E74 
 633      00
 634              	.LASF10:
 635 0121 646F7562 		.ascii	"double\000"
 635      6C6500
 636              	.LASF24:
 637 0128 474E5520 		.ascii	"GNU C11 5.4.1 20160609 (release) [ARM/embedded-5-br"
 637      43313120 
 637      352E342E 
 637      31203230 
 637      31363036 
 638 015b 616E6368 		.ascii	"anch revision 237715] -mcpu=cortex-m3 -mthumb -g -O"
 638      20726576 
 638      6973696F 
 638      6E203233 
 638      37373135 
 639 018e 73202D66 		.ascii	"s -ffunction-sections -ffat-lto-objects\000"
 639      66756E63 
 639      74696F6E 
 639      2D736563 
 639      74696F6E 
 640              	.LASF16:
 641 01b6 53746174 		.ascii	"Status_Reg_1_InterruptEnable\000"
 641      75735F52 
 641      65675F31 
 641      5F496E74 
 641      65727275 
 642              	.LASF0:
 643 01d3 7369676E 		.ascii	"signed char\000"
 643      65642063 
 643      68617200 
 644              	.LASF25:
 645 01df 47656E65 		.ascii	"Generated_Source\\PSoC5\\Status_Reg_1.c\000"
 645      72617465 
 645      645F536F 
 645      75726365 
 645      5C50536F 
ARM GAS  C:\Users\HARLOW~1\AppData\Local\Temp\ccuaMlob.s 			page 16


 646              	.LASF23:
 647 0205 43794578 		.ascii	"CyExitCriticalSection\000"
 647      69744372 
 647      69746963 
 647      616C5365 
 647      6374696F 
 648              	.LASF14:
 649 021b 6C6F6E67 		.ascii	"long double\000"
 649      20646F75 
 649      626C6500 
 650              	.LASF19:
 651 0227 53746174 		.ascii	"Status_Reg_1_WriteMask\000"
 651      75735F52 
 651      65675F31 
 651      5F577269 
 651      74654D61 
 652              	.LASF2:
 653 023e 73686F72 		.ascii	"short int\000"
 653      7420696E 
 653      7400
 654              	.LASF13:
 655 0248 72656738 		.ascii	"reg8\000"
 655      00
 656              	.LASF15:
 657 024d 73697A65 		.ascii	"sizetype\000"
 657      74797065 
 657      00
 658              	.LASF18:
 659 0256 696E7465 		.ascii	"interruptState\000"
 659      72727570 
 659      74537461 
 659      746500
 660              		.ident	"GCC: (GNU Tools for ARM Embedded Processors) 5.4.1 20160609 (release) [ARM/embedded-5-bran
