ARM GAS  C:\Users\Joe\AppData\Local\Temp\cct02FxK.s 			page 1


   1              		.syntax unified
   2              		.cpu cortex-m3
   3              		.fpu softvfp
   4              		.eabi_attribute 20, 1
   5              		.eabi_attribute 21, 1
   6              		.eabi_attribute 23, 3
   7              		.eabi_attribute 24, 1
   8              		.eabi_attribute 25, 1
   9              		.eabi_attribute 26, 1
  10              		.eabi_attribute 30, 4
  11              		.eabi_attribute 34, 1
  12              		.eabi_attribute 18, 4
  13              		.thumb
  14              		.syntax unified
  15              		.file	"I2C_1.c"
  16              		.text
  17              	.Ltext0:
  18              		.cfi_sections	.debug_frame
  19              		.section	.text.I2C_1_Init,"ax",%progbits
  20              		.align	1
  21              		.global	I2C_1_Init
  22              		.thumb
  23              		.thumb_func
  24              		.type	I2C_1_Init, %function
  25              	I2C_1_Init:
  26              	.LFB0:
  27              		.file 1 "Generated_Source\\PSoC5\\I2C_1.c"
   1:Generated_Source\PSoC5/I2C_1.c **** /*******************************************************************************
   2:Generated_Source\PSoC5/I2C_1.c **** * File Name: I2C_1.c
   3:Generated_Source\PSoC5/I2C_1.c **** * Version 3.50
   4:Generated_Source\PSoC5/I2C_1.c **** *
   5:Generated_Source\PSoC5/I2C_1.c **** * Description:
   6:Generated_Source\PSoC5/I2C_1.c **** *  This file provides the source code of APIs for the I2C component.
   7:Generated_Source\PSoC5/I2C_1.c **** *  The actual protocol and operation code resides in the interrupt service
   8:Generated_Source\PSoC5/I2C_1.c **** *  routine file.
   9:Generated_Source\PSoC5/I2C_1.c **** *
  10:Generated_Source\PSoC5/I2C_1.c **** *******************************************************************************
  11:Generated_Source\PSoC5/I2C_1.c **** * Copyright 2008-2015, Cypress Semiconductor Corporation. All rights reserved.
  12:Generated_Source\PSoC5/I2C_1.c **** * You may use this file only in accordance with the license, terms, conditions,
  13:Generated_Source\PSoC5/I2C_1.c **** * disclaimers, and limitations in the end user license agreement accompanying
  14:Generated_Source\PSoC5/I2C_1.c **** * the software package with which this file was provided.
  15:Generated_Source\PSoC5/I2C_1.c **** *******************************************************************************/
  16:Generated_Source\PSoC5/I2C_1.c **** 
  17:Generated_Source\PSoC5/I2C_1.c **** #include "I2C_1_PVT.h"
  18:Generated_Source\PSoC5/I2C_1.c **** 
  19:Generated_Source\PSoC5/I2C_1.c **** 
  20:Generated_Source\PSoC5/I2C_1.c **** /**********************************
  21:Generated_Source\PSoC5/I2C_1.c **** *      System variables
  22:Generated_Source\PSoC5/I2C_1.c **** **********************************/
  23:Generated_Source\PSoC5/I2C_1.c **** 
  24:Generated_Source\PSoC5/I2C_1.c **** uint8 I2C_1_initVar = 0u; /* Defines if component was initialized */
  25:Generated_Source\PSoC5/I2C_1.c **** 
  26:Generated_Source\PSoC5/I2C_1.c **** volatile uint8 I2C_1_state;  /* Current state of I2C FSM */
  27:Generated_Source\PSoC5/I2C_1.c **** 
  28:Generated_Source\PSoC5/I2C_1.c **** 
  29:Generated_Source\PSoC5/I2C_1.c **** /*******************************************************************************
  30:Generated_Source\PSoC5/I2C_1.c **** * Function Name: I2C_1_Init
ARM GAS  C:\Users\Joe\AppData\Local\Temp\cct02FxK.s 			page 2


  31:Generated_Source\PSoC5/I2C_1.c **** ********************************************************************************
  32:Generated_Source\PSoC5/I2C_1.c **** *
  33:Generated_Source\PSoC5/I2C_1.c **** * Summary:
  34:Generated_Source\PSoC5/I2C_1.c **** *  Initializes I2C registers with initial values provided from customizer.
  35:Generated_Source\PSoC5/I2C_1.c **** *
  36:Generated_Source\PSoC5/I2C_1.c **** * Parameters:
  37:Generated_Source\PSoC5/I2C_1.c **** *  None.
  38:Generated_Source\PSoC5/I2C_1.c **** *
  39:Generated_Source\PSoC5/I2C_1.c **** * Return:
  40:Generated_Source\PSoC5/I2C_1.c **** *  None.
  41:Generated_Source\PSoC5/I2C_1.c **** *
  42:Generated_Source\PSoC5/I2C_1.c **** * Global variables:
  43:Generated_Source\PSoC5/I2C_1.c **** *  None.
  44:Generated_Source\PSoC5/I2C_1.c **** *
  45:Generated_Source\PSoC5/I2C_1.c **** * Reentrant:
  46:Generated_Source\PSoC5/I2C_1.c **** *  No.
  47:Generated_Source\PSoC5/I2C_1.c **** *
  48:Generated_Source\PSoC5/I2C_1.c **** *******************************************************************************/
  49:Generated_Source\PSoC5/I2C_1.c **** void I2C_1_Init(void) 
  50:Generated_Source\PSoC5/I2C_1.c **** {
  28              		.loc 1 50 0
  29              		.cfi_startproc
  30              		@ args = 0, pretend = 0, frame = 0
  31              		@ frame_needed = 0, uses_anonymous_args = 0
  32 0000 38B5     		push	{r3, r4, r5, lr}
  33              		.cfi_def_cfa_offset 16
  34              		.cfi_offset 3, -16
  35              		.cfi_offset 4, -12
  36              		.cfi_offset 5, -8
  37              		.cfi_offset 14, -4
  51:Generated_Source\PSoC5/I2C_1.c **** #if (I2C_1_FF_IMPLEMENTED)
  52:Generated_Source\PSoC5/I2C_1.c ****     /* Configure fixed function block */
  53:Generated_Source\PSoC5/I2C_1.c ****     I2C_1_CFG_REG  = I2C_1_DEFAULT_CFG;
  54:Generated_Source\PSoC5/I2C_1.c ****     I2C_1_XCFG_REG = I2C_1_DEFAULT_XCFG;
  55:Generated_Source\PSoC5/I2C_1.c ****     I2C_1_ADDR_REG = I2C_1_DEFAULT_ADDR;
  56:Generated_Source\PSoC5/I2C_1.c ****     I2C_1_CLKDIV1_REG = LO8(I2C_1_DEFAULT_DIVIDE_FACTOR);
  57:Generated_Source\PSoC5/I2C_1.c ****     I2C_1_CLKDIV2_REG = HI8(I2C_1_DEFAULT_DIVIDE_FACTOR);
  58:Generated_Source\PSoC5/I2C_1.c **** 
  59:Generated_Source\PSoC5/I2C_1.c **** #else
  60:Generated_Source\PSoC5/I2C_1.c ****     uint8 intState;
  61:Generated_Source\PSoC5/I2C_1.c **** 
  62:Generated_Source\PSoC5/I2C_1.c ****     /* Configure control and interrupt sources */
  63:Generated_Source\PSoC5/I2C_1.c ****     I2C_1_CFG_REG      = I2C_1_DEFAULT_CFG;
  38              		.loc 1 63 0
  39 0002 134B     		ldr	r3, .L2
  40 0004 0024     		movs	r4, #0
  64:Generated_Source\PSoC5/I2C_1.c ****     I2C_1_INT_MASK_REG = I2C_1_DEFAULT_INT_MASK;
  41              		.loc 1 64 0
  42 0006 0125     		movs	r5, #1
  63:Generated_Source\PSoC5/I2C_1.c ****     I2C_1_INT_MASK_REG = I2C_1_DEFAULT_INT_MASK;
  43              		.loc 1 63 0
  44 0008 1C70     		strb	r4, [r3]
  45              		.loc 1 64 0
  46 000a 1D74     		strb	r5, [r3, #16]
  65:Generated_Source\PSoC5/I2C_1.c **** 
  66:Generated_Source\PSoC5/I2C_1.c ****     /* Enable interrupt generation in status */
  67:Generated_Source\PSoC5/I2C_1.c ****     intState = CyEnterCriticalSection();
ARM GAS  C:\Users\Joe\AppData\Local\Temp\cct02FxK.s 			page 3


  47              		.loc 1 67 0
  48 000c FFF7FEFF 		bl	CyEnterCriticalSection
  49              	.LVL0:
  68:Generated_Source\PSoC5/I2C_1.c ****     I2C_1_INT_ENABLE_REG |= I2C_1_INTR_ENABLE;
  50              		.loc 1 68 0
  51 0010 104A     		ldr	r2, .L2+4
  52 0012 1378     		ldrb	r3, [r2]	@ zero_extendqisi2
  53 0014 43F01003 		orr	r3, r3, #16
  54 0018 1370     		strb	r3, [r2]
  69:Generated_Source\PSoC5/I2C_1.c ****     CyExitCriticalSection(intState);
  55              		.loc 1 69 0
  56 001a FFF7FEFF 		bl	CyExitCriticalSection
  57              	.LVL1:
  70:Generated_Source\PSoC5/I2C_1.c **** 
  71:Generated_Source\PSoC5/I2C_1.c ****     /* Configure bit counter */
  72:Generated_Source\PSoC5/I2C_1.c ****     #if (I2C_1_MODE_SLAVE_ENABLED)
  73:Generated_Source\PSoC5/I2C_1.c ****         I2C_1_PERIOD_REG = I2C_1_DEFAULT_PERIOD;
  74:Generated_Source\PSoC5/I2C_1.c ****     #endif  /* (I2C_1_MODE_SLAVE_ENABLED) */
  75:Generated_Source\PSoC5/I2C_1.c **** 
  76:Generated_Source\PSoC5/I2C_1.c ****     /* Configure clock generator */
  77:Generated_Source\PSoC5/I2C_1.c ****     #if (I2C_1_MODE_MASTER_ENABLED)
  78:Generated_Source\PSoC5/I2C_1.c ****         I2C_1_MCLK_PRD_REG = I2C_1_DEFAULT_MCLK_PRD;
  58              		.loc 1 78 0
  59 001e 0E4B     		ldr	r3, .L2+8
  60 0020 0F22     		movs	r2, #15
  61 0022 1A70     		strb	r2, [r3]
  79:Generated_Source\PSoC5/I2C_1.c ****         I2C_1_MCLK_CMP_REG = I2C_1_DEFAULT_MCLK_CMP;
  62              		.loc 1 79 0
  63 0024 0822     		movs	r2, #8
  64 0026 1A74     		strb	r2, [r3, #16]
  80:Generated_Source\PSoC5/I2C_1.c ****     #endif /* (I2C_1_MODE_MASTER_ENABLED) */
  81:Generated_Source\PSoC5/I2C_1.c **** #endif /* (I2C_1_FF_IMPLEMENTED) */
  82:Generated_Source\PSoC5/I2C_1.c **** 
  83:Generated_Source\PSoC5/I2C_1.c **** #if (I2C_1_TIMEOUT_ENABLED)
  84:Generated_Source\PSoC5/I2C_1.c ****     I2C_1_TimeoutInit();
  85:Generated_Source\PSoC5/I2C_1.c **** #endif /* (I2C_1_TIMEOUT_ENABLED) */
  86:Generated_Source\PSoC5/I2C_1.c **** 
  87:Generated_Source\PSoC5/I2C_1.c ****     /* Configure internal interrupt */
  88:Generated_Source\PSoC5/I2C_1.c ****     CyIntDisable    (I2C_1_ISR_NUMBER);
  65              		.loc 1 88 0
  66 0028 0C4B     		ldr	r3, .L2+12
  89:Generated_Source\PSoC5/I2C_1.c ****     CyIntSetPriority(I2C_1_ISR_NUMBER, I2C_1_ISR_PRIORITY);
  67              		.loc 1 89 0
  68 002a 0721     		movs	r1, #7
  88:Generated_Source\PSoC5/I2C_1.c ****     CyIntSetPriority(I2C_1_ISR_NUMBER, I2C_1_ISR_PRIORITY);
  69              		.loc 1 88 0
  70 002c 1D60     		str	r5, [r3]
  71              		.loc 1 89 0
  72 002e 2046     		mov	r0, r4
  73 0030 FFF7FEFF 		bl	CyIntSetPriority
  74              	.LVL2:
  90:Generated_Source\PSoC5/I2C_1.c ****     #if (I2C_1_INTERN_I2C_INTR_HANDLER)
  91:Generated_Source\PSoC5/I2C_1.c ****         (void) CyIntSetVector(I2C_1_ISR_NUMBER, &I2C_1_ISR);
  75              		.loc 1 91 0
  76 0034 0A49     		ldr	r1, .L2+16
  77 0036 2046     		mov	r0, r4
  78 0038 FFF7FEFF 		bl	CyIntSetVector
ARM GAS  C:\Users\Joe\AppData\Local\Temp\cct02FxK.s 			page 4


  79              	.LVL3:
  92:Generated_Source\PSoC5/I2C_1.c ****     #endif /* (I2C_1_INTERN_I2C_INTR_HANDLER) */
  93:Generated_Source\PSoC5/I2C_1.c **** 
  94:Generated_Source\PSoC5/I2C_1.c ****     /* Set FSM to default state */
  95:Generated_Source\PSoC5/I2C_1.c ****     I2C_1_state = I2C_1_SM_IDLE;
  80              		.loc 1 95 0
  81 003c 094B     		ldr	r3, .L2+20
  82 003e 1022     		movs	r2, #16
  83 0040 1A70     		strb	r2, [r3]
  96:Generated_Source\PSoC5/I2C_1.c **** 
  97:Generated_Source\PSoC5/I2C_1.c **** #if (I2C_1_MODE_SLAVE_ENABLED)
  98:Generated_Source\PSoC5/I2C_1.c ****     /* Clear status and buffers index */
  99:Generated_Source\PSoC5/I2C_1.c ****     I2C_1_slStatus = 0u;
 100:Generated_Source\PSoC5/I2C_1.c ****     I2C_1_slRdBufIndex = 0u;
 101:Generated_Source\PSoC5/I2C_1.c ****     I2C_1_slWrBufIndex = 0u;
 102:Generated_Source\PSoC5/I2C_1.c **** 
 103:Generated_Source\PSoC5/I2C_1.c ****     /* Configure matched address */
 104:Generated_Source\PSoC5/I2C_1.c ****     I2C_1_SlaveSetAddress(I2C_1_DEFAULT_ADDR);
 105:Generated_Source\PSoC5/I2C_1.c **** #endif /* (I2C_1_MODE_SLAVE_ENABLED) */
 106:Generated_Source\PSoC5/I2C_1.c **** 
 107:Generated_Source\PSoC5/I2C_1.c **** #if (I2C_1_MODE_MASTER_ENABLED)
 108:Generated_Source\PSoC5/I2C_1.c ****     /* Clear status and buffers index */
 109:Generated_Source\PSoC5/I2C_1.c ****     I2C_1_mstrStatus = 0u;
  84              		.loc 1 109 0
  85 0042 094B     		ldr	r3, .L2+24
  86 0044 1C70     		strb	r4, [r3]
 110:Generated_Source\PSoC5/I2C_1.c ****     I2C_1_mstrRdBufIndex = 0u;
  87              		.loc 1 110 0
  88 0046 094B     		ldr	r3, .L2+28
  89 0048 1C70     		strb	r4, [r3]
 111:Generated_Source\PSoC5/I2C_1.c ****     I2C_1_mstrWrBufIndex = 0u;
  90              		.loc 1 111 0
  91 004a 094B     		ldr	r3, .L2+32
  92 004c 1C70     		strb	r4, [r3]
  93 004e 38BD     		pop	{r3, r4, r5, pc}
  94              	.L3:
  95              		.align	2
  96              	.L2:
  97 0050 75640040 		.word	1073767541
  98 0054 95640040 		.word	1073767573
  99 0058 27650040 		.word	1073767719
 100 005c 80E100E0 		.word	-536813184
 101 0060 00000000 		.word	I2C_1_ISR
 102 0064 00000000 		.word	I2C_1_state
 103 0068 00000000 		.word	I2C_1_mstrStatus
 104 006c 00000000 		.word	I2C_1_mstrRdBufIndex
 105 0070 00000000 		.word	I2C_1_mstrWrBufIndex
 106              		.cfi_endproc
 107              	.LFE0:
 108              		.size	I2C_1_Init, .-I2C_1_Init
 109              		.section	.text.I2C_1_Enable,"ax",%progbits
 110              		.align	1
 111              		.global	I2C_1_Enable
 112              		.thumb
 113              		.thumb_func
 114              		.type	I2C_1_Enable, %function
 115              	I2C_1_Enable:
ARM GAS  C:\Users\Joe\AppData\Local\Temp\cct02FxK.s 			page 5


 116              	.LFB1:
 112:Generated_Source\PSoC5/I2C_1.c **** #endif /* (I2C_1_MODE_MASTER_ENABLED) */
 113:Generated_Source\PSoC5/I2C_1.c **** }
 114:Generated_Source\PSoC5/I2C_1.c **** 
 115:Generated_Source\PSoC5/I2C_1.c **** 
 116:Generated_Source\PSoC5/I2C_1.c **** /*******************************************************************************
 117:Generated_Source\PSoC5/I2C_1.c **** * Function Name: I2C_1_Enable
 118:Generated_Source\PSoC5/I2C_1.c **** ********************************************************************************
 119:Generated_Source\PSoC5/I2C_1.c **** *
 120:Generated_Source\PSoC5/I2C_1.c **** * Summary:
 121:Generated_Source\PSoC5/I2C_1.c **** *  Enables I2C operations.
 122:Generated_Source\PSoC5/I2C_1.c **** *
 123:Generated_Source\PSoC5/I2C_1.c **** * Parameters:
 124:Generated_Source\PSoC5/I2C_1.c **** *  None.
 125:Generated_Source\PSoC5/I2C_1.c **** *
 126:Generated_Source\PSoC5/I2C_1.c **** * Return:
 127:Generated_Source\PSoC5/I2C_1.c **** *  None.
 128:Generated_Source\PSoC5/I2C_1.c **** *
 129:Generated_Source\PSoC5/I2C_1.c **** * Global variables:
 130:Generated_Source\PSoC5/I2C_1.c **** *  None.
 131:Generated_Source\PSoC5/I2C_1.c **** *
 132:Generated_Source\PSoC5/I2C_1.c **** *******************************************************************************/
 133:Generated_Source\PSoC5/I2C_1.c **** void I2C_1_Enable(void) 
 134:Generated_Source\PSoC5/I2C_1.c **** {
 117              		.loc 1 134 0
 118              		.cfi_startproc
 119              		@ args = 0, pretend = 0, frame = 0
 120              		@ frame_needed = 0, uses_anonymous_args = 0
 121              		@ link register save eliminated.
 135:Generated_Source\PSoC5/I2C_1.c **** #if (I2C_1_FF_IMPLEMENTED)
 136:Generated_Source\PSoC5/I2C_1.c ****     uint8 intState;
 137:Generated_Source\PSoC5/I2C_1.c **** 
 138:Generated_Source\PSoC5/I2C_1.c ****     /* Enable power to block */
 139:Generated_Source\PSoC5/I2C_1.c ****     intState = CyEnterCriticalSection();
 140:Generated_Source\PSoC5/I2C_1.c ****     I2C_1_ACT_PWRMGR_REG  |= I2C_1_ACT_PWR_EN;
 141:Generated_Source\PSoC5/I2C_1.c ****     I2C_1_STBY_PWRMGR_REG |= I2C_1_STBY_PWR_EN;
 142:Generated_Source\PSoC5/I2C_1.c ****     CyExitCriticalSection(intState);
 143:Generated_Source\PSoC5/I2C_1.c **** #else
 144:Generated_Source\PSoC5/I2C_1.c ****     #if (I2C_1_MODE_SLAVE_ENABLED)
 145:Generated_Source\PSoC5/I2C_1.c ****         /* Enable bit counter */
 146:Generated_Source\PSoC5/I2C_1.c ****         uint8 intState = CyEnterCriticalSection();
 147:Generated_Source\PSoC5/I2C_1.c ****         I2C_1_COUNTER_AUX_CTL_REG |= I2C_1_CNT7_ENABLE;
 148:Generated_Source\PSoC5/I2C_1.c ****         CyExitCriticalSection(intState);
 149:Generated_Source\PSoC5/I2C_1.c ****     #endif /* (I2C_1_MODE_SLAVE_ENABLED) */
 150:Generated_Source\PSoC5/I2C_1.c **** 
 151:Generated_Source\PSoC5/I2C_1.c ****     /* Enable slave or master bits */
 152:Generated_Source\PSoC5/I2C_1.c ****     I2C_1_CFG_REG |= I2C_1_ENABLE_MS;
 122              		.loc 1 152 0
 123 0000 024A     		ldr	r2, .L5
 124 0002 1378     		ldrb	r3, [r2]	@ zero_extendqisi2
 125 0004 43F00203 		orr	r3, r3, #2
 126 0008 1370     		strb	r3, [r2]
 127 000a 7047     		bx	lr
 128              	.L6:
 129              		.align	2
 130              	.L5:
 131 000c 75640040 		.word	1073767541
ARM GAS  C:\Users\Joe\AppData\Local\Temp\cct02FxK.s 			page 6


 132              		.cfi_endproc
 133              	.LFE1:
 134              		.size	I2C_1_Enable, .-I2C_1_Enable
 135              		.section	.text.I2C_1_Start,"ax",%progbits
 136              		.align	1
 137              		.global	I2C_1_Start
 138              		.thumb
 139              		.thumb_func
 140              		.type	I2C_1_Start, %function
 141              	I2C_1_Start:
 142              	.LFB2:
 153:Generated_Source\PSoC5/I2C_1.c **** #endif /* (I2C_1_FF_IMPLEMENTED) */
 154:Generated_Source\PSoC5/I2C_1.c **** 
 155:Generated_Source\PSoC5/I2C_1.c **** #if (I2C_1_TIMEOUT_ENABLED)
 156:Generated_Source\PSoC5/I2C_1.c ****     I2C_1_TimeoutEnable();
 157:Generated_Source\PSoC5/I2C_1.c **** #endif /* (I2C_1_TIMEOUT_ENABLED) */
 158:Generated_Source\PSoC5/I2C_1.c **** }
 159:Generated_Source\PSoC5/I2C_1.c **** 
 160:Generated_Source\PSoC5/I2C_1.c **** 
 161:Generated_Source\PSoC5/I2C_1.c **** /*******************************************************************************
 162:Generated_Source\PSoC5/I2C_1.c **** * Function Name: I2C_1_Start
 163:Generated_Source\PSoC5/I2C_1.c **** ********************************************************************************
 164:Generated_Source\PSoC5/I2C_1.c **** *
 165:Generated_Source\PSoC5/I2C_1.c **** * Summary:
 166:Generated_Source\PSoC5/I2C_1.c **** *  Starts the I2C hardware. Enables Active mode power template bits or clock
 167:Generated_Source\PSoC5/I2C_1.c **** *  gating as appropriate. It is required to be executed before I2C bus
 168:Generated_Source\PSoC5/I2C_1.c **** *  operation.
 169:Generated_Source\PSoC5/I2C_1.c **** *
 170:Generated_Source\PSoC5/I2C_1.c **** * Parameters:
 171:Generated_Source\PSoC5/I2C_1.c **** *  None.
 172:Generated_Source\PSoC5/I2C_1.c **** *
 173:Generated_Source\PSoC5/I2C_1.c **** * Return:
 174:Generated_Source\PSoC5/I2C_1.c **** *  None.
 175:Generated_Source\PSoC5/I2C_1.c **** *
 176:Generated_Source\PSoC5/I2C_1.c **** * Side Effects:
 177:Generated_Source\PSoC5/I2C_1.c **** *  This component automatically enables its interrupt.  If I2C is enabled !
 178:Generated_Source\PSoC5/I2C_1.c **** *  without the interrupt enabled, it can lock up the I2C bus.
 179:Generated_Source\PSoC5/I2C_1.c **** *
 180:Generated_Source\PSoC5/I2C_1.c **** * Global variables:
 181:Generated_Source\PSoC5/I2C_1.c **** *  I2C_1_initVar - This variable is used to check the initial
 182:Generated_Source\PSoC5/I2C_1.c **** *                             configuration, modified on the first
 183:Generated_Source\PSoC5/I2C_1.c **** *                             function call.
 184:Generated_Source\PSoC5/I2C_1.c **** *
 185:Generated_Source\PSoC5/I2C_1.c **** * Reentrant:
 186:Generated_Source\PSoC5/I2C_1.c **** *  No.
 187:Generated_Source\PSoC5/I2C_1.c **** *
 188:Generated_Source\PSoC5/I2C_1.c **** *******************************************************************************/
 189:Generated_Source\PSoC5/I2C_1.c **** void I2C_1_Start(void) 
 190:Generated_Source\PSoC5/I2C_1.c **** {
 143              		.loc 1 190 0
 144              		.cfi_startproc
 145              		@ args = 0, pretend = 0, frame = 0
 146              		@ frame_needed = 0, uses_anonymous_args = 0
 147 0000 10B5     		push	{r4, lr}
 148              		.cfi_def_cfa_offset 8
 149              		.cfi_offset 4, -8
 150              		.cfi_offset 14, -4
ARM GAS  C:\Users\Joe\AppData\Local\Temp\cct02FxK.s 			page 7


 191:Generated_Source\PSoC5/I2C_1.c ****     if (0u == I2C_1_initVar)
 151              		.loc 1 191 0
 152 0002 064C     		ldr	r4, .L10
 153 0004 2378     		ldrb	r3, [r4]	@ zero_extendqisi2
 154 0006 1BB9     		cbnz	r3, .L8
 192:Generated_Source\PSoC5/I2C_1.c ****     {
 193:Generated_Source\PSoC5/I2C_1.c ****         I2C_1_Init();
 155              		.loc 1 193 0
 156 0008 FFF7FEFF 		bl	I2C_1_Init
 157              	.LVL4:
 194:Generated_Source\PSoC5/I2C_1.c ****         I2C_1_initVar = 1u; /* Component initialized */
 158              		.loc 1 194 0
 159 000c 0123     		movs	r3, #1
 160 000e 2370     		strb	r3, [r4]
 161              	.L8:
 195:Generated_Source\PSoC5/I2C_1.c ****     }
 196:Generated_Source\PSoC5/I2C_1.c **** 
 197:Generated_Source\PSoC5/I2C_1.c ****     I2C_1_Enable();
 162              		.loc 1 197 0
 163 0010 FFF7FEFF 		bl	I2C_1_Enable
 164              	.LVL5:
 198:Generated_Source\PSoC5/I2C_1.c ****     I2C_1_EnableInt();
 165              		.loc 1 198 0
 166 0014 024B     		ldr	r3, .L10+4
 167 0016 0122     		movs	r2, #1
 168 0018 1A60     		str	r2, [r3]
 169 001a 10BD     		pop	{r4, pc}
 170              	.L11:
 171              		.align	2
 172              	.L10:
 173 001c 00000000 		.word	.LANCHOR0
 174 0020 00E100E0 		.word	-536813312
 175              		.cfi_endproc
 176              	.LFE2:
 177              		.size	I2C_1_Start, .-I2C_1_Start
 178              		.section	.text.I2C_1_Stop,"ax",%progbits
 179              		.align	1
 180              		.global	I2C_1_Stop
 181              		.thumb
 182              		.thumb_func
 183              		.type	I2C_1_Stop, %function
 184              	I2C_1_Stop:
 185              	.LFB3:
 199:Generated_Source\PSoC5/I2C_1.c **** }
 200:Generated_Source\PSoC5/I2C_1.c **** 
 201:Generated_Source\PSoC5/I2C_1.c **** 
 202:Generated_Source\PSoC5/I2C_1.c **** /*******************************************************************************
 203:Generated_Source\PSoC5/I2C_1.c **** * Function Name: I2C_1_Stop
 204:Generated_Source\PSoC5/I2C_1.c **** ********************************************************************************
 205:Generated_Source\PSoC5/I2C_1.c **** *
 206:Generated_Source\PSoC5/I2C_1.c **** * Summary:
 207:Generated_Source\PSoC5/I2C_1.c **** *  Disables I2C hardware and disables I2C interrupt. Disables Active mode power
 208:Generated_Source\PSoC5/I2C_1.c **** *  template bits or clock gating as appropriate.
 209:Generated_Source\PSoC5/I2C_1.c **** *
 210:Generated_Source\PSoC5/I2C_1.c **** * Parameters:
 211:Generated_Source\PSoC5/I2C_1.c **** *  None.
 212:Generated_Source\PSoC5/I2C_1.c **** *
ARM GAS  C:\Users\Joe\AppData\Local\Temp\cct02FxK.s 			page 8


 213:Generated_Source\PSoC5/I2C_1.c **** * Return:
 214:Generated_Source\PSoC5/I2C_1.c **** *  None.
 215:Generated_Source\PSoC5/I2C_1.c **** *
 216:Generated_Source\PSoC5/I2C_1.c **** *******************************************************************************/
 217:Generated_Source\PSoC5/I2C_1.c **** void I2C_1_Stop(void) 
 218:Generated_Source\PSoC5/I2C_1.c **** {
 186              		.loc 1 218 0
 187              		.cfi_startproc
 188              		@ args = 0, pretend = 0, frame = 0
 189              		@ frame_needed = 0, uses_anonymous_args = 0
 190              		@ link register save eliminated.
 219:Generated_Source\PSoC5/I2C_1.c ****     I2C_1_DisableInt();
 191              		.loc 1 219 0
 192 0000 094B     		ldr	r3, .L13
 220:Generated_Source\PSoC5/I2C_1.c **** 
 221:Generated_Source\PSoC5/I2C_1.c **** #if (I2C_1_TIMEOUT_ENABLED)
 222:Generated_Source\PSoC5/I2C_1.c ****     I2C_1_TimeoutStop();
 223:Generated_Source\PSoC5/I2C_1.c **** #endif  /* End (I2C_1_TIMEOUT_ENABLED) */
 224:Generated_Source\PSoC5/I2C_1.c **** 
 225:Generated_Source\PSoC5/I2C_1.c **** #if (I2C_1_FF_IMPLEMENTED)
 226:Generated_Source\PSoC5/I2C_1.c ****     {
 227:Generated_Source\PSoC5/I2C_1.c ****         uint8 intState;
 228:Generated_Source\PSoC5/I2C_1.c ****         uint16 blockResetCycles;
 229:Generated_Source\PSoC5/I2C_1.c **** 
 230:Generated_Source\PSoC5/I2C_1.c ****         /* Store registers effected by block disable */
 231:Generated_Source\PSoC5/I2C_1.c ****         I2C_1_backup.addr    = I2C_1_ADDR_REG;
 232:Generated_Source\PSoC5/I2C_1.c ****         I2C_1_backup.clkDiv1 = I2C_1_CLKDIV1_REG;
 233:Generated_Source\PSoC5/I2C_1.c ****         I2C_1_backup.clkDiv2 = I2C_1_CLKDIV2_REG;
 234:Generated_Source\PSoC5/I2C_1.c **** 
 235:Generated_Source\PSoC5/I2C_1.c ****         /* Calculate number of cycles to reset block */
 236:Generated_Source\PSoC5/I2C_1.c ****         blockResetCycles = ((uint16) ((uint16) I2C_1_CLKDIV2_REG << 8u) | I2C_1_CLKDIV1_REG) + 1u;
 237:Generated_Source\PSoC5/I2C_1.c **** 
 238:Generated_Source\PSoC5/I2C_1.c ****         /* Disable block */
 239:Generated_Source\PSoC5/I2C_1.c ****         I2C_1_CFG_REG &= (uint8) ~I2C_1_CFG_EN_SLAVE;
 240:Generated_Source\PSoC5/I2C_1.c ****         /* Wait for block reset before disable power */
 241:Generated_Source\PSoC5/I2C_1.c ****         CyDelayCycles((uint32) blockResetCycles);
 242:Generated_Source\PSoC5/I2C_1.c **** 
 243:Generated_Source\PSoC5/I2C_1.c ****         /* Disable power to block */
 244:Generated_Source\PSoC5/I2C_1.c ****         intState = CyEnterCriticalSection();
 245:Generated_Source\PSoC5/I2C_1.c ****         I2C_1_ACT_PWRMGR_REG  &= (uint8) ~I2C_1_ACT_PWR_EN;
 246:Generated_Source\PSoC5/I2C_1.c ****         I2C_1_STBY_PWRMGR_REG &= (uint8) ~I2C_1_STBY_PWR_EN;
 247:Generated_Source\PSoC5/I2C_1.c ****         CyExitCriticalSection(intState);
 248:Generated_Source\PSoC5/I2C_1.c **** 
 249:Generated_Source\PSoC5/I2C_1.c ****         /* Enable block */
 250:Generated_Source\PSoC5/I2C_1.c ****         I2C_1_CFG_REG |= (uint8) I2C_1_ENABLE_MS;
 251:Generated_Source\PSoC5/I2C_1.c **** 
 252:Generated_Source\PSoC5/I2C_1.c ****         /* Restore registers effected by block disable. Ticket ID#198004 */
 253:Generated_Source\PSoC5/I2C_1.c ****         I2C_1_ADDR_REG    = I2C_1_backup.addr;
 254:Generated_Source\PSoC5/I2C_1.c ****         I2C_1_ADDR_REG    = I2C_1_backup.addr;
 255:Generated_Source\PSoC5/I2C_1.c ****         I2C_1_CLKDIV1_REG = I2C_1_backup.clkDiv1;
 256:Generated_Source\PSoC5/I2C_1.c ****         I2C_1_CLKDIV2_REG = I2C_1_backup.clkDiv2;
 257:Generated_Source\PSoC5/I2C_1.c ****     }
 258:Generated_Source\PSoC5/I2C_1.c **** #else
 259:Generated_Source\PSoC5/I2C_1.c **** 
 260:Generated_Source\PSoC5/I2C_1.c ****     /* Disable slave or master bits */
 261:Generated_Source\PSoC5/I2C_1.c ****     I2C_1_CFG_REG &= (uint8) ~I2C_1_ENABLE_MS;
 193              		.loc 1 261 0
ARM GAS  C:\Users\Joe\AppData\Local\Temp\cct02FxK.s 			page 9


 194 0002 0A49     		ldr	r1, .L13+4
 219:Generated_Source\PSoC5/I2C_1.c ****     I2C_1_DisableInt();
 195              		.loc 1 219 0
 196 0004 0122     		movs	r2, #1
 197 0006 1A60     		str	r2, [r3]
 198              		.loc 1 261 0
 199 0008 0B78     		ldrb	r3, [r1]	@ zero_extendqisi2
 200 000a 03F0FD03 		and	r3, r3, #253
 201 000e 0B70     		strb	r3, [r1]
 262:Generated_Source\PSoC5/I2C_1.c **** 
 263:Generated_Source\PSoC5/I2C_1.c **** #if (I2C_1_MODE_SLAVE_ENABLED)
 264:Generated_Source\PSoC5/I2C_1.c ****     {
 265:Generated_Source\PSoC5/I2C_1.c ****         /* Disable bit counter */
 266:Generated_Source\PSoC5/I2C_1.c ****         uint8 intState = CyEnterCriticalSection();
 267:Generated_Source\PSoC5/I2C_1.c ****         I2C_1_COUNTER_AUX_CTL_REG &= (uint8) ~I2C_1_CNT7_ENABLE;
 268:Generated_Source\PSoC5/I2C_1.c ****         CyExitCriticalSection(intState);
 269:Generated_Source\PSoC5/I2C_1.c ****     }
 270:Generated_Source\PSoC5/I2C_1.c **** #endif /* (I2C_1_MODE_SLAVE_ENABLED) */
 271:Generated_Source\PSoC5/I2C_1.c **** 
 272:Generated_Source\PSoC5/I2C_1.c ****     /* Clear interrupt source register */
 273:Generated_Source\PSoC5/I2C_1.c ****     (void) I2C_1_CSR_REG;
 202              		.loc 1 273 0
 203 0010 074B     		ldr	r3, .L13+8
 204 0012 1B78     		ldrb	r3, [r3]	@ zero_extendqisi2
 274:Generated_Source\PSoC5/I2C_1.c **** #endif /* (I2C_1_FF_IMPLEMENTED) */
 275:Generated_Source\PSoC5/I2C_1.c **** 
 276:Generated_Source\PSoC5/I2C_1.c ****     /* Disable interrupt on stop (enabled by write transaction) */
 277:Generated_Source\PSoC5/I2C_1.c ****     I2C_1_DISABLE_INT_ON_STOP;
 205              		.loc 1 277 0
 206 0014 0B7C     		ldrb	r3, [r1, #16]	@ zero_extendqisi2
 207 0016 03F0DF03 		and	r3, r3, #223
 208 001a 0B74     		strb	r3, [r1, #16]
 278:Generated_Source\PSoC5/I2C_1.c ****     I2C_1_ClearPendingInt();
 209              		.loc 1 278 0
 210 001c 054B     		ldr	r3, .L13+12
 211 001e 1A60     		str	r2, [r3]
 279:Generated_Source\PSoC5/I2C_1.c **** 
 280:Generated_Source\PSoC5/I2C_1.c ****     /* Reset FSM to default state */
 281:Generated_Source\PSoC5/I2C_1.c ****     I2C_1_state = I2C_1_SM_IDLE;
 212              		.loc 1 281 0
 213 0020 054B     		ldr	r3, .L13+16
 214 0022 1022     		movs	r2, #16
 215 0024 1A70     		strb	r2, [r3]
 216 0026 7047     		bx	lr
 217              	.L14:
 218              		.align	2
 219              	.L13:
 220 0028 80E100E0 		.word	-536813184
 221 002c 75640040 		.word	1073767541
 222 0030 65640040 		.word	1073767525
 223 0034 80E200E0 		.word	-536812928
 224 0038 00000000 		.word	I2C_1_state
 225              		.cfi_endproc
 226              	.LFE3:
 227              		.size	I2C_1_Stop, .-I2C_1_Stop
 228              		.comm	I2C_1_state,1,1
 229              		.global	I2C_1_initVar
ARM GAS  C:\Users\Joe\AppData\Local\Temp\cct02FxK.s 			page 10


 230              		.bss
 231              		.set	.LANCHOR0,. + 0
 232              		.type	I2C_1_initVar, %object
 233              		.size	I2C_1_initVar, 1
 234              	I2C_1_initVar:
 235 0000 00       		.space	1
 236              		.text
 237              	.Letext0:
 238              		.file 2 "Generated_Source\\PSoC5\\cytypes.h"
 239              		.file 3 "Generated_Source\\PSoC5\\I2C_1_PVT.h"
 240              		.file 4 "Generated_Source\\PSoC5\\CyLib.h"
 241              		.section	.debug_info,"",%progbits
 242              	.Ldebug_info0:
 243 0000 DE010000 		.4byte	0x1de
 244 0004 0400     		.2byte	0x4
 245 0006 00000000 		.4byte	.Ldebug_abbrev0
 246 000a 04       		.byte	0x4
 247 000b 01       		.uleb128 0x1
 248 000c 78000000 		.4byte	.LASF31
 249 0010 0C       		.byte	0xc
 250 0011 1F020000 		.4byte	.LASF32
 251 0015 3E020000 		.4byte	.LASF33
 252 0019 00000000 		.4byte	.Ldebug_ranges0+0
 253 001d 00000000 		.4byte	0
 254 0021 00000000 		.4byte	.Ldebug_line0
 255 0025 02       		.uleb128 0x2
 256 0026 01       		.byte	0x1
 257 0027 06       		.byte	0x6
 258 0028 6E020000 		.4byte	.LASF0
 259 002c 02       		.uleb128 0x2
 260 002d 01       		.byte	0x1
 261 002e 08       		.byte	0x8
 262 002f 65000000 		.4byte	.LASF1
 263 0033 02       		.uleb128 0x2
 264 0034 02       		.byte	0x2
 265 0035 05       		.byte	0x5
 266 0036 F7010000 		.4byte	.LASF2
 267 003a 02       		.uleb128 0x2
 268 003b 02       		.byte	0x2
 269 003c 07       		.byte	0x7
 270 003d 2A000000 		.4byte	.LASF3
 271 0041 02       		.uleb128 0x2
 272 0042 04       		.byte	0x4
 273 0043 05       		.byte	0x5
 274 0044 16020000 		.4byte	.LASF4
 275 0048 02       		.uleb128 0x2
 276 0049 04       		.byte	0x4
 277 004a 07       		.byte	0x7
 278 004b 59010000 		.4byte	.LASF5
 279 004f 02       		.uleb128 0x2
 280 0050 08       		.byte	0x8
 281 0051 05       		.byte	0x5
 282 0052 CB010000 		.4byte	.LASF6
 283 0056 02       		.uleb128 0x2
 284 0057 08       		.byte	0x8
 285 0058 07       		.byte	0x7
 286 0059 4E000000 		.4byte	.LASF7
ARM GAS  C:\Users\Joe\AppData\Local\Temp\cct02FxK.s 			page 11


 287 005d 03       		.uleb128 0x3
 288 005e 04       		.byte	0x4
 289 005f 05       		.byte	0x5
 290 0060 696E7400 		.ascii	"int\000"
 291 0064 02       		.uleb128 0x2
 292 0065 04       		.byte	0x4
 293 0066 07       		.byte	0x7
 294 0067 6B010000 		.4byte	.LASF8
 295 006b 04       		.uleb128 0x4
 296 006c 06010000 		.4byte	.LASF9
 297 0070 02       		.byte	0x2
 298 0071 E401     		.2byte	0x1e4
 299 0073 2C000000 		.4byte	0x2c
 300 0077 04       		.uleb128 0x4
 301 0078 3D010000 		.4byte	.LASF10
 302 007c 02       		.byte	0x2
 303 007d E601     		.2byte	0x1e6
 304 007f 48000000 		.4byte	0x48
 305 0083 02       		.uleb128 0x2
 306 0084 04       		.byte	0x4
 307 0085 04       		.byte	0x4
 308 0086 48000000 		.4byte	.LASF11
 309 008a 02       		.uleb128 0x2
 310 008b 08       		.byte	0x8
 311 008c 04       		.byte	0x4
 312 008d 1D010000 		.4byte	.LASF12
 313 0091 02       		.uleb128 0x2
 314 0092 01       		.byte	0x1
 315 0093 08       		.byte	0x8
 316 0094 D9010000 		.4byte	.LASF13
 317 0098 04       		.uleb128 0x4
 318 0099 73000000 		.4byte	.LASF14
 319 009d 02       		.byte	0x2
 320 009e 8E02     		.2byte	0x28e
 321 00a0 A4000000 		.4byte	0xa4
 322 00a4 05       		.uleb128 0x5
 323 00a5 6B000000 		.4byte	0x6b
 324 00a9 04       		.uleb128 0x4
 325 00aa 00000000 		.4byte	.LASF15
 326 00ae 02       		.byte	0x2
 327 00af 9002     		.2byte	0x290
 328 00b1 B5000000 		.4byte	0xb5
 329 00b5 05       		.uleb128 0x5
 330 00b6 77000000 		.4byte	0x77
 331 00ba 02       		.uleb128 0x2
 332 00bb 08       		.byte	0x8
 333 00bc 04       		.byte	0x4
 334 00bd B6010000 		.4byte	.LASF16
 335 00c1 02       		.uleb128 0x2
 336 00c2 04       		.byte	0x4
 337 00c3 07       		.byte	0x7
 338 00c4 C2010000 		.4byte	.LASF17
 339 00c8 06       		.uleb128 0x6
 340 00c9 3D000000 		.4byte	.LASF18
 341 00cd 01       		.byte	0x1
 342 00ce 31       		.byte	0x31
 343 00cf 00000000 		.4byte	.LFB0
ARM GAS  C:\Users\Joe\AppData\Local\Temp\cct02FxK.s 			page 12


 344 00d3 74000000 		.4byte	.LFE0-.LFB0
 345 00d7 01       		.uleb128 0x1
 346 00d8 9C       		.byte	0x9c
 347 00d9 28010000 		.4byte	0x128
 348 00dd 07       		.uleb128 0x7
 349 00de 50010000 		.4byte	.LASF34
 350 00e2 01       		.byte	0x1
 351 00e3 3C       		.byte	0x3c
 352 00e4 6B000000 		.4byte	0x6b
 353 00e8 00000000 		.4byte	.LLST0
 354 00ec 08       		.uleb128 0x8
 355 00ed 10000000 		.4byte	.LVL0
 356 00f1 B5010000 		.4byte	0x1b5
 357 00f5 08       		.uleb128 0x8
 358 00f6 1E000000 		.4byte	.LVL1
 359 00fa C0010000 		.4byte	0x1c0
 360 00fe 09       		.uleb128 0x9
 361 00ff 34000000 		.4byte	.LVL2
 362 0103 CB010000 		.4byte	0x1cb
 363 0107 17010000 		.4byte	0x117
 364 010b 0A       		.uleb128 0xa
 365 010c 01       		.uleb128 0x1
 366 010d 50       		.byte	0x50
 367 010e 02       		.uleb128 0x2
 368 010f 74       		.byte	0x74
 369 0110 00       		.sleb128 0
 370 0111 0A       		.uleb128 0xa
 371 0112 01       		.uleb128 0x1
 372 0113 51       		.byte	0x51
 373 0114 01       		.uleb128 0x1
 374 0115 37       		.byte	0x37
 375 0116 00       		.byte	0
 376 0117 0B       		.uleb128 0xb
 377 0118 3C000000 		.4byte	.LVL3
 378 011c D6010000 		.4byte	0x1d6
 379 0120 0A       		.uleb128 0xa
 380 0121 01       		.uleb128 0x1
 381 0122 50       		.byte	0x50
 382 0123 02       		.uleb128 0x2
 383 0124 74       		.byte	0x74
 384 0125 00       		.sleb128 0
 385 0126 00       		.byte	0
 386 0127 00       		.byte	0
 387 0128 0C       		.uleb128 0xc
 388 0129 DE010000 		.4byte	.LASF20
 389 012d 01       		.byte	0x1
 390 012e 85       		.byte	0x85
 391 012f 00000000 		.4byte	.LFB1
 392 0133 10000000 		.4byte	.LFE1-.LFB1
 393 0137 01       		.uleb128 0x1
 394 0138 9C       		.byte	0x9c
 395 0139 06       		.uleb128 0x6
 396 013a EB010000 		.4byte	.LASF19
 397 013e 01       		.byte	0x1
 398 013f BD       		.byte	0xbd
 399 0140 00000000 		.4byte	.LFB2
 400 0144 24000000 		.4byte	.LFE2-.LFB2
ARM GAS  C:\Users\Joe\AppData\Local\Temp\cct02FxK.s 			page 13


 401 0148 01       		.uleb128 0x1
 402 0149 9C       		.byte	0x9c
 403 014a 61010000 		.4byte	0x161
 404 014e 08       		.uleb128 0x8
 405 014f 0C000000 		.4byte	.LVL4
 406 0153 C8000000 		.4byte	0xc8
 407 0157 08       		.uleb128 0x8
 408 0158 14000000 		.4byte	.LVL5
 409 015c 28010000 		.4byte	0x128
 410 0160 00       		.byte	0
 411 0161 0C       		.uleb128 0xc
 412 0162 24010000 		.4byte	.LASF21
 413 0166 01       		.byte	0x1
 414 0167 D9       		.byte	0xd9
 415 0168 00000000 		.4byte	.LFB3
 416 016c 3C000000 		.4byte	.LFE3-.LFB3
 417 0170 01       		.uleb128 0x1
 418 0171 9C       		.byte	0x9c
 419 0172 0D       		.uleb128 0xd
 420 0173 2F010000 		.4byte	.LASF22
 421 0177 01       		.byte	0x1
 422 0178 18       		.byte	0x18
 423 0179 6B000000 		.4byte	0x6b
 424 017d 05       		.uleb128 0x5
 425 017e 03       		.byte	0x3
 426 017f 00000000 		.4byte	I2C_1_initVar
 427 0183 0D       		.uleb128 0xd
 428 0184 44010000 		.4byte	.LASF23
 429 0188 01       		.byte	0x1
 430 0189 1A       		.byte	0x1a
 431 018a A4000000 		.4byte	0xa4
 432 018e 05       		.uleb128 0x5
 433 018f 03       		.byte	0x3
 434 0190 00000000 		.4byte	I2C_1_state
 435 0194 0E       		.uleb128 0xe
 436 0195 0C010000 		.4byte	.LASF24
 437 0199 03       		.byte	0x3
 438 019a 27       		.byte	0x27
 439 019b A4000000 		.4byte	0xa4
 440 019f 0E       		.uleb128 0xe
 441 01a0 06000000 		.4byte	.LASF25
 442 01a4 03       		.byte	0x3
 443 01a5 2D       		.byte	0x2d
 444 01a6 A4000000 		.4byte	0xa4
 445 01aa 0E       		.uleb128 0xe
 446 01ab 01020000 		.4byte	.LASF26
 447 01af 03       		.byte	0x3
 448 01b0 32       		.byte	0x32
 449 01b1 A4000000 		.4byte	0xa4
 450 01b5 0F       		.uleb128 0xf
 451 01b6 9F010000 		.4byte	.LASF27
 452 01ba 9F010000 		.4byte	.LASF27
 453 01be 04       		.byte	0x4
 454 01bf 7D       		.byte	0x7d
 455 01c0 0F       		.uleb128 0xf
 456 01c1 78010000 		.4byte	.LASF28
 457 01c5 78010000 		.4byte	.LASF28
ARM GAS  C:\Users\Joe\AppData\Local\Temp\cct02FxK.s 			page 14


 458 01c9 04       		.byte	0x4
 459 01ca 7E       		.byte	0x7e
 460 01cb 0F       		.uleb128 0xf
 461 01cc 8E010000 		.4byte	.LASF29
 462 01d0 8E010000 		.4byte	.LASF29
 463 01d4 04       		.byte	0x4
 464 01d5 8B       		.byte	0x8b
 465 01d6 0F       		.uleb128 0xf
 466 01d7 1B000000 		.4byte	.LASF30
 467 01db 1B000000 		.4byte	.LASF30
 468 01df 04       		.byte	0x4
 469 01e0 88       		.byte	0x88
 470 01e1 00       		.byte	0
 471              		.section	.debug_abbrev,"",%progbits
 472              	.Ldebug_abbrev0:
 473 0000 01       		.uleb128 0x1
 474 0001 11       		.uleb128 0x11
 475 0002 01       		.byte	0x1
 476 0003 25       		.uleb128 0x25
 477 0004 0E       		.uleb128 0xe
 478 0005 13       		.uleb128 0x13
 479 0006 0B       		.uleb128 0xb
 480 0007 03       		.uleb128 0x3
 481 0008 0E       		.uleb128 0xe
 482 0009 1B       		.uleb128 0x1b
 483 000a 0E       		.uleb128 0xe
 484 000b 55       		.uleb128 0x55
 485 000c 17       		.uleb128 0x17
 486 000d 11       		.uleb128 0x11
 487 000e 01       		.uleb128 0x1
 488 000f 10       		.uleb128 0x10
 489 0010 17       		.uleb128 0x17
 490 0011 00       		.byte	0
 491 0012 00       		.byte	0
 492 0013 02       		.uleb128 0x2
 493 0014 24       		.uleb128 0x24
 494 0015 00       		.byte	0
 495 0016 0B       		.uleb128 0xb
 496 0017 0B       		.uleb128 0xb
 497 0018 3E       		.uleb128 0x3e
 498 0019 0B       		.uleb128 0xb
 499 001a 03       		.uleb128 0x3
 500 001b 0E       		.uleb128 0xe
 501 001c 00       		.byte	0
 502 001d 00       		.byte	0
 503 001e 03       		.uleb128 0x3
 504 001f 24       		.uleb128 0x24
 505 0020 00       		.byte	0
 506 0021 0B       		.uleb128 0xb
 507 0022 0B       		.uleb128 0xb
 508 0023 3E       		.uleb128 0x3e
 509 0024 0B       		.uleb128 0xb
 510 0025 03       		.uleb128 0x3
 511 0026 08       		.uleb128 0x8
 512 0027 00       		.byte	0
 513 0028 00       		.byte	0
 514 0029 04       		.uleb128 0x4
ARM GAS  C:\Users\Joe\AppData\Local\Temp\cct02FxK.s 			page 15


 515 002a 16       		.uleb128 0x16
 516 002b 00       		.byte	0
 517 002c 03       		.uleb128 0x3
 518 002d 0E       		.uleb128 0xe
 519 002e 3A       		.uleb128 0x3a
 520 002f 0B       		.uleb128 0xb
 521 0030 3B       		.uleb128 0x3b
 522 0031 05       		.uleb128 0x5
 523 0032 49       		.uleb128 0x49
 524 0033 13       		.uleb128 0x13
 525 0034 00       		.byte	0
 526 0035 00       		.byte	0
 527 0036 05       		.uleb128 0x5
 528 0037 35       		.uleb128 0x35
 529 0038 00       		.byte	0
 530 0039 49       		.uleb128 0x49
 531 003a 13       		.uleb128 0x13
 532 003b 00       		.byte	0
 533 003c 00       		.byte	0
 534 003d 06       		.uleb128 0x6
 535 003e 2E       		.uleb128 0x2e
 536 003f 01       		.byte	0x1
 537 0040 3F       		.uleb128 0x3f
 538 0041 19       		.uleb128 0x19
 539 0042 03       		.uleb128 0x3
 540 0043 0E       		.uleb128 0xe
 541 0044 3A       		.uleb128 0x3a
 542 0045 0B       		.uleb128 0xb
 543 0046 3B       		.uleb128 0x3b
 544 0047 0B       		.uleb128 0xb
 545 0048 27       		.uleb128 0x27
 546 0049 19       		.uleb128 0x19
 547 004a 11       		.uleb128 0x11
 548 004b 01       		.uleb128 0x1
 549 004c 12       		.uleb128 0x12
 550 004d 06       		.uleb128 0x6
 551 004e 40       		.uleb128 0x40
 552 004f 18       		.uleb128 0x18
 553 0050 9742     		.uleb128 0x2117
 554 0052 19       		.uleb128 0x19
 555 0053 01       		.uleb128 0x1
 556 0054 13       		.uleb128 0x13
 557 0055 00       		.byte	0
 558 0056 00       		.byte	0
 559 0057 07       		.uleb128 0x7
 560 0058 34       		.uleb128 0x34
 561 0059 00       		.byte	0
 562 005a 03       		.uleb128 0x3
 563 005b 0E       		.uleb128 0xe
 564 005c 3A       		.uleb128 0x3a
 565 005d 0B       		.uleb128 0xb
 566 005e 3B       		.uleb128 0x3b
 567 005f 0B       		.uleb128 0xb
 568 0060 49       		.uleb128 0x49
 569 0061 13       		.uleb128 0x13
 570 0062 02       		.uleb128 0x2
 571 0063 17       		.uleb128 0x17
ARM GAS  C:\Users\Joe\AppData\Local\Temp\cct02FxK.s 			page 16


 572 0064 00       		.byte	0
 573 0065 00       		.byte	0
 574 0066 08       		.uleb128 0x8
 575 0067 898201   		.uleb128 0x4109
 576 006a 00       		.byte	0
 577 006b 11       		.uleb128 0x11
 578 006c 01       		.uleb128 0x1
 579 006d 31       		.uleb128 0x31
 580 006e 13       		.uleb128 0x13
 581 006f 00       		.byte	0
 582 0070 00       		.byte	0
 583 0071 09       		.uleb128 0x9
 584 0072 898201   		.uleb128 0x4109
 585 0075 01       		.byte	0x1
 586 0076 11       		.uleb128 0x11
 587 0077 01       		.uleb128 0x1
 588 0078 31       		.uleb128 0x31
 589 0079 13       		.uleb128 0x13
 590 007a 01       		.uleb128 0x1
 591 007b 13       		.uleb128 0x13
 592 007c 00       		.byte	0
 593 007d 00       		.byte	0
 594 007e 0A       		.uleb128 0xa
 595 007f 8A8201   		.uleb128 0x410a
 596 0082 00       		.byte	0
 597 0083 02       		.uleb128 0x2
 598 0084 18       		.uleb128 0x18
 599 0085 9142     		.uleb128 0x2111
 600 0087 18       		.uleb128 0x18
 601 0088 00       		.byte	0
 602 0089 00       		.byte	0
 603 008a 0B       		.uleb128 0xb
 604 008b 898201   		.uleb128 0x4109
 605 008e 01       		.byte	0x1
 606 008f 11       		.uleb128 0x11
 607 0090 01       		.uleb128 0x1
 608 0091 31       		.uleb128 0x31
 609 0092 13       		.uleb128 0x13
 610 0093 00       		.byte	0
 611 0094 00       		.byte	0
 612 0095 0C       		.uleb128 0xc
 613 0096 2E       		.uleb128 0x2e
 614 0097 00       		.byte	0
 615 0098 3F       		.uleb128 0x3f
 616 0099 19       		.uleb128 0x19
 617 009a 03       		.uleb128 0x3
 618 009b 0E       		.uleb128 0xe
 619 009c 3A       		.uleb128 0x3a
 620 009d 0B       		.uleb128 0xb
 621 009e 3B       		.uleb128 0x3b
 622 009f 0B       		.uleb128 0xb
 623 00a0 27       		.uleb128 0x27
 624 00a1 19       		.uleb128 0x19
 625 00a2 11       		.uleb128 0x11
 626 00a3 01       		.uleb128 0x1
 627 00a4 12       		.uleb128 0x12
 628 00a5 06       		.uleb128 0x6
ARM GAS  C:\Users\Joe\AppData\Local\Temp\cct02FxK.s 			page 17


 629 00a6 40       		.uleb128 0x40
 630 00a7 18       		.uleb128 0x18
 631 00a8 9742     		.uleb128 0x2117
 632 00aa 19       		.uleb128 0x19
 633 00ab 00       		.byte	0
 634 00ac 00       		.byte	0
 635 00ad 0D       		.uleb128 0xd
 636 00ae 34       		.uleb128 0x34
 637 00af 00       		.byte	0
 638 00b0 03       		.uleb128 0x3
 639 00b1 0E       		.uleb128 0xe
 640 00b2 3A       		.uleb128 0x3a
 641 00b3 0B       		.uleb128 0xb
 642 00b4 3B       		.uleb128 0x3b
 643 00b5 0B       		.uleb128 0xb
 644 00b6 49       		.uleb128 0x49
 645 00b7 13       		.uleb128 0x13
 646 00b8 3F       		.uleb128 0x3f
 647 00b9 19       		.uleb128 0x19
 648 00ba 02       		.uleb128 0x2
 649 00bb 18       		.uleb128 0x18
 650 00bc 00       		.byte	0
 651 00bd 00       		.byte	0
 652 00be 0E       		.uleb128 0xe
 653 00bf 34       		.uleb128 0x34
 654 00c0 00       		.byte	0
 655 00c1 03       		.uleb128 0x3
 656 00c2 0E       		.uleb128 0xe
 657 00c3 3A       		.uleb128 0x3a
 658 00c4 0B       		.uleb128 0xb
 659 00c5 3B       		.uleb128 0x3b
 660 00c6 0B       		.uleb128 0xb
 661 00c7 49       		.uleb128 0x49
 662 00c8 13       		.uleb128 0x13
 663 00c9 3F       		.uleb128 0x3f
 664 00ca 19       		.uleb128 0x19
 665 00cb 3C       		.uleb128 0x3c
 666 00cc 19       		.uleb128 0x19
 667 00cd 00       		.byte	0
 668 00ce 00       		.byte	0
 669 00cf 0F       		.uleb128 0xf
 670 00d0 2E       		.uleb128 0x2e
 671 00d1 00       		.byte	0
 672 00d2 3F       		.uleb128 0x3f
 673 00d3 19       		.uleb128 0x19
 674 00d4 3C       		.uleb128 0x3c
 675 00d5 19       		.uleb128 0x19
 676 00d6 6E       		.uleb128 0x6e
 677 00d7 0E       		.uleb128 0xe
 678 00d8 03       		.uleb128 0x3
 679 00d9 0E       		.uleb128 0xe
 680 00da 3A       		.uleb128 0x3a
 681 00db 0B       		.uleb128 0xb
 682 00dc 3B       		.uleb128 0x3b
 683 00dd 0B       		.uleb128 0xb
 684 00de 00       		.byte	0
 685 00df 00       		.byte	0
ARM GAS  C:\Users\Joe\AppData\Local\Temp\cct02FxK.s 			page 18


 686 00e0 00       		.byte	0
 687              		.section	.debug_loc,"",%progbits
 688              	.Ldebug_loc0:
 689              	.LLST0:
 690 0000 10000000 		.4byte	.LVL0
 691 0004 1D000000 		.4byte	.LVL1-1
 692 0008 0100     		.2byte	0x1
 693 000a 50       		.byte	0x50
 694 000b 00000000 		.4byte	0
 695 000f 00000000 		.4byte	0
 696              		.section	.debug_aranges,"",%progbits
 697 0000 34000000 		.4byte	0x34
 698 0004 0200     		.2byte	0x2
 699 0006 00000000 		.4byte	.Ldebug_info0
 700 000a 04       		.byte	0x4
 701 000b 00       		.byte	0
 702 000c 0000     		.2byte	0
 703 000e 0000     		.2byte	0
 704 0010 00000000 		.4byte	.LFB0
 705 0014 74000000 		.4byte	.LFE0-.LFB0
 706 0018 00000000 		.4byte	.LFB1
 707 001c 10000000 		.4byte	.LFE1-.LFB1
 708 0020 00000000 		.4byte	.LFB2
 709 0024 24000000 		.4byte	.LFE2-.LFB2
 710 0028 00000000 		.4byte	.LFB3
 711 002c 3C000000 		.4byte	.LFE3-.LFB3
 712 0030 00000000 		.4byte	0
 713 0034 00000000 		.4byte	0
 714              		.section	.debug_ranges,"",%progbits
 715              	.Ldebug_ranges0:
 716 0000 00000000 		.4byte	.LFB0
 717 0004 74000000 		.4byte	.LFE0
 718 0008 00000000 		.4byte	.LFB1
 719 000c 10000000 		.4byte	.LFE1
 720 0010 00000000 		.4byte	.LFB2
 721 0014 24000000 		.4byte	.LFE2
 722 0018 00000000 		.4byte	.LFB3
 723 001c 3C000000 		.4byte	.LFE3
 724 0020 00000000 		.4byte	0
 725 0024 00000000 		.4byte	0
 726              		.section	.debug_line,"",%progbits
 727              	.Ldebug_line0:
 728 0000 D3000000 		.section	.debug_str,"MS",%progbits,1
 728      02005C00 
 728      00000201 
 728      FB0E0D00 
 728      01010101 
 729              	.LASF15:
 730 0000 72656733 		.ascii	"reg32\000"
 730      3200
 731              	.LASF25:
 732 0006 4932435F 		.ascii	"I2C_1_mstrRdBufIndex\000"
 732      315F6D73 
 732      74725264 
 732      42756649 
 732      6E646578 
 733              	.LASF30:
ARM GAS  C:\Users\Joe\AppData\Local\Temp\cct02FxK.s 			page 19


 734 001b 4379496E 		.ascii	"CyIntSetVector\000"
 734      74536574 
 734      56656374 
 734      6F7200
 735              	.LASF3:
 736 002a 73686F72 		.ascii	"short unsigned int\000"
 736      7420756E 
 736      7369676E 
 736      65642069 
 736      6E7400
 737              	.LASF18:
 738 003d 4932435F 		.ascii	"I2C_1_Init\000"
 738      315F496E 
 738      697400
 739              	.LASF11:
 740 0048 666C6F61 		.ascii	"float\000"
 740      7400
 741              	.LASF7:
 742 004e 6C6F6E67 		.ascii	"long long unsigned int\000"
 742      206C6F6E 
 742      6720756E 
 742      7369676E 
 742      65642069 
 743              	.LASF1:
 744 0065 756E7369 		.ascii	"unsigned char\000"
 744      676E6564 
 744      20636861 
 744      7200
 745              	.LASF14:
 746 0073 72656738 		.ascii	"reg8\000"
 746      00
 747              	.LASF31:
 748 0078 474E5520 		.ascii	"GNU C11 5.4.1 20160609 (release) [ARM/embedded-5-br"
 748      43313120 
 748      352E342E 
 748      31203230 
 748      31363036 
 749 00ab 616E6368 		.ascii	"anch revision 237715] -mcpu=cortex-m3 -mthumb -g -O"
 749      20726576 
 749      6973696F 
 749      6E203233 
 749      37373135 
 750 00de 73202D66 		.ascii	"s -ffunction-sections -ffat-lto-objects\000"
 750      66756E63 
 750      74696F6E 
 750      2D736563 
 750      74696F6E 
 751              	.LASF9:
 752 0106 75696E74 		.ascii	"uint8\000"
 752      3800
 753              	.LASF24:
 754 010c 4932435F 		.ascii	"I2C_1_mstrStatus\000"
 754      315F6D73 
 754      74725374 
 754      61747573 
 754      00
 755              	.LASF12:
ARM GAS  C:\Users\Joe\AppData\Local\Temp\cct02FxK.s 			page 20


 756 011d 646F7562 		.ascii	"double\000"
 756      6C6500
 757              	.LASF21:
 758 0124 4932435F 		.ascii	"I2C_1_Stop\000"
 758      315F5374 
 758      6F7000
 759              	.LASF22:
 760 012f 4932435F 		.ascii	"I2C_1_initVar\000"
 760      315F696E 
 760      69745661 
 760      7200
 761              	.LASF10:
 762 013d 75696E74 		.ascii	"uint32\000"
 762      333200
 763              	.LASF23:
 764 0144 4932435F 		.ascii	"I2C_1_state\000"
 764      315F7374 
 764      61746500 
 765              	.LASF34:
 766 0150 696E7453 		.ascii	"intState\000"
 766      74617465 
 766      00
 767              	.LASF5:
 768 0159 6C6F6E67 		.ascii	"long unsigned int\000"
 768      20756E73 
 768      69676E65 
 768      6420696E 
 768      7400
 769              	.LASF8:
 770 016b 756E7369 		.ascii	"unsigned int\000"
 770      676E6564 
 770      20696E74 
 770      00
 771              	.LASF28:
 772 0178 43794578 		.ascii	"CyExitCriticalSection\000"
 772      69744372 
 772      69746963 
 772      616C5365 
 772      6374696F 
 773              	.LASF29:
 774 018e 4379496E 		.ascii	"CyIntSetPriority\000"
 774      74536574 
 774      5072696F 
 774      72697479 
 774      00
 775              	.LASF27:
 776 019f 4379456E 		.ascii	"CyEnterCriticalSection\000"
 776      74657243 
 776      72697469 
 776      63616C53 
 776      65637469 
 777              	.LASF16:
 778 01b6 6C6F6E67 		.ascii	"long double\000"
 778      20646F75 
 778      626C6500 
 779              	.LASF17:
 780 01c2 73697A65 		.ascii	"sizetype\000"
ARM GAS  C:\Users\Joe\AppData\Local\Temp\cct02FxK.s 			page 21


 780      74797065 
 780      00
 781              	.LASF6:
 782 01cb 6C6F6E67 		.ascii	"long long int\000"
 782      206C6F6E 
 782      6720696E 
 782      7400
 783              	.LASF13:
 784 01d9 63686172 		.ascii	"char\000"
 784      00
 785              	.LASF20:
 786 01de 4932435F 		.ascii	"I2C_1_Enable\000"
 786      315F456E 
 786      61626C65 
 786      00
 787              	.LASF19:
 788 01eb 4932435F 		.ascii	"I2C_1_Start\000"
 788      315F5374 
 788      61727400 
 789              	.LASF2:
 790 01f7 73686F72 		.ascii	"short int\000"
 790      7420696E 
 790      7400
 791              	.LASF26:
 792 0201 4932435F 		.ascii	"I2C_1_mstrWrBufIndex\000"
 792      315F6D73 
 792      74725772 
 792      42756649 
 792      6E646578 
 793              	.LASF4:
 794 0216 6C6F6E67 		.ascii	"long int\000"
 794      20696E74 
 794      00
 795              	.LASF32:
 796 021f 47656E65 		.ascii	"Generated_Source\\PSoC5\\I2C_1.c\000"
 796      72617465 
 796      645F536F 
 796      75726365 
 796      5C50536F 
 797              	.LASF33:
 798 023e 443A5C44 		.ascii	"D:\\Documents\\DPEA_Projects\\RpiMIB\\Number2.cydsn"
 798      6F63756D 
 798      656E7473 
 798      5C445045 
 798      415F5072 
 799 026d 00       		.ascii	"\000"
 800              	.LASF0:
 801 026e 7369676E 		.ascii	"signed char\000"
 801      65642063 
 801      68617200 
 802              		.ident	"GCC: (GNU Tools for ARM Embedded Processors) 5.4.1 20160609 (release) [ARM/embedded-5-bran
