ARM GAS  C:\Users\Joe\AppData\Local\Temp\cciIUQmc.s 			page 1


   1              		.syntax unified
   2              		.cpu cortex-m3
   3              		.fpu softvfp
   4              		.eabi_attribute 20, 1
   5              		.eabi_attribute 21, 1
   6              		.eabi_attribute 23, 3
   7              		.eabi_attribute 24, 1
   8              		.eabi_attribute 25, 1
   9              		.eabi_attribute 26, 1
  10              		.eabi_attribute 30, 4
  11              		.eabi_attribute 34, 1
  12              		.eabi_attribute 18, 4
  13              		.thumb
  14              		.syntax unified
  15              		.file	"SPIS_1_INT.c"
  16              		.text
  17              	.Ltext0:
  18              		.cfi_sections	.debug_frame
  19              		.section	.text.SPIS_1_TX_ISR,"ax",%progbits
  20              		.align	1
  21              		.global	SPIS_1_TX_ISR
  22              		.thumb
  23              		.thumb_func
  24              		.type	SPIS_1_TX_ISR, %function
  25              	SPIS_1_TX_ISR:
  26              	.LFB0:
  27              		.file 1 "Generated_Source\\PSoC5\\SPIS_1_INT.c"
   1:Generated_Source\PSoC5/SPIS_1_INT.c **** /*******************************************************************************
   2:Generated_Source\PSoC5/SPIS_1_INT.c **** * File Name: SPIS_1_INT.c
   3:Generated_Source\PSoC5/SPIS_1_INT.c **** * Version 2.70
   4:Generated_Source\PSoC5/SPIS_1_INT.c **** *
   5:Generated_Source\PSoC5/SPIS_1_INT.c **** * Description:
   6:Generated_Source\PSoC5/SPIS_1_INT.c **** *  This file provides all Interrupt Service Routine (ISR) for the SPI Slave
   7:Generated_Source\PSoC5/SPIS_1_INT.c **** *  component.
   8:Generated_Source\PSoC5/SPIS_1_INT.c **** *
   9:Generated_Source\PSoC5/SPIS_1_INT.c **** * Note:
  10:Generated_Source\PSoC5/SPIS_1_INT.c **** *  None.
  11:Generated_Source\PSoC5/SPIS_1_INT.c **** *
  12:Generated_Source\PSoC5/SPIS_1_INT.c **** ********************************************************************************
  13:Generated_Source\PSoC5/SPIS_1_INT.c **** * Copyright 2008-2015, Cypress Semiconductor Corporation.  All rights reserved.
  14:Generated_Source\PSoC5/SPIS_1_INT.c **** * You may use this file only in accordance with the license, terms, conditions,
  15:Generated_Source\PSoC5/SPIS_1_INT.c **** * disclaimers, and limitations in the end user license agreement accompanying
  16:Generated_Source\PSoC5/SPIS_1_INT.c **** * the software package with which this file was provided.
  17:Generated_Source\PSoC5/SPIS_1_INT.c **** *******************************************************************************/
  18:Generated_Source\PSoC5/SPIS_1_INT.c **** 
  19:Generated_Source\PSoC5/SPIS_1_INT.c **** #include "SPIS_1_PVT.h"
  20:Generated_Source\PSoC5/SPIS_1_INT.c **** #include "cyapicallbacks.h"
  21:Generated_Source\PSoC5/SPIS_1_INT.c **** 
  22:Generated_Source\PSoC5/SPIS_1_INT.c **** /* User code required at start of ISR */
  23:Generated_Source\PSoC5/SPIS_1_INT.c **** /* `#START SPIS_1_ISR_START_DEF` */
  24:Generated_Source\PSoC5/SPIS_1_INT.c **** 
  25:Generated_Source\PSoC5/SPIS_1_INT.c **** /* `#END` */
  26:Generated_Source\PSoC5/SPIS_1_INT.c **** 
  27:Generated_Source\PSoC5/SPIS_1_INT.c **** 
  28:Generated_Source\PSoC5/SPIS_1_INT.c **** /*******************************************************************************
  29:Generated_Source\PSoC5/SPIS_1_INT.c **** * Function Name: SPIS_1_TX_ISR
  30:Generated_Source\PSoC5/SPIS_1_INT.c **** *
ARM GAS  C:\Users\Joe\AppData\Local\Temp\cciIUQmc.s 			page 2


  31:Generated_Source\PSoC5/SPIS_1_INT.c **** * Summary:
  32:Generated_Source\PSoC5/SPIS_1_INT.c **** *  Interrupt Service Routine for TX portion of the SPI Slave.
  33:Generated_Source\PSoC5/SPIS_1_INT.c **** *
  34:Generated_Source\PSoC5/SPIS_1_INT.c **** * Parameters:
  35:Generated_Source\PSoC5/SPIS_1_INT.c **** *  None.
  36:Generated_Source\PSoC5/SPIS_1_INT.c **** *
  37:Generated_Source\PSoC5/SPIS_1_INT.c **** * Return:
  38:Generated_Source\PSoC5/SPIS_1_INT.c **** *  None.
  39:Generated_Source\PSoC5/SPIS_1_INT.c **** *
  40:Generated_Source\PSoC5/SPIS_1_INT.c **** * Global variables:
  41:Generated_Source\PSoC5/SPIS_1_INT.c **** *  SPIS_1_txBufferWrite - used for the account of the bytes which
  42:Generated_Source\PSoC5/SPIS_1_INT.c **** *  have been written down in the TX software buffer.
  43:Generated_Source\PSoC5/SPIS_1_INT.c **** *  SPIS_1_txBufferRead - used for the account of the bytes which
  44:Generated_Source\PSoC5/SPIS_1_INT.c **** *  have been read from the TX software buffer, modified when exist data to
  45:Generated_Source\PSoC5/SPIS_1_INT.c **** *  sending and FIFO Not Full.
  46:Generated_Source\PSoC5/SPIS_1_INT.c **** *  SPIS_1_txBuffer[SPIS_1_TX_BUFFER_SIZE] - used to store
  47:Generated_Source\PSoC5/SPIS_1_INT.c **** *  data to sending.
  48:Generated_Source\PSoC5/SPIS_1_INT.c **** *  All described above Global variables are used when Software Buffer is used.
  49:Generated_Source\PSoC5/SPIS_1_INT.c **** *
  50:Generated_Source\PSoC5/SPIS_1_INT.c **** *******************************************************************************/
  51:Generated_Source\PSoC5/SPIS_1_INT.c **** CY_ISR(SPIS_1_TX_ISR)
  52:Generated_Source\PSoC5/SPIS_1_INT.c **** {
  28              		.loc 1 52 0
  29              		.cfi_startproc
  30              		@ args = 0, pretend = 0, frame = 0
  31              		@ frame_needed = 0, uses_anonymous_args = 0
  53:Generated_Source\PSoC5/SPIS_1_INT.c **** 
  54:Generated_Source\PSoC5/SPIS_1_INT.c ****     #if(SPIS_1_TX_SOFTWARE_BUF_ENABLED)
  55:Generated_Source\PSoC5/SPIS_1_INT.c ****         uint8 tmpStatus;
  56:Generated_Source\PSoC5/SPIS_1_INT.c ****     #endif /* (SPIS_1_TX_SOFTWARE_BUF_ENABLED) */
  57:Generated_Source\PSoC5/SPIS_1_INT.c **** 
  58:Generated_Source\PSoC5/SPIS_1_INT.c ****     #ifdef SPIS_1_TX_ISR_ENTRY_CALLBACK
  59:Generated_Source\PSoC5/SPIS_1_INT.c ****         SPIS_1_TX_ISR_EntryCallback();
  60:Generated_Source\PSoC5/SPIS_1_INT.c ****     #endif /* SPIS_1_TX_ISR_ENTRY_CALLBACK */
  61:Generated_Source\PSoC5/SPIS_1_INT.c **** 
  62:Generated_Source\PSoC5/SPIS_1_INT.c ****     /* User code required at start of ISR */
  63:Generated_Source\PSoC5/SPIS_1_INT.c ****     /* `#START SPIS_1_ISR_TX_START` */
  64:Generated_Source\PSoC5/SPIS_1_INT.c **** 
  65:Generated_Source\PSoC5/SPIS_1_INT.c ****     /* `#END` */
  66:Generated_Source\PSoC5/SPIS_1_INT.c **** 
  67:Generated_Source\PSoC5/SPIS_1_INT.c ****     #if(SPIS_1_TX_SOFTWARE_BUF_ENABLED)
  68:Generated_Source\PSoC5/SPIS_1_INT.c ****         /* Component interrupt service code */
  69:Generated_Source\PSoC5/SPIS_1_INT.c **** 
  70:Generated_Source\PSoC5/SPIS_1_INT.c ****         /* See if TX data buffer is not empty and there is space in TX FIFO */
  71:Generated_Source\PSoC5/SPIS_1_INT.c ****         while(SPIS_1_txBufferRead != SPIS_1_txBufferWrite)
  32              		.loc 1 71 0
  33 0000 1E4B     		ldr	r3, .L11
  52:Generated_Source\PSoC5/SPIS_1_INT.c **** 
  34              		.loc 1 52 0
  35 0002 F0B5     		push	{r4, r5, r6, r7, lr}
  36              		.cfi_def_cfa_offset 20
  37              		.cfi_offset 4, -20
  38              		.cfi_offset 5, -16
  39              		.cfi_offset 6, -12
  40              		.cfi_offset 7, -8
  41              		.cfi_offset 14, -4
  42 0004 1D46     		mov	r5, r3
ARM GAS  C:\Users\Joe\AppData\Local\Temp\cciIUQmc.s 			page 3


  43              		.loc 1 71 0
  44 0006 1E4C     		ldr	r4, .L11+4
  72:Generated_Source\PSoC5/SPIS_1_INT.c ****         {
  73:Generated_Source\PSoC5/SPIS_1_INT.c ****             tmpStatus = SPIS_1_GET_STATUS_TX(SPIS_1_swStatusTx);
  45              		.loc 1 73 0
  46 0008 1E4E     		ldr	r6, .L11+8
  47 000a 1F49     		ldr	r1, .L11+12
  74:Generated_Source\PSoC5/SPIS_1_INT.c ****             SPIS_1_swStatusTx = tmpStatus;
  75:Generated_Source\PSoC5/SPIS_1_INT.c **** 
  76:Generated_Source\PSoC5/SPIS_1_INT.c ****             if ((SPIS_1_swStatusTx & SPIS_1_STS_TX_FIFO_NOT_FULL) != 0u)
  77:Generated_Source\PSoC5/SPIS_1_INT.c ****             {
  78:Generated_Source\PSoC5/SPIS_1_INT.c ****                 if(SPIS_1_txBufferFull == 0u)
  48              		.loc 1 78 0
  49 000c 1F48     		ldr	r0, .L11+16
  79:Generated_Source\PSoC5/SPIS_1_INT.c ****                 {
  80:Generated_Source\PSoC5/SPIS_1_INT.c ****                    SPIS_1_txBufferRead++;
  81:Generated_Source\PSoC5/SPIS_1_INT.c **** 
  82:Generated_Source\PSoC5/SPIS_1_INT.c ****                     if(SPIS_1_txBufferRead >= SPIS_1_TX_BUFFER_SIZE)
  83:Generated_Source\PSoC5/SPIS_1_INT.c ****                     {
  84:Generated_Source\PSoC5/SPIS_1_INT.c ****                         SPIS_1_txBufferRead = 0u;
  85:Generated_Source\PSoC5/SPIS_1_INT.c ****                     }
  86:Generated_Source\PSoC5/SPIS_1_INT.c ****                 }
  87:Generated_Source\PSoC5/SPIS_1_INT.c ****                 else
  88:Generated_Source\PSoC5/SPIS_1_INT.c ****                 {
  89:Generated_Source\PSoC5/SPIS_1_INT.c ****                     SPIS_1_txBufferFull = 0u;
  90:Generated_Source\PSoC5/SPIS_1_INT.c ****                 }
  91:Generated_Source\PSoC5/SPIS_1_INT.c **** 
  92:Generated_Source\PSoC5/SPIS_1_INT.c ****                 /* Put data element into the TX FIFO */
  93:Generated_Source\PSoC5/SPIS_1_INT.c ****                 CY_SET_REG8(SPIS_1_TXDATA_PTR, 
  50              		.loc 1 93 0
  51 000e 204F     		ldr	r7, .L11+20
  52 0010 DFF884E0 		ldr	lr, .L11+28
  53              	.L2:
  71:Generated_Source\PSoC5/SPIS_1_INT.c ****         {
  54              		.loc 1 71 0
  55 0014 93F800C0 		ldrb	ip, [r3]	@ zero_extendqisi2
  56 0018 2278     		ldrb	r2, [r4]	@ zero_extendqisi2
  57 001a 9445     		cmp	ip, r2
  58 001c 0AD0     		beq	.L9
  73:Generated_Source\PSoC5/SPIS_1_INT.c ****             SPIS_1_swStatusTx = tmpStatus;
  59              		.loc 1 73 0
  60 001e 96F800C0 		ldrb	ip, [r6]	@ zero_extendqisi2
  61 0022 0A78     		ldrb	r2, [r1]	@ zero_extendqisi2
  62 0024 02F06102 		and	r2, r2, #97
  63 0028 4CEA0202 		orr	r2, ip, r2
  64              	.LVL0:
  74:Generated_Source\PSoC5/SPIS_1_INT.c **** 
  65              		.loc 1 74 0
  66 002c 0A70     		strb	r2, [r1]
  76:Generated_Source\PSoC5/SPIS_1_INT.c ****             {
  67              		.loc 1 76 0
  68 002e 0A78     		ldrb	r2, [r1]	@ zero_extendqisi2
  69              	.LVL1:
  70 0030 9207     		lsls	r2, r2, #30
  71 0032 0BD4     		bmi	.L3
  72              	.LVL2:
  73              	.L9:
ARM GAS  C:\Users\Joe\AppData\Local\Temp\cciIUQmc.s 			page 4


  94:Generated_Source\PSoC5/SPIS_1_INT.c ****                                              SPIS_1_txBuffer[SPIS_1_txBufferRead]);
  95:Generated_Source\PSoC5/SPIS_1_INT.c ****             }
  96:Generated_Source\PSoC5/SPIS_1_INT.c ****             else
  97:Generated_Source\PSoC5/SPIS_1_INT.c ****             {
  98:Generated_Source\PSoC5/SPIS_1_INT.c ****                 break;
  99:Generated_Source\PSoC5/SPIS_1_INT.c ****             }
 100:Generated_Source\PSoC5/SPIS_1_INT.c ****         }
 101:Generated_Source\PSoC5/SPIS_1_INT.c **** 
 102:Generated_Source\PSoC5/SPIS_1_INT.c ****         /* If Buffer is empty then disable TX FIFO status interrupt until there is data in the buff
 103:Generated_Source\PSoC5/SPIS_1_INT.c ****         if(SPIS_1_txBufferRead == SPIS_1_txBufferWrite)
  74              		.loc 1 103 0
  75 0034 114B     		ldr	r3, .L11
  76 0036 1A78     		ldrb	r2, [r3]	@ zero_extendqisi2
  77 0038 114B     		ldr	r3, .L11+4
  78 003a 1B78     		ldrb	r3, [r3]	@ zero_extendqisi2
  79 003c 9A42     		cmp	r2, r3
  80 003e 1CD1     		bne	.L1
 104:Generated_Source\PSoC5/SPIS_1_INT.c ****         {
 105:Generated_Source\PSoC5/SPIS_1_INT.c ****             SPIS_1_TX_STATUS_MASK_REG &= ((uint8)~SPIS_1_STS_TX_FIFO_NOT_FULL);
  81              		.loc 1 105 0
  82 0040 144A     		ldr	r2, .L11+24
  83 0042 1378     		ldrb	r3, [r2]	@ zero_extendqisi2
  84 0044 03F0FD03 		and	r3, r3, #253
  85 0048 1370     		strb	r3, [r2]
 106:Generated_Source\PSoC5/SPIS_1_INT.c ****         }
 107:Generated_Source\PSoC5/SPIS_1_INT.c **** 
 108:Generated_Source\PSoC5/SPIS_1_INT.c ****     #endif /* SPIS_1_TX_SOFTWARE_BUF_ENABLED */
 109:Generated_Source\PSoC5/SPIS_1_INT.c **** 
 110:Generated_Source\PSoC5/SPIS_1_INT.c ****     /* User code required at end of ISR (Optional) */
 111:Generated_Source\PSoC5/SPIS_1_INT.c ****     /* `#START SPIS_1_ISR_TX_END` */
 112:Generated_Source\PSoC5/SPIS_1_INT.c **** 
 113:Generated_Source\PSoC5/SPIS_1_INT.c ****     /* `#END` */
 114:Generated_Source\PSoC5/SPIS_1_INT.c ****     
 115:Generated_Source\PSoC5/SPIS_1_INT.c ****     #ifdef SPIS_1_TX_ISR_EXIT_CALLBACK
 116:Generated_Source\PSoC5/SPIS_1_INT.c ****         SPIS_1_TX_ISR_ExitCallback();
 117:Generated_Source\PSoC5/SPIS_1_INT.c ****     #endif /* SPIS_1_TX_ISR_EXIT_CALLBACK */
 118:Generated_Source\PSoC5/SPIS_1_INT.c ****    }
  86              		.loc 1 118 0
  87 004a 16E0     		b	.L1
  88              	.LVL3:
  89              	.L3:
  78:Generated_Source\PSoC5/SPIS_1_INT.c ****                 {
  90              		.loc 1 78 0
  91 004c 0278     		ldrb	r2, [r0]	@ zero_extendqisi2
  92 004e 02F0FF0C 		and	ip, r2, #255
  93 0052 4AB9     		cbnz	r2, .L6
  80:Generated_Source\PSoC5/SPIS_1_INT.c **** 
  94              		.loc 1 80 0
  95 0054 1A78     		ldrb	r2, [r3]	@ zero_extendqisi2
  96 0056 0132     		adds	r2, r2, #1
  97 0058 D2B2     		uxtb	r2, r2
  98 005a 1A70     		strb	r2, [r3]
  99              	.LVL4:
  82:Generated_Source\PSoC5/SPIS_1_INT.c ****                     {
 100              		.loc 1 82 0
 101 005c 1A78     		ldrb	r2, [r3]	@ zero_extendqisi2
 102 005e 072A     		cmp	r2, #7
ARM GAS  C:\Users\Joe\AppData\Local\Temp\cciIUQmc.s 			page 5


 103 0060 04D9     		bls	.L7
  84:Generated_Source\PSoC5/SPIS_1_INT.c ****                     }
 104              		.loc 1 84 0
 105 0062 83F800C0 		strb	ip, [r3]
 106 0066 01E0     		b	.L7
 107              	.LVL5:
 108              	.L6:
  89:Generated_Source\PSoC5/SPIS_1_INT.c ****                 }
 109              		.loc 1 89 0
 110 0068 0022     		movs	r2, #0
 111 006a 0270     		strb	r2, [r0]
 112              	.LVL6:
 113              	.L7:
  93:Generated_Source\PSoC5/SPIS_1_INT.c ****                                              SPIS_1_txBuffer[SPIS_1_txBufferRead]);
 114              		.loc 1 93 0
 115 006c 2A78     		ldrb	r2, [r5]	@ zero_extendqisi2
 116 006e D2B2     		uxtb	r2, r2
 117 0070 BA5C     		ldrb	r2, [r7, r2]	@ zero_extendqisi2
 118 0072 D2B2     		uxtb	r2, r2
 119 0074 8EF80020 		strb	r2, [lr]
 120 0078 CCE7     		b	.L2
 121              	.L1:
 122 007a F0BD     		pop	{r4, r5, r6, r7, pc}
 123              	.L12:
 124              		.align	2
 125              	.L11:
 126 007c 00000000 		.word	SPIS_1_txBufferRead
 127 0080 00000000 		.word	SPIS_1_txBufferWrite
 128 0084 67640040 		.word	1073767527
 129 0088 00000000 		.word	SPIS_1_swStatusTx
 130 008c 00000000 		.word	SPIS_1_txBufferFull
 131 0090 00000000 		.word	SPIS_1_txBuffer
 132 0094 87640040 		.word	1073767559
 133 0098 42640040 		.word	1073767490
 134              		.cfi_endproc
 135              	.LFE0:
 136              		.size	SPIS_1_TX_ISR, .-SPIS_1_TX_ISR
 137              		.section	.text.SPIS_1_RX_ISR,"ax",%progbits
 138              		.align	1
 139              		.global	SPIS_1_RX_ISR
 140              		.thumb
 141              		.thumb_func
 142              		.type	SPIS_1_RX_ISR, %function
 143              	SPIS_1_RX_ISR:
 144              	.LFB1:
 119:Generated_Source\PSoC5/SPIS_1_INT.c **** 
 120:Generated_Source\PSoC5/SPIS_1_INT.c **** 
 121:Generated_Source\PSoC5/SPIS_1_INT.c **** /*******************************************************************************
 122:Generated_Source\PSoC5/SPIS_1_INT.c **** * Function Name: SPIS_1_RX_ISR
 123:Generated_Source\PSoC5/SPIS_1_INT.c **** *
 124:Generated_Source\PSoC5/SPIS_1_INT.c **** * Summary:
 125:Generated_Source\PSoC5/SPIS_1_INT.c **** *  Interrupt Service Routine for RX portion of the SPI Slave.
 126:Generated_Source\PSoC5/SPIS_1_INT.c **** *
 127:Generated_Source\PSoC5/SPIS_1_INT.c **** * Parameters:
 128:Generated_Source\PSoC5/SPIS_1_INT.c **** *  None.
 129:Generated_Source\PSoC5/SPIS_1_INT.c **** *
 130:Generated_Source\PSoC5/SPIS_1_INT.c **** * Return:
ARM GAS  C:\Users\Joe\AppData\Local\Temp\cciIUQmc.s 			page 6


 131:Generated_Source\PSoC5/SPIS_1_INT.c **** *  None.
 132:Generated_Source\PSoC5/SPIS_1_INT.c **** *
 133:Generated_Source\PSoC5/SPIS_1_INT.c **** * Global variables:
 134:Generated_Source\PSoC5/SPIS_1_INT.c **** *  SPIS_1_rxBufferWrite - used for the account of the bytes which
 135:Generated_Source\PSoC5/SPIS_1_INT.c **** *  have been written down in the RX software buffer modified when FIFO contains
 136:Generated_Source\PSoC5/SPIS_1_INT.c **** *  new data.
 137:Generated_Source\PSoC5/SPIS_1_INT.c **** *  SPIS_1_rxBufferRead - used for the account of the bytes which
 138:Generated_Source\PSoC5/SPIS_1_INT.c **** *  have been read from the RX software buffer, modified when overflow occurred.
 139:Generated_Source\PSoC5/SPIS_1_INT.c **** *  SPIS_1_rxBuffer[SPIS_1_RX_BUFFER_SIZE] - used to store
 140:Generated_Source\PSoC5/SPIS_1_INT.c **** *  received data, modified when FIFO contains new data.
 141:Generated_Source\PSoC5/SPIS_1_INT.c **** *  All described above Global variables are used when Software Buffer is used.
 142:Generated_Source\PSoC5/SPIS_1_INT.c **** *
 143:Generated_Source\PSoC5/SPIS_1_INT.c **** *******************************************************************************/
 144:Generated_Source\PSoC5/SPIS_1_INT.c **** CY_ISR(SPIS_1_RX_ISR)
 145:Generated_Source\PSoC5/SPIS_1_INT.c **** {
 145              		.loc 1 145 0
 146              		.cfi_startproc
 147              		@ args = 0, pretend = 0, frame = 0
 148              		@ frame_needed = 0, uses_anonymous_args = 0
 149 0000 2DE9F047 		push	{r4, r5, r6, r7, r8, r9, r10, lr}
 150              		.cfi_def_cfa_offset 32
 151              		.cfi_offset 4, -32
 152              		.cfi_offset 5, -28
 153              		.cfi_offset 6, -24
 154              		.cfi_offset 7, -20
 155              		.cfi_offset 8, -16
 156              		.cfi_offset 9, -12
 157              		.cfi_offset 10, -8
 158              		.cfi_offset 14, -4
 146:Generated_Source\PSoC5/SPIS_1_INT.c ****     #if(SPIS_1_RX_SOFTWARE_BUF_ENABLED)
 147:Generated_Source\PSoC5/SPIS_1_INT.c ****         uint8 tmpStatus;
 148:Generated_Source\PSoC5/SPIS_1_INT.c ****         uint8 rxData;
 149:Generated_Source\PSoC5/SPIS_1_INT.c ****     #endif /* (SPIS_1_TX_SOFTWARE_BUF_ENABLED) */
 150:Generated_Source\PSoC5/SPIS_1_INT.c **** 
 151:Generated_Source\PSoC5/SPIS_1_INT.c ****     #ifdef SPIS_1_RX_ISR_ENTRY_CALLBACK
 152:Generated_Source\PSoC5/SPIS_1_INT.c ****         SPIS_1_RX_ISR_EntryCallback();
 153:Generated_Source\PSoC5/SPIS_1_INT.c ****     #endif /* SPIS_1_RX_ISR_ENTRY_CALLBACK */
 154:Generated_Source\PSoC5/SPIS_1_INT.c **** 
 155:Generated_Source\PSoC5/SPIS_1_INT.c ****     /* User code required at start of ISR */
 156:Generated_Source\PSoC5/SPIS_1_INT.c ****     /* `#START SPIS_1_RX_ISR_START` */
 157:Generated_Source\PSoC5/SPIS_1_INT.c **** 
 158:Generated_Source\PSoC5/SPIS_1_INT.c ****     /* `#END` */
 159:Generated_Source\PSoC5/SPIS_1_INT.c ****     
 160:Generated_Source\PSoC5/SPIS_1_INT.c ****     #if(SPIS_1_RX_SOFTWARE_BUF_ENABLED)
 161:Generated_Source\PSoC5/SPIS_1_INT.c ****         tmpStatus = SPIS_1_GET_STATUS_RX(SPIS_1_swStatusRx);
 159              		.loc 1 161 0
 160 0004 1F4B     		ldr	r3, .L20
 161 0006 204C     		ldr	r4, .L20+4
 162:Generated_Source\PSoC5/SPIS_1_INT.c ****         SPIS_1_swStatusRx = tmpStatus;
 163:Generated_Source\PSoC5/SPIS_1_INT.c ****         /* See if RX data FIFO has some data and if it can be moved to the RX Buffer */
 164:Generated_Source\PSoC5/SPIS_1_INT.c ****         while((SPIS_1_swStatusRx & SPIS_1_STS_RX_FIFO_NOT_EMPTY) != 0u)
 165:Generated_Source\PSoC5/SPIS_1_INT.c ****         {
 166:Generated_Source\PSoC5/SPIS_1_INT.c ****             rxData = CY_GET_REG8(SPIS_1_RXDATA_PTR);
 162              		.loc 1 166 0
 163 0008 204F     		ldr	r7, .L20+8
 161:Generated_Source\PSoC5/SPIS_1_INT.c ****         SPIS_1_swStatusRx = tmpStatus;
 164              		.loc 1 161 0
ARM GAS  C:\Users\Joe\AppData\Local\Temp\cciIUQmc.s 			page 7


 165 000a 2178     		ldrb	r1, [r4]	@ zero_extendqisi2
 166 000c 1A78     		ldrb	r2, [r3]	@ zero_extendqisi2
 167:Generated_Source\PSoC5/SPIS_1_INT.c **** 
 168:Generated_Source\PSoC5/SPIS_1_INT.c ****             /* Set next pointer. */
 169:Generated_Source\PSoC5/SPIS_1_INT.c ****             SPIS_1_rxBufferWrite++;
 170:Generated_Source\PSoC5/SPIS_1_INT.c ****             if(SPIS_1_rxBufferWrite >= SPIS_1_RX_BUFFER_SIZE)
 171:Generated_Source\PSoC5/SPIS_1_INT.c ****             {
 172:Generated_Source\PSoC5/SPIS_1_INT.c ****                 SPIS_1_rxBufferWrite = 0u;
 173:Generated_Source\PSoC5/SPIS_1_INT.c ****             }
 174:Generated_Source\PSoC5/SPIS_1_INT.c **** 
 175:Generated_Source\PSoC5/SPIS_1_INT.c ****             if(SPIS_1_rxBufferWrite == SPIS_1_rxBufferRead)
 176:Generated_Source\PSoC5/SPIS_1_INT.c ****             {
 177:Generated_Source\PSoC5/SPIS_1_INT.c ****                 SPIS_1_rxBufferRead++;
 178:Generated_Source\PSoC5/SPIS_1_INT.c ****                 if(SPIS_1_rxBufferRead >= SPIS_1_RX_BUFFER_SIZE)
 179:Generated_Source\PSoC5/SPIS_1_INT.c ****                 {
 180:Generated_Source\PSoC5/SPIS_1_INT.c ****                     SPIS_1_rxBufferRead = 0u;
 181:Generated_Source\PSoC5/SPIS_1_INT.c ****                 }
 182:Generated_Source\PSoC5/SPIS_1_INT.c ****                 SPIS_1_rxBufferFull = 1u;
 167              		.loc 1 182 0
 168 000e DFF888E0 		ldr	lr, .L20+20
 161:Generated_Source\PSoC5/SPIS_1_INT.c ****         SPIS_1_swStatusRx = tmpStatus;
 169              		.loc 1 161 0
 170 0012 02F06102 		and	r2, r2, #97
 171 0016 0A43     		orrs	r2, r2, r1
 172              	.LVL7:
 162:Generated_Source\PSoC5/SPIS_1_INT.c ****         /* See if RX data FIFO has some data and if it can be moved to the RX Buffer */
 173              		.loc 1 162 0
 174 0018 1A70     		strb	r2, [r3]
 169:Generated_Source\PSoC5/SPIS_1_INT.c ****             if(SPIS_1_rxBufferWrite >= SPIS_1_RX_BUFFER_SIZE)
 175              		.loc 1 169 0
 176 001a 1D4A     		ldr	r2, .L20+12
 177              	.LVL8:
 175:Generated_Source\PSoC5/SPIS_1_INT.c ****             {
 178              		.loc 1 175 0
 179 001c 1D49     		ldr	r1, .L20+16
 180 001e 1546     		mov	r5, r2
 183:Generated_Source\PSoC5/SPIS_1_INT.c ****             }
 184:Generated_Source\PSoC5/SPIS_1_INT.c **** 
 185:Generated_Source\PSoC5/SPIS_1_INT.c ****             /* Move data from the FIFO to the Buffer */
 186:Generated_Source\PSoC5/SPIS_1_INT.c ****             SPIS_1_rxBuffer[SPIS_1_rxBufferWrite] = rxData;
 181              		.loc 1 186 0
 182 0020 DFF87880 		ldr	r8, .L20+24
 172:Generated_Source\PSoC5/SPIS_1_INT.c ****             }
 183              		.loc 1 172 0
 184 0024 0026     		movs	r6, #0
 182:Generated_Source\PSoC5/SPIS_1_INT.c ****             }
 185              		.loc 1 182 0
 186 0026 4FF0010C 		mov	ip, #1
 187              	.LVL9:
 188              	.L14:
 164:Generated_Source\PSoC5/SPIS_1_INT.c ****         {
 189              		.loc 1 164 0
 190 002a 1878     		ldrb	r0, [r3]	@ zero_extendqisi2
 191 002c 0007     		lsls	r0, r0, #28
 192 002e 27D5     		bpl	.L19
 166:Generated_Source\PSoC5/SPIS_1_INT.c **** 
 193              		.loc 1 166 0
ARM GAS  C:\Users\Joe\AppData\Local\Temp\cciIUQmc.s 			page 8


 194 0030 97F80090 		ldrb	r9, [r7]	@ zero_extendqisi2
 169:Generated_Source\PSoC5/SPIS_1_INT.c ****             if(SPIS_1_rxBufferWrite >= SPIS_1_RX_BUFFER_SIZE)
 195              		.loc 1 169 0
 196 0034 1078     		ldrb	r0, [r2]	@ zero_extendqisi2
 166:Generated_Source\PSoC5/SPIS_1_INT.c **** 
 197              		.loc 1 166 0
 198 0036 5FFA89F9 		uxtb	r9, r9
 199              	.LVL10:
 169:Generated_Source\PSoC5/SPIS_1_INT.c ****             if(SPIS_1_rxBufferWrite >= SPIS_1_RX_BUFFER_SIZE)
 200              		.loc 1 169 0
 201 003a 0130     		adds	r0, r0, #1
 202 003c C0B2     		uxtb	r0, r0
 203 003e 1070     		strb	r0, [r2]
 170:Generated_Source\PSoC5/SPIS_1_INT.c ****             {
 204              		.loc 1 170 0
 205 0040 1078     		ldrb	r0, [r2]	@ zero_extendqisi2
 206 0042 0728     		cmp	r0, #7
 172:Generated_Source\PSoC5/SPIS_1_INT.c ****             }
 207              		.loc 1 172 0
 208 0044 88BF     		it	hi
 209 0046 1670     		strbhi	r6, [r2]
 175:Generated_Source\PSoC5/SPIS_1_INT.c ****             {
 210              		.loc 1 175 0
 211 0048 95F800A0 		ldrb	r10, [r5]	@ zero_extendqisi2
 212 004c 0878     		ldrb	r0, [r1]	@ zero_extendqisi2
 213 004e 8245     		cmp	r10, r0
 214 0050 09D1     		bne	.L16
 177:Generated_Source\PSoC5/SPIS_1_INT.c ****                 if(SPIS_1_rxBufferRead >= SPIS_1_RX_BUFFER_SIZE)
 215              		.loc 1 177 0
 216 0052 0878     		ldrb	r0, [r1]	@ zero_extendqisi2
 217 0054 0130     		adds	r0, r0, #1
 218 0056 C0B2     		uxtb	r0, r0
 219 0058 0870     		strb	r0, [r1]
 178:Generated_Source\PSoC5/SPIS_1_INT.c ****                 {
 220              		.loc 1 178 0
 221 005a 0878     		ldrb	r0, [r1]	@ zero_extendqisi2
 222 005c 0728     		cmp	r0, #7
 180:Generated_Source\PSoC5/SPIS_1_INT.c ****                 }
 223              		.loc 1 180 0
 224 005e 88BF     		it	hi
 225 0060 0E70     		strbhi	r6, [r1]
 182:Generated_Source\PSoC5/SPIS_1_INT.c ****             }
 226              		.loc 1 182 0
 227 0062 8EF800C0 		strb	ip, [lr]
 228              	.L16:
 229              		.loc 1 186 0
 230 0066 2878     		ldrb	r0, [r5]	@ zero_extendqisi2
 231 0068 C0B2     		uxtb	r0, r0
 232 006a 08F80090 		strb	r9, [r8, r0]
 187:Generated_Source\PSoC5/SPIS_1_INT.c **** 
 188:Generated_Source\PSoC5/SPIS_1_INT.c ****             tmpStatus = SPIS_1_GET_STATUS_RX(SPIS_1_swStatusRx);
 233              		.loc 1 188 0
 234 006e 94F80090 		ldrb	r9, [r4]	@ zero_extendqisi2
 235              	.LVL11:
 236 0072 1878     		ldrb	r0, [r3]	@ zero_extendqisi2
 237              	.LVL12:
 238 0074 00F06100 		and	r0, r0, #97
ARM GAS  C:\Users\Joe\AppData\Local\Temp\cciIUQmc.s 			page 9


 239 0078 49EA0000 		orr	r0, r9, r0
 240              	.LVL13:
 189:Generated_Source\PSoC5/SPIS_1_INT.c ****             SPIS_1_swStatusRx = tmpStatus;
 241              		.loc 1 189 0
 242 007c 1870     		strb	r0, [r3]
 243 007e D4E7     		b	.L14
 244              	.LVL14:
 245              	.L19:
 190:Generated_Source\PSoC5/SPIS_1_INT.c ****         }
 191:Generated_Source\PSoC5/SPIS_1_INT.c ****     #endif /* SPIS_1_RX_SOFTWARE_BUF_ENABLED */
 192:Generated_Source\PSoC5/SPIS_1_INT.c **** 
 193:Generated_Source\PSoC5/SPIS_1_INT.c ****     /* User code required at end of ISR (Optional) */
 194:Generated_Source\PSoC5/SPIS_1_INT.c ****     /* `#START SPIS_1_RX_ISR_END` */
 195:Generated_Source\PSoC5/SPIS_1_INT.c **** 
 196:Generated_Source\PSoC5/SPIS_1_INT.c ****     /* `#END` */
 197:Generated_Source\PSoC5/SPIS_1_INT.c **** 
 198:Generated_Source\PSoC5/SPIS_1_INT.c ****     #ifdef SPIS_1_RX_ISR_EXIT_CALLBACK
 199:Generated_Source\PSoC5/SPIS_1_INT.c ****         SPIS_1_RX_ISR_ExitCallback();
 200:Generated_Source\PSoC5/SPIS_1_INT.c ****     #endif /* SPIS_1_RX_ISR_EXIT_CALLBACK */
 201:Generated_Source\PSoC5/SPIS_1_INT.c **** }
 246              		.loc 1 201 0
 247 0080 BDE8F087 		pop	{r4, r5, r6, r7, r8, r9, r10, pc}
 248              	.L21:
 249              		.align	2
 250              	.L20:
 251 0084 00000000 		.word	SPIS_1_swStatusRx
 252 0088 64640040 		.word	1073767524
 253 008c 52640040 		.word	1073767506
 254 0090 00000000 		.word	SPIS_1_rxBufferWrite
 255 0094 00000000 		.word	SPIS_1_rxBufferRead
 256 0098 00000000 		.word	SPIS_1_rxBufferFull
 257 009c 00000000 		.word	SPIS_1_rxBuffer
 258              		.cfi_endproc
 259              	.LFE1:
 260              		.size	SPIS_1_RX_ISR, .-SPIS_1_RX_ISR
 261              		.text
 262              	.Letext0:
 263              		.file 2 "Generated_Source\\PSoC5\\cytypes.h"
 264              		.file 3 "Generated_Source\\PSoC5\\SPIS_1_PVT.h"
 265              		.section	.debug_info,"",%progbits
 266              	.Ldebug_info0:
 267 0000 89010000 		.4byte	0x189
 268 0004 0400     		.2byte	0x4
 269 0006 00000000 		.4byte	.Ldebug_abbrev0
 270 000a 04       		.byte	0x4
 271 000b 01       		.uleb128 0x1
 272 000c AB000000 		.4byte	.LASF30
 273 0010 0C       		.byte	0xc
 274 0011 6E000000 		.4byte	.LASF31
 275 0015 0F020000 		.4byte	.LASF32
 276 0019 00000000 		.4byte	.Ldebug_ranges0+0
 277 001d 00000000 		.4byte	0
 278 0021 00000000 		.4byte	.Ldebug_line0
 279 0025 02       		.uleb128 0x2
 280 0026 01       		.byte	0x1
 281 0027 06       		.byte	0x6
 282 0028 3F020000 		.4byte	.LASF0
ARM GAS  C:\Users\Joe\AppData\Local\Temp\cciIUQmc.s 			page 10


 283 002c 02       		.uleb128 0x2
 284 002d 01       		.byte	0x1
 285 002e 08       		.byte	0x8
 286 002f 98000000 		.4byte	.LASF1
 287 0033 02       		.uleb128 0x2
 288 0034 02       		.byte	0x2
 289 0035 05       		.byte	0x5
 290 0036 E6010000 		.4byte	.LASF2
 291 003a 02       		.uleb128 0x2
 292 003b 02       		.byte	0x2
 293 003c 07       		.byte	0x7
 294 003d 5B000000 		.4byte	.LASF3
 295 0041 02       		.uleb128 0x2
 296 0042 04       		.byte	0x4
 297 0043 05       		.byte	0x5
 298 0044 F0010000 		.4byte	.LASF4
 299 0048 02       		.uleb128 0x2
 300 0049 04       		.byte	0x4
 301 004a 07       		.byte	0x7
 302 004b 80010000 		.4byte	.LASF5
 303 004f 02       		.uleb128 0x2
 304 0050 08       		.byte	0x8
 305 0051 05       		.byte	0x5
 306 0052 BF010000 		.4byte	.LASF6
 307 0056 02       		.uleb128 0x2
 308 0057 08       		.byte	0x8
 309 0058 07       		.byte	0x7
 310 0059 9F010000 		.4byte	.LASF7
 311 005d 03       		.uleb128 0x3
 312 005e 04       		.byte	0x4
 313 005f 05       		.byte	0x5
 314 0060 696E7400 		.ascii	"int\000"
 315 0064 02       		.uleb128 0x2
 316 0065 04       		.byte	0x4
 317 0066 07       		.byte	0x7
 318 0067 92010000 		.4byte	.LASF8
 319 006b 04       		.uleb128 0x4
 320 006c 39010000 		.4byte	.LASF12
 321 0070 02       		.byte	0x2
 322 0071 9201     		.2byte	0x192
 323 0073 2C000000 		.4byte	0x2c
 324 0077 02       		.uleb128 0x2
 325 0078 04       		.byte	0x4
 326 0079 04       		.byte	0x4
 327 007a 92000000 		.4byte	.LASF9
 328 007e 02       		.uleb128 0x2
 329 007f 08       		.byte	0x8
 330 0080 04       		.byte	0x4
 331 0081 64010000 		.4byte	.LASF10
 332 0085 02       		.uleb128 0x2
 333 0086 01       		.byte	0x1
 334 0087 08       		.byte	0x8
 335 0088 CD010000 		.4byte	.LASF11
 336 008c 04       		.uleb128 0x4
 337 008d A6000000 		.4byte	.LASF13
 338 0091 02       		.byte	0x2
 339 0092 3C02     		.2byte	0x23c
ARM GAS  C:\Users\Joe\AppData\Local\Temp\cciIUQmc.s 			page 11


 340 0094 98000000 		.4byte	0x98
 341 0098 05       		.uleb128 0x5
 342 0099 6B000000 		.4byte	0x6b
 343 009d 02       		.uleb128 0x2
 344 009e 08       		.byte	0x8
 345 009f 04       		.byte	0x4
 346 00a0 03020000 		.4byte	.LASF14
 347 00a4 02       		.uleb128 0x2
 348 00a5 04       		.byte	0x4
 349 00a6 07       		.byte	0x7
 350 00a7 B6010000 		.4byte	.LASF15
 351 00ab 06       		.uleb128 0x6
 352 00ac 00000000 		.4byte	.LASF16
 353 00b0 01       		.byte	0x1
 354 00b1 33       		.byte	0x33
 355 00b2 00000000 		.4byte	.LFB0
 356 00b6 9C000000 		.4byte	.LFE0-.LFB0
 357 00ba 01       		.uleb128 0x1
 358 00bb 9C       		.byte	0x9c
 359 00bc D0000000 		.4byte	0xd0
 360 00c0 07       		.uleb128 0x7
 361 00c1 F9010000 		.4byte	.LASF18
 362 00c5 01       		.byte	0x1
 363 00c6 37       		.byte	0x37
 364 00c7 6B000000 		.4byte	0x6b
 365 00cb 00000000 		.4byte	.LLST0
 366 00cf 00       		.byte	0
 367 00d0 06       		.uleb128 0x6
 368 00d1 56010000 		.4byte	.LASF17
 369 00d5 01       		.byte	0x1
 370 00d6 90       		.byte	0x90
 371 00d7 00000000 		.4byte	.LFB1
 372 00db A0000000 		.4byte	.LFE1-.LFB1
 373 00df 01       		.uleb128 0x1
 374 00e0 9C       		.byte	0x9c
 375 00e1 04010000 		.4byte	0x104
 376 00e5 07       		.uleb128 0x7
 377 00e6 F9010000 		.4byte	.LASF18
 378 00ea 01       		.byte	0x1
 379 00eb 93       		.byte	0x93
 380 00ec 6B000000 		.4byte	0x6b
 381 00f0 37000000 		.4byte	.LLST1
 382 00f4 07       		.uleb128 0x7
 383 00f5 4F010000 		.4byte	.LASF19
 384 00f9 01       		.byte	0x1
 385 00fa 94       		.byte	0x94
 386 00fb 6B000000 		.4byte	0x6b
 387 00ff 61000000 		.4byte	.LLST2
 388 0103 00       		.byte	0
 389 0104 08       		.uleb128 0x8
 390 0105 49000000 		.4byte	.LASF20
 391 0109 03       		.byte	0x3
 392 010a 20       		.byte	0x20
 393 010b 98000000 		.4byte	0x98
 394 010f 08       		.uleb128 0x8
 395 0110 0E000000 		.4byte	.LASF21
 396 0114 03       		.byte	0x3
ARM GAS  C:\Users\Joe\AppData\Local\Temp\cciIUQmc.s 			page 12


 397 0115 21       		.byte	0x21
 398 0116 98000000 		.4byte	0x98
 399 011a 09       		.uleb128 0x9
 400 011b 98000000 		.4byte	0x98
 401 011f 2A010000 		.4byte	0x12a
 402 0123 0A       		.uleb128 0xa
 403 0124 A4000000 		.4byte	0xa4
 404 0128 07       		.byte	0x7
 405 0129 00       		.byte	0
 406 012a 08       		.uleb128 0x8
 407 012b 3F010000 		.4byte	.LASF22
 408 012f 03       		.byte	0x3
 409 0130 25       		.byte	0x25
 410 0131 35010000 		.4byte	0x135
 411 0135 05       		.uleb128 0x5
 412 0136 1A010000 		.4byte	0x11a
 413 013a 08       		.uleb128 0x8
 414 013b 20000000 		.4byte	.LASF23
 415 013f 03       		.byte	0x3
 416 0140 26       		.byte	0x26
 417 0141 98000000 		.4byte	0x98
 418 0145 08       		.uleb128 0x8
 419 0146 34000000 		.4byte	.LASF24
 420 014a 03       		.byte	0x3
 421 014b 27       		.byte	0x27
 422 014c 98000000 		.4byte	0x98
 423 0150 08       		.uleb128 0x8
 424 0151 6F020000 		.4byte	.LASF25
 425 0155 03       		.byte	0x3
 426 0156 28       		.byte	0x28
 427 0157 98000000 		.4byte	0x98
 428 015b 08       		.uleb128 0x8
 429 015c 5F020000 		.4byte	.LASF26
 430 0160 03       		.byte	0x3
 431 0161 2E       		.byte	0x2e
 432 0162 66010000 		.4byte	0x166
 433 0166 05       		.uleb128 0x5
 434 0167 1A010000 		.4byte	0x11a
 435 016b 08       		.uleb128 0x8
 436 016c 4B020000 		.4byte	.LASF27
 437 0170 03       		.byte	0x3
 438 0171 2F       		.byte	0x2f
 439 0172 98000000 		.4byte	0x98
 440 0176 08       		.uleb128 0x8
 441 0177 6B010000 		.4byte	.LASF28
 442 017b 03       		.byte	0x3
 443 017c 30       		.byte	0x30
 444 017d 98000000 		.4byte	0x98
 445 0181 08       		.uleb128 0x8
 446 0182 D2010000 		.4byte	.LASF29
 447 0186 03       		.byte	0x3
 448 0187 31       		.byte	0x31
 449 0188 98000000 		.4byte	0x98
 450 018c 00       		.byte	0
 451              		.section	.debug_abbrev,"",%progbits
 452              	.Ldebug_abbrev0:
 453 0000 01       		.uleb128 0x1
ARM GAS  C:\Users\Joe\AppData\Local\Temp\cciIUQmc.s 			page 13


 454 0001 11       		.uleb128 0x11
 455 0002 01       		.byte	0x1
 456 0003 25       		.uleb128 0x25
 457 0004 0E       		.uleb128 0xe
 458 0005 13       		.uleb128 0x13
 459 0006 0B       		.uleb128 0xb
 460 0007 03       		.uleb128 0x3
 461 0008 0E       		.uleb128 0xe
 462 0009 1B       		.uleb128 0x1b
 463 000a 0E       		.uleb128 0xe
 464 000b 55       		.uleb128 0x55
 465 000c 17       		.uleb128 0x17
 466 000d 11       		.uleb128 0x11
 467 000e 01       		.uleb128 0x1
 468 000f 10       		.uleb128 0x10
 469 0010 17       		.uleb128 0x17
 470 0011 00       		.byte	0
 471 0012 00       		.byte	0
 472 0013 02       		.uleb128 0x2
 473 0014 24       		.uleb128 0x24
 474 0015 00       		.byte	0
 475 0016 0B       		.uleb128 0xb
 476 0017 0B       		.uleb128 0xb
 477 0018 3E       		.uleb128 0x3e
 478 0019 0B       		.uleb128 0xb
 479 001a 03       		.uleb128 0x3
 480 001b 0E       		.uleb128 0xe
 481 001c 00       		.byte	0
 482 001d 00       		.byte	0
 483 001e 03       		.uleb128 0x3
 484 001f 24       		.uleb128 0x24
 485 0020 00       		.byte	0
 486 0021 0B       		.uleb128 0xb
 487 0022 0B       		.uleb128 0xb
 488 0023 3E       		.uleb128 0x3e
 489 0024 0B       		.uleb128 0xb
 490 0025 03       		.uleb128 0x3
 491 0026 08       		.uleb128 0x8
 492 0027 00       		.byte	0
 493 0028 00       		.byte	0
 494 0029 04       		.uleb128 0x4
 495 002a 16       		.uleb128 0x16
 496 002b 00       		.byte	0
 497 002c 03       		.uleb128 0x3
 498 002d 0E       		.uleb128 0xe
 499 002e 3A       		.uleb128 0x3a
 500 002f 0B       		.uleb128 0xb
 501 0030 3B       		.uleb128 0x3b
 502 0031 05       		.uleb128 0x5
 503 0032 49       		.uleb128 0x49
 504 0033 13       		.uleb128 0x13
 505 0034 00       		.byte	0
 506 0035 00       		.byte	0
 507 0036 05       		.uleb128 0x5
 508 0037 35       		.uleb128 0x35
 509 0038 00       		.byte	0
 510 0039 49       		.uleb128 0x49
ARM GAS  C:\Users\Joe\AppData\Local\Temp\cciIUQmc.s 			page 14


 511 003a 13       		.uleb128 0x13
 512 003b 00       		.byte	0
 513 003c 00       		.byte	0
 514 003d 06       		.uleb128 0x6
 515 003e 2E       		.uleb128 0x2e
 516 003f 01       		.byte	0x1
 517 0040 3F       		.uleb128 0x3f
 518 0041 19       		.uleb128 0x19
 519 0042 03       		.uleb128 0x3
 520 0043 0E       		.uleb128 0xe
 521 0044 3A       		.uleb128 0x3a
 522 0045 0B       		.uleb128 0xb
 523 0046 3B       		.uleb128 0x3b
 524 0047 0B       		.uleb128 0xb
 525 0048 27       		.uleb128 0x27
 526 0049 19       		.uleb128 0x19
 527 004a 11       		.uleb128 0x11
 528 004b 01       		.uleb128 0x1
 529 004c 12       		.uleb128 0x12
 530 004d 06       		.uleb128 0x6
 531 004e 40       		.uleb128 0x40
 532 004f 18       		.uleb128 0x18
 533 0050 9742     		.uleb128 0x2117
 534 0052 19       		.uleb128 0x19
 535 0053 01       		.uleb128 0x1
 536 0054 13       		.uleb128 0x13
 537 0055 00       		.byte	0
 538 0056 00       		.byte	0
 539 0057 07       		.uleb128 0x7
 540 0058 34       		.uleb128 0x34
 541 0059 00       		.byte	0
 542 005a 03       		.uleb128 0x3
 543 005b 0E       		.uleb128 0xe
 544 005c 3A       		.uleb128 0x3a
 545 005d 0B       		.uleb128 0xb
 546 005e 3B       		.uleb128 0x3b
 547 005f 0B       		.uleb128 0xb
 548 0060 49       		.uleb128 0x49
 549 0061 13       		.uleb128 0x13
 550 0062 02       		.uleb128 0x2
 551 0063 17       		.uleb128 0x17
 552 0064 00       		.byte	0
 553 0065 00       		.byte	0
 554 0066 08       		.uleb128 0x8
 555 0067 34       		.uleb128 0x34
 556 0068 00       		.byte	0
 557 0069 03       		.uleb128 0x3
 558 006a 0E       		.uleb128 0xe
 559 006b 3A       		.uleb128 0x3a
 560 006c 0B       		.uleb128 0xb
 561 006d 3B       		.uleb128 0x3b
 562 006e 0B       		.uleb128 0xb
 563 006f 49       		.uleb128 0x49
 564 0070 13       		.uleb128 0x13
 565 0071 3F       		.uleb128 0x3f
 566 0072 19       		.uleb128 0x19
 567 0073 3C       		.uleb128 0x3c
ARM GAS  C:\Users\Joe\AppData\Local\Temp\cciIUQmc.s 			page 15


 568 0074 19       		.uleb128 0x19
 569 0075 00       		.byte	0
 570 0076 00       		.byte	0
 571 0077 09       		.uleb128 0x9
 572 0078 01       		.uleb128 0x1
 573 0079 01       		.byte	0x1
 574 007a 49       		.uleb128 0x49
 575 007b 13       		.uleb128 0x13
 576 007c 01       		.uleb128 0x1
 577 007d 13       		.uleb128 0x13
 578 007e 00       		.byte	0
 579 007f 00       		.byte	0
 580 0080 0A       		.uleb128 0xa
 581 0081 21       		.uleb128 0x21
 582 0082 00       		.byte	0
 583 0083 49       		.uleb128 0x49
 584 0084 13       		.uleb128 0x13
 585 0085 2F       		.uleb128 0x2f
 586 0086 0B       		.uleb128 0xb
 587 0087 00       		.byte	0
 588 0088 00       		.byte	0
 589 0089 00       		.byte	0
 590              		.section	.debug_loc,"",%progbits
 591              	.Ldebug_loc0:
 592              	.LLST0:
 593 0000 2C000000 		.4byte	.LVL0
 594 0004 30000000 		.4byte	.LVL1
 595 0008 0100     		.2byte	0x1
 596 000a 52       		.byte	0x52
 597 000b 30000000 		.4byte	.LVL1
 598 000f 34000000 		.4byte	.LVL2
 599 0013 0200     		.2byte	0x2
 600 0015 71       		.byte	0x71
 601 0016 00       		.sleb128 0
 602 0017 4C000000 		.4byte	.LVL3
 603 001b 5C000000 		.4byte	.LVL4
 604 001f 0200     		.2byte	0x2
 605 0021 71       		.byte	0x71
 606 0022 00       		.sleb128 0
 607 0023 68000000 		.4byte	.LVL5
 608 0027 6C000000 		.4byte	.LVL6
 609 002b 0200     		.2byte	0x2
 610 002d 71       		.byte	0x71
 611 002e 00       		.sleb128 0
 612 002f 00000000 		.4byte	0
 613 0033 00000000 		.4byte	0
 614              	.LLST1:
 615 0037 18000000 		.4byte	.LVL7
 616 003b 1C000000 		.4byte	.LVL8
 617 003f 0100     		.2byte	0x1
 618 0041 52       		.byte	0x52
 619 0042 1C000000 		.4byte	.LVL8
 620 0046 2A000000 		.4byte	.LVL9
 621 004a 0200     		.2byte	0x2
 622 004c 73       		.byte	0x73
 623 004d 00       		.sleb128 0
 624 004e 7C000000 		.4byte	.LVL13
ARM GAS  C:\Users\Joe\AppData\Local\Temp\cciIUQmc.s 			page 16


 625 0052 80000000 		.4byte	.LVL14
 626 0056 0100     		.2byte	0x1
 627 0058 50       		.byte	0x50
 628 0059 00000000 		.4byte	0
 629 005d 00000000 		.4byte	0
 630              	.LLST2:
 631 0061 3A000000 		.4byte	.LVL10
 632 0065 72000000 		.4byte	.LVL11
 633 0069 0100     		.2byte	0x1
 634 006b 59       		.byte	0x59
 635 006c 72000000 		.4byte	.LVL11
 636 0070 74000000 		.4byte	.LVL12
 637 0074 0500     		.2byte	0x5
 638 0076 78       		.byte	0x78
 639 0077 00       		.sleb128 0
 640 0078 70       		.byte	0x70
 641 0079 00       		.sleb128 0
 642 007a 22       		.byte	0x22
 643 007b 00000000 		.4byte	0
 644 007f 00000000 		.4byte	0
 645              		.section	.debug_aranges,"",%progbits
 646 0000 24000000 		.4byte	0x24
 647 0004 0200     		.2byte	0x2
 648 0006 00000000 		.4byte	.Ldebug_info0
 649 000a 04       		.byte	0x4
 650 000b 00       		.byte	0
 651 000c 0000     		.2byte	0
 652 000e 0000     		.2byte	0
 653 0010 00000000 		.4byte	.LFB0
 654 0014 9C000000 		.4byte	.LFE0-.LFB0
 655 0018 00000000 		.4byte	.LFB1
 656 001c A0000000 		.4byte	.LFE1-.LFB1
 657 0020 00000000 		.4byte	0
 658 0024 00000000 		.4byte	0
 659              		.section	.debug_ranges,"",%progbits
 660              	.Ldebug_ranges0:
 661 0000 00000000 		.4byte	.LFB0
 662 0004 9C000000 		.4byte	.LFE0
 663 0008 00000000 		.4byte	.LFB1
 664 000c A0000000 		.4byte	.LFE1
 665 0010 00000000 		.4byte	0
 666 0014 00000000 		.4byte	0
 667              		.section	.debug_line,"",%progbits
 668              	.Ldebug_line0:
 669 0000 CA000000 		.section	.debug_str,"MS",%progbits,1
 669      02005700 
 669      00000201 
 669      FB0E0D00 
 669      01010101 
 670              	.LASF16:
 671 0000 53504953 		.ascii	"SPIS_1_TX_ISR\000"
 671      5F315F54 
 671      585F4953 
 671      5200
 672              	.LASF21:
 673 000e 53504953 		.ascii	"SPIS_1_swStatusRx\000"
 673      5F315F73 
ARM GAS  C:\Users\Joe\AppData\Local\Temp\cciIUQmc.s 			page 17


 673      77537461 
 673      74757352 
 673      7800
 674              	.LASF23:
 675 0020 53504953 		.ascii	"SPIS_1_rxBufferRead\000"
 675      5F315F72 
 675      78427566 
 675      66657252 
 675      65616400 
 676              	.LASF24:
 677 0034 53504953 		.ascii	"SPIS_1_rxBufferWrite\000"
 677      5F315F72 
 677      78427566 
 677      66657257 
 677      72697465 
 678              	.LASF20:
 679 0049 53504953 		.ascii	"SPIS_1_swStatusTx\000"
 679      5F315F73 
 679      77537461 
 679      74757354 
 679      7800
 680              	.LASF3:
 681 005b 73686F72 		.ascii	"short unsigned int\000"
 681      7420756E 
 681      7369676E 
 681      65642069 
 681      6E7400
 682              	.LASF31:
 683 006e 47656E65 		.ascii	"Generated_Source\\PSoC5\\SPIS_1_INT.c\000"
 683      72617465 
 683      645F536F 
 683      75726365 
 683      5C50536F 
 684              	.LASF9:
 685 0092 666C6F61 		.ascii	"float\000"
 685      7400
 686              	.LASF1:
 687 0098 756E7369 		.ascii	"unsigned char\000"
 687      676E6564 
 687      20636861 
 687      7200
 688              	.LASF13:
 689 00a6 72656738 		.ascii	"reg8\000"
 689      00
 690              	.LASF30:
 691 00ab 474E5520 		.ascii	"GNU C11 5.4.1 20160609 (release) [ARM/embedded-5-br"
 691      43313120 
 691      352E342E 
 691      31203230 
 691      31363036 
 692 00de 616E6368 		.ascii	"anch revision 237715] -mcpu=cortex-m3 -mthumb -g -O"
 692      20726576 
 692      6973696F 
 692      6E203233 
 692      37373135 
 693 0111 73202D66 		.ascii	"s -ffunction-sections -ffat-lto-objects\000"
 693      66756E63 
ARM GAS  C:\Users\Joe\AppData\Local\Temp\cciIUQmc.s 			page 18


 693      74696F6E 
 693      2D736563 
 693      74696F6E 
 694              	.LASF12:
 695 0139 75696E74 		.ascii	"uint8\000"
 695      3800
 696              	.LASF22:
 697 013f 53504953 		.ascii	"SPIS_1_rxBuffer\000"
 697      5F315F72 
 697      78427566 
 697      66657200 
 698              	.LASF19:
 699 014f 72784461 		.ascii	"rxData\000"
 699      746100
 700              	.LASF17:
 701 0156 53504953 		.ascii	"SPIS_1_RX_ISR\000"
 701      5F315F52 
 701      585F4953 
 701      5200
 702              	.LASF10:
 703 0164 646F7562 		.ascii	"double\000"
 703      6C6500
 704              	.LASF28:
 705 016b 53504953 		.ascii	"SPIS_1_txBufferWrite\000"
 705      5F315F74 
 705      78427566 
 705      66657257 
 705      72697465 
 706              	.LASF5:
 707 0180 6C6F6E67 		.ascii	"long unsigned int\000"
 707      20756E73 
 707      69676E65 
 707      6420696E 
 707      7400
 708              	.LASF8:
 709 0192 756E7369 		.ascii	"unsigned int\000"
 709      676E6564 
 709      20696E74 
 709      00
 710              	.LASF7:
 711 019f 6C6F6E67 		.ascii	"long long unsigned int\000"
 711      206C6F6E 
 711      6720756E 
 711      7369676E 
 711      65642069 
 712              	.LASF15:
 713 01b6 73697A65 		.ascii	"sizetype\000"
 713      74797065 
 713      00
 714              	.LASF6:
 715 01bf 6C6F6E67 		.ascii	"long long int\000"
 715      206C6F6E 
 715      6720696E 
 715      7400
 716              	.LASF11:
 717 01cd 63686172 		.ascii	"char\000"
 717      00
ARM GAS  C:\Users\Joe\AppData\Local\Temp\cciIUQmc.s 			page 19


 718              	.LASF29:
 719 01d2 53504953 		.ascii	"SPIS_1_txBufferFull\000"
 719      5F315F74 
 719      78427566 
 719      66657246 
 719      756C6C00 
 720              	.LASF2:
 721 01e6 73686F72 		.ascii	"short int\000"
 721      7420696E 
 721      7400
 722              	.LASF4:
 723 01f0 6C6F6E67 		.ascii	"long int\000"
 723      20696E74 
 723      00
 724              	.LASF18:
 725 01f9 746D7053 		.ascii	"tmpStatus\000"
 725      74617475 
 725      7300
 726              	.LASF14:
 727 0203 6C6F6E67 		.ascii	"long double\000"
 727      20646F75 
 727      626C6500 
 728              	.LASF32:
 729 020f 443A5C44 		.ascii	"D:\\Documents\\DPEA_Projects\\RpiMIB\\Number2.cydsn"
 729      6F63756D 
 729      656E7473 
 729      5C445045 
 729      415F5072 
 730 023e 00       		.ascii	"\000"
 731              	.LASF0:
 732 023f 7369676E 		.ascii	"signed char\000"
 732      65642063 
 732      68617200 
 733              	.LASF27:
 734 024b 53504953 		.ascii	"SPIS_1_txBufferRead\000"
 734      5F315F74 
 734      78427566 
 734      66657252 
 734      65616400 
 735              	.LASF26:
 736 025f 53504953 		.ascii	"SPIS_1_txBuffer\000"
 736      5F315F74 
 736      78427566 
 736      66657200 
 737              	.LASF25:
 738 026f 53504953 		.ascii	"SPIS_1_rxBufferFull\000"
 738      5F315F72 
 738      78427566 
 738      66657246 
 738      756C6C00 
 739              		.ident	"GCC: (GNU Tools for ARM Embedded Processors) 5.4.1 20160609 (release) [ARM/embedded-5-bran
