ARM GAS  C:\Users\Joe\AppData\Local\Temp\ccw2njQc.s 			page 1


   1              		.syntax unified
   2              		.cpu cortex-m3
   3              		.fpu softvfp
   4              		.eabi_attribute 20, 1
   5              		.eabi_attribute 21, 1
   6              		.eabi_attribute 23, 3
   7              		.eabi_attribute 24, 1
   8              		.eabi_attribute 25, 1
   9              		.eabi_attribute 26, 1
  10              		.eabi_attribute 30, 6
  11              		.eabi_attribute 34, 1
  12              		.eabi_attribute 18, 4
  13              		.thumb
  14              		.syntax unified
  15              		.file	"main.c"
  16              		.text
  17              	.Ltext0:
  18              		.cfi_sections	.debug_frame
  19              		.comm	i,1,1
  20              		.section	.text.main,"ax",%progbits
  21              		.align	2
  22              		.global	main
  23              		.thumb
  24              		.thumb_func
  25              		.type	main, %function
  26              	main:
  27              	.LFB63:
  28              		.file 1 "main.c"
   1:main.c        **** /*******************************************************************************
   2:main.c        **** * File Name: main.c
   3:main.c        **** *
   4:main.c        **** * Version: 1.10
   5:main.c        **** *
   6:main.c        **** * Description:
   7:main.c        **** *  This is source code for example project of the SPI Master component.
   8:main.c        **** *  Parameters used:
   9:main.c        **** *   Mode                CPHA == 0, CPOL == 0                
  10:main.c        **** *   Data lines          MOSI+MISO
  11:main.c        **** *   Shift direction     MSB First
  12:main.c        **** *   DataBits:           8 
  13:main.c        **** *   Bit Rate            1 Mbps
  14:main.c        **** *   Clock source        External 
  15:main.c        **** *
  16:main.c        **** *  SPI communication test using DMA. 8 bytes are transmitted
  17:main.c        **** *  between SPI Master and SPI Slave.
  18:main.c        **** *  Received data are displayed on LCD. 
  19:main.c        **** *
  20:main.c        **** ********************************************************************************
  21:main.c        **** * Copyright 2012-2015, Cypress Semiconductor Corporation. All rights reserved.
  22:main.c        **** * This software is owned by Cypress Semiconductor Corporation and is protected
  23:main.c        **** * by and subject to worldwide patent and copyright laws and treaties.
  24:main.c        **** * Therefore, you may use this software only as provided in the license agreement
  25:main.c        **** * accompanying the software package from which you obtained this software.
  26:main.c        **** * CYPRESS AND ITS SUPPLIERS MAKE NO WARRANTY OF ANY KIND, EXPRESS OR IMPLIED,
  27:main.c        **** * WITH REGARD TO THIS SOFTWARE, INCLUDING, BUT NOT LIMITED TO, NONINFRINGEMENT,
  28:main.c        **** * IMPLIED WARRANTIES OF MERCHANTABILITY AND FITNESS FOR A PARTICULAR PURPOSE.
  29:main.c        **** *******************************************************************************/
ARM GAS  C:\Users\Joe\AppData\Local\Temp\ccw2njQc.s 			page 2


  30:main.c        **** 
  31:main.c        **** #include <project.h>
  32:main.c        **** 
  33:main.c        **** CY_ISR_PROTO(ComparatorIsrHandler);
  34:main.c        **** 
  35:main.c        **** 
  36:main.c        **** 
  37:main.c        ****  uint8 i;
  38:main.c        **** 
  39:main.c        **** /*******************************************************************************
  40:main.c        **** * Function Name: main
  41:main.c        **** ********************************************************************************
  42:main.c        **** 
  43:main.c        **** *******************************************************************************/
  44:main.c        **** int main()
  45:main.c        **** {
  29              		.loc 1 45 0
  30              		.cfi_startproc
  31              		@ args = 0, pretend = 0, frame = 0
  32              		@ frame_needed = 1, uses_anonymous_args = 0
  33 0000 80B5     		push	{r7, lr}
  34              		.cfi_def_cfa_offset 8
  35              		.cfi_offset 7, -8
  36              		.cfi_offset 14, -4
  37 0002 00AF     		add	r7, sp, #0
  38              		.cfi_def_cfa_register 7
  46:main.c        ****     
  47:main.c        ****     isr_Comp1_StartEx(ComparatorIsrHandler);
  39              		.loc 1 47 0
  40 0004 1548     		ldr	r0, .L4
  41 0006 FFF7FEFF 		bl	isr_Comp1_StartEx
  48:main.c        ****     Comp_1_Start();
  42              		.loc 1 48 0
  43 000a FFF7FEFF 		bl	Comp_1_Start
  49:main.c        **** 
  50:main.c        ****     CyDelay(2000u);
  44              		.loc 1 50 0
  45 000e 4FF4FA60 		mov	r0, #2000
  46 0012 FFF7FEFF 		bl	CyDelay
  51:main.c        ****     /* Enable Battery Backup circuit and interface circuits between RPi and PSOC  */
  52:main.c        ****     EnableBattery_Write(3u);
  47              		.loc 1 52 0
  48 0016 0320     		movs	r0, #3
  49 0018 FFF7FEFF 		bl	EnableBattery_Write
  53:main.c        ****    isr_Comp1_ClearPending();  
  50              		.loc 1 53 0
  51 001c FFF7FEFF 		bl	isr_Comp1_ClearPending
  54:main.c        ****     isr_Comp1_Start();
  52              		.loc 1 54 0
  53 0020 FFF7FEFF 		bl	isr_Comp1_Start
  55:main.c        ****      
  56:main.c        ****     
  57:main.c        ****     SPIM_1_Start();
  54              		.loc 1 57 0
  55 0024 FFF7FEFF 		bl	SPIM_1_Start
  58:main.c        ****     SPIM_1_ClearFIFO();
  56              		.loc 1 58 0
ARM GAS  C:\Users\Joe\AppData\Local\Temp\ccw2njQc.s 			page 3


  57 0028 FFF7FEFF 		bl	SPIM_1_ClearFIFO
  59:main.c        ****     SPIM_1_ClearRxBuffer();
  58              		.loc 1 59 0
  59 002c FFF7FEFF 		bl	SPIM_1_ClearRxBuffer
  60:main.c        ****     SPIM_1_ClearTxBuffer();
  60              		.loc 1 60 0
  61 0030 FFF7FEFF 		bl	SPIM_1_ClearTxBuffer
  61:main.c        ****    
  62:main.c        ****     CyGlobalIntEnable; 
  62              		.loc 1 62 0
  63              		.syntax unified
  64              	@ 62 "main.c" 1
  65 0034 62B6     		CPSIE   i
  66              	@ 0 "" 2
  67              		.thumb
  68              		.syntax unified
  69              	.L3:
  63:main.c        **** 
  64:main.c        ****     while (1)  {
  65:main.c        ****      
  66:main.c        ****     SPIM_1_WriteTxData(0x10);
  70              		.loc 1 66 0
  71 0036 1020     		movs	r0, #16
  72 0038 FFF7FEFF 		bl	SPIM_1_WriteTxData
  67:main.c        ****         
  68:main.c        ****     /*  wait for transmit of first data is finished  */
  69:main.c        ****         
  70:main.c        ****     while(!(SPIM_1_ReadTxStatus() & SPIM_1_STS_SPI_DONE));
  73              		.loc 1 70 0
  74 003c 00BF     		nop
  75              	.L2:
  76              		.loc 1 70 0 is_stmt 0 discriminator 1
  77 003e FFF7FEFF 		bl	SPIM_1_ReadTxStatus
  78 0042 0346     		mov	r3, r0
  79 0044 03F00103 		and	r3, r3, #1
  80 0048 002B     		cmp	r3, #0
  81 004a F8D0     		beq	.L2
  71:main.c        ****               
  72:main.c        ****     SPIM_1_WriteTxData(0x13);       
  82              		.loc 1 72 0 is_stmt 1
  83 004c 1320     		movs	r0, #19
  84 004e FFF7FEFF 		bl	SPIM_1_WriteTxData
  73:main.c        ****           
  74:main.c        ****     CyDelay(200u);
  85              		.loc 1 74 0
  86 0052 C820     		movs	r0, #200
  87 0054 FFF7FEFF 		bl	CyDelay
  75:main.c        ****     }
  88              		.loc 1 75 0
  89 0058 EDE7     		b	.L3
  90              	.L5:
  91 005a 00BF     		.align	2
  92              	.L4:
  93 005c 00000000 		.word	ComparatorIsrHandler
  94              		.cfi_endproc
  95              	.LFE63:
  96              		.size	main, .-main
ARM GAS  C:\Users\Joe\AppData\Local\Temp\ccw2njQc.s 			page 4


  97              		.section	.text.ComparatorIsrHandler,"ax",%progbits
  98              		.align	2
  99              		.global	ComparatorIsrHandler
 100              		.thumb
 101              		.thumb_func
 102              		.type	ComparatorIsrHandler, %function
 103              	ComparatorIsrHandler:
 104              	.LFB64:
  76:main.c        **** }
  77:main.c        **** 
  78:main.c        **** 
  79:main.c        **** CY_ISR(ComparatorIsrHandler)
  80:main.c        **** {
 105              		.loc 1 80 0
 106              		.cfi_startproc
 107              		@ args = 0, pretend = 0, frame = 0
 108              		@ frame_needed = 1, uses_anonymous_args = 0
 109 0000 80B5     		push	{r7, lr}
 110              		.cfi_def_cfa_offset 8
 111              		.cfi_offset 7, -8
 112              		.cfi_offset 14, -4
 113 0002 00AF     		add	r7, sp, #0
 114              		.cfi_def_cfa_register 7
  81:main.c        ****     /*  this interrupt fires  when the 24V input supply has been turned off  */
  82:main.c        ****   
  83:main.c        ****    
  84:main.c        ****     /*  send  interrupt signal to RPi to signal it to shutdown */
  85:main.c        ****   
  86:main.c        ****     /*  Wait some time to allow RPi to perform shutdown   --  no real hurry   wait 30 seconds???   
  87:main.c        ****     CyDelay(5000u);
 115              		.loc 1 87 0
 116 0004 41F28830 		movw	r0, #5000
 117 0008 FFF7FEFF 		bl	CyDelay
  88:main.c        ****     EnableBattery_Write(0u);
 118              		.loc 1 88 0
 119 000c 0020     		movs	r0, #0
 120 000e FFF7FEFF 		bl	EnableBattery_Write
  89:main.c        ****      CyDelay(5000u);   
 121              		.loc 1 89 0
 122 0012 41F28830 		movw	r0, #5000
 123 0016 FFF7FEFF 		bl	CyDelay
  90:main.c        ****      CyGlobalIntDisable;
 124              		.loc 1 90 0
 125              		.syntax unified
 126              	@ 90 "main.c" 1
 127 001a 72B6     		CPSID   i
 128              	@ 0 "" 2
  91:main.c        **** }
 129              		.loc 1 91 0
 130              		.thumb
 131              		.syntax unified
 132 001c 00BF     		nop
 133 001e 80BD     		pop	{r7, pc}
 134              		.cfi_endproc
 135              	.LFE64:
 136              		.size	ComparatorIsrHandler, .-ComparatorIsrHandler
 137              		.text
ARM GAS  C:\Users\Joe\AppData\Local\Temp\ccw2njQc.s 			page 5


 138              	.Letext0:
 139              		.file 2 "c:\\program files (x86)\\cypress\\psoc creator\\4.1\\psoc creator\\import\\gnu\\arm\\5.4.
 140              		.file 3 "c:\\program files (x86)\\cypress\\psoc creator\\4.1\\psoc creator\\import\\gnu\\arm\\5.4.
 141              		.file 4 "Generated_Source\\PSoC5/cytypes.h"
 142              		.file 5 "Generated_Source\\PSoC5/core_cm3.h"
 143              		.section	.debug_info,"",%progbits
 144              	.Ldebug_info0:
 145 0000 F3000000 		.4byte	0xf3
 146 0004 0400     		.2byte	0x4
 147 0006 00000000 		.4byte	.Ldebug_abbrev0
 148 000a 04       		.byte	0x4
 149 000b 01       		.uleb128 0x1
 150 000c 99000000 		.4byte	.LASF20
 151 0010 0C       		.byte	0xc
 152 0011 2E000000 		.4byte	.LASF21
 153 0015 3A000000 		.4byte	.LASF22
 154 0019 00000000 		.4byte	.Ldebug_ranges0+0
 155 001d 00000000 		.4byte	0
 156 0021 00000000 		.4byte	.Ldebug_line0
 157 0025 02       		.uleb128 0x2
 158 0026 01       		.byte	0x1
 159 0027 06       		.byte	0x6
 160 0028 6C010000 		.4byte	.LASF0
 161 002c 02       		.uleb128 0x2
 162 002d 01       		.byte	0x1
 163 002e 08       		.byte	0x8
 164 002f 27010000 		.4byte	.LASF1
 165 0033 02       		.uleb128 0x2
 166 0034 02       		.byte	0x2
 167 0035 05       		.byte	0x5
 168 0036 94010000 		.4byte	.LASF2
 169 003a 02       		.uleb128 0x2
 170 003b 02       		.byte	0x2
 171 003c 07       		.byte	0x7
 172 003d 0E000000 		.4byte	.LASF3
 173 0041 03       		.uleb128 0x3
 174 0042 84010000 		.4byte	.LASF9
 175 0046 02       		.byte	0x2
 176 0047 3F       		.byte	0x3f
 177 0048 4C000000 		.4byte	0x4c
 178 004c 02       		.uleb128 0x2
 179 004d 04       		.byte	0x4
 180 004e 05       		.byte	0x5
 181 004f 3A010000 		.4byte	.LASF4
 182 0053 02       		.uleb128 0x2
 183 0054 04       		.byte	0x4
 184 0055 07       		.byte	0x7
 185 0056 70000000 		.4byte	.LASF5
 186 005a 02       		.uleb128 0x2
 187 005b 08       		.byte	0x8
 188 005c 05       		.byte	0x5
 189 005d 00000000 		.4byte	.LASF6
 190 0061 02       		.uleb128 0x2
 191 0062 08       		.byte	0x8
 192 0063 07       		.byte	0x7
 193 0064 82000000 		.4byte	.LASF7
 194 0068 04       		.uleb128 0x4
ARM GAS  C:\Users\Joe\AppData\Local\Temp\ccw2njQc.s 			page 6


 195 0069 04       		.byte	0x4
 196 006a 05       		.byte	0x5
 197 006b 696E7400 		.ascii	"int\000"
 198 006f 02       		.uleb128 0x2
 199 0070 04       		.byte	0x4
 200 0071 07       		.byte	0x7
 201 0072 21000000 		.4byte	.LASF8
 202 0076 03       		.uleb128 0x3
 203 0077 9E010000 		.4byte	.LASF10
 204 007b 03       		.byte	0x3
 205 007c 2C       		.byte	0x2c
 206 007d 41000000 		.4byte	0x41
 207 0081 05       		.uleb128 0x5
 208 0082 6A000000 		.4byte	.LASF11
 209 0086 04       		.byte	0x4
 210 0087 9201     		.2byte	0x192
 211 0089 2C000000 		.4byte	0x2c
 212 008d 02       		.uleb128 0x2
 213 008e 04       		.byte	0x4
 214 008f 04       		.byte	0x4
 215 0090 8E010000 		.4byte	.LASF12
 216 0094 02       		.uleb128 0x2
 217 0095 08       		.byte	0x8
 218 0096 04       		.byte	0x4
 219 0097 43010000 		.4byte	.LASF13
 220 009b 02       		.uleb128 0x2
 221 009c 01       		.byte	0x1
 222 009d 08       		.byte	0x8
 223 009e 35010000 		.4byte	.LASF14
 224 00a2 02       		.uleb128 0x2
 225 00a3 08       		.byte	0x8
 226 00a4 04       		.byte	0x4
 227 00a5 78010000 		.4byte	.LASF15
 228 00a9 02       		.uleb128 0x2
 229 00aa 04       		.byte	0x4
 230 00ab 07       		.byte	0x7
 231 00ac A6010000 		.4byte	.LASF16
 232 00b0 06       		.uleb128 0x6
 233 00b1 35000000 		.4byte	.LASF17
 234 00b5 01       		.byte	0x1
 235 00b6 2C       		.byte	0x2c
 236 00b7 68000000 		.4byte	0x68
 237 00bb 00000000 		.4byte	.LFB63
 238 00bf 60000000 		.4byte	.LFE63-.LFB63
 239 00c3 01       		.uleb128 0x1
 240 00c4 9C       		.byte	0x9c
 241 00c5 07       		.uleb128 0x7
 242 00c6 4A010000 		.4byte	.LASF18
 243 00ca 01       		.byte	0x1
 244 00cb 4F       		.byte	0x4f
 245 00cc 00000000 		.4byte	.LFB64
 246 00d0 20000000 		.4byte	.LFE64-.LFB64
 247 00d4 01       		.uleb128 0x1
 248 00d5 9C       		.byte	0x9c
 249 00d6 08       		.uleb128 0x8
 250 00d7 5F010000 		.4byte	.LASF19
 251 00db 05       		.byte	0x5
ARM GAS  C:\Users\Joe\AppData\Local\Temp\ccw2njQc.s 			page 7


 252 00dc 1207     		.2byte	0x712
 253 00de E2000000 		.4byte	0xe2
 254 00e2 09       		.uleb128 0x9
 255 00e3 76000000 		.4byte	0x76
 256 00e7 0A       		.uleb128 0xa
 257 00e8 6900     		.ascii	"i\000"
 258 00ea 01       		.byte	0x1
 259 00eb 25       		.byte	0x25
 260 00ec 81000000 		.4byte	0x81
 261 00f0 05       		.uleb128 0x5
 262 00f1 03       		.byte	0x3
 263 00f2 00000000 		.4byte	i
 264 00f6 00       		.byte	0
 265              		.section	.debug_abbrev,"",%progbits
 266              	.Ldebug_abbrev0:
 267 0000 01       		.uleb128 0x1
 268 0001 11       		.uleb128 0x11
 269 0002 01       		.byte	0x1
 270 0003 25       		.uleb128 0x25
 271 0004 0E       		.uleb128 0xe
 272 0005 13       		.uleb128 0x13
 273 0006 0B       		.uleb128 0xb
 274 0007 03       		.uleb128 0x3
 275 0008 0E       		.uleb128 0xe
 276 0009 1B       		.uleb128 0x1b
 277 000a 0E       		.uleb128 0xe
 278 000b 55       		.uleb128 0x55
 279 000c 17       		.uleb128 0x17
 280 000d 11       		.uleb128 0x11
 281 000e 01       		.uleb128 0x1
 282 000f 10       		.uleb128 0x10
 283 0010 17       		.uleb128 0x17
 284 0011 00       		.byte	0
 285 0012 00       		.byte	0
 286 0013 02       		.uleb128 0x2
 287 0014 24       		.uleb128 0x24
 288 0015 00       		.byte	0
 289 0016 0B       		.uleb128 0xb
 290 0017 0B       		.uleb128 0xb
 291 0018 3E       		.uleb128 0x3e
 292 0019 0B       		.uleb128 0xb
 293 001a 03       		.uleb128 0x3
 294 001b 0E       		.uleb128 0xe
 295 001c 00       		.byte	0
 296 001d 00       		.byte	0
 297 001e 03       		.uleb128 0x3
 298 001f 16       		.uleb128 0x16
 299 0020 00       		.byte	0
 300 0021 03       		.uleb128 0x3
 301 0022 0E       		.uleb128 0xe
 302 0023 3A       		.uleb128 0x3a
 303 0024 0B       		.uleb128 0xb
 304 0025 3B       		.uleb128 0x3b
 305 0026 0B       		.uleb128 0xb
 306 0027 49       		.uleb128 0x49
 307 0028 13       		.uleb128 0x13
 308 0029 00       		.byte	0
ARM GAS  C:\Users\Joe\AppData\Local\Temp\ccw2njQc.s 			page 8


 309 002a 00       		.byte	0
 310 002b 04       		.uleb128 0x4
 311 002c 24       		.uleb128 0x24
 312 002d 00       		.byte	0
 313 002e 0B       		.uleb128 0xb
 314 002f 0B       		.uleb128 0xb
 315 0030 3E       		.uleb128 0x3e
 316 0031 0B       		.uleb128 0xb
 317 0032 03       		.uleb128 0x3
 318 0033 08       		.uleb128 0x8
 319 0034 00       		.byte	0
 320 0035 00       		.byte	0
 321 0036 05       		.uleb128 0x5
 322 0037 16       		.uleb128 0x16
 323 0038 00       		.byte	0
 324 0039 03       		.uleb128 0x3
 325 003a 0E       		.uleb128 0xe
 326 003b 3A       		.uleb128 0x3a
 327 003c 0B       		.uleb128 0xb
 328 003d 3B       		.uleb128 0x3b
 329 003e 05       		.uleb128 0x5
 330 003f 49       		.uleb128 0x49
 331 0040 13       		.uleb128 0x13
 332 0041 00       		.byte	0
 333 0042 00       		.byte	0
 334 0043 06       		.uleb128 0x6
 335 0044 2E       		.uleb128 0x2e
 336 0045 00       		.byte	0
 337 0046 3F       		.uleb128 0x3f
 338 0047 19       		.uleb128 0x19
 339 0048 03       		.uleb128 0x3
 340 0049 0E       		.uleb128 0xe
 341 004a 3A       		.uleb128 0x3a
 342 004b 0B       		.uleb128 0xb
 343 004c 3B       		.uleb128 0x3b
 344 004d 0B       		.uleb128 0xb
 345 004e 49       		.uleb128 0x49
 346 004f 13       		.uleb128 0x13
 347 0050 11       		.uleb128 0x11
 348 0051 01       		.uleb128 0x1
 349 0052 12       		.uleb128 0x12
 350 0053 06       		.uleb128 0x6
 351 0054 40       		.uleb128 0x40
 352 0055 18       		.uleb128 0x18
 353 0056 9642     		.uleb128 0x2116
 354 0058 19       		.uleb128 0x19
 355 0059 00       		.byte	0
 356 005a 00       		.byte	0
 357 005b 07       		.uleb128 0x7
 358 005c 2E       		.uleb128 0x2e
 359 005d 00       		.byte	0
 360 005e 3F       		.uleb128 0x3f
 361 005f 19       		.uleb128 0x19
 362 0060 03       		.uleb128 0x3
 363 0061 0E       		.uleb128 0xe
 364 0062 3A       		.uleb128 0x3a
 365 0063 0B       		.uleb128 0xb
ARM GAS  C:\Users\Joe\AppData\Local\Temp\ccw2njQc.s 			page 9


 366 0064 3B       		.uleb128 0x3b
 367 0065 0B       		.uleb128 0xb
 368 0066 27       		.uleb128 0x27
 369 0067 19       		.uleb128 0x19
 370 0068 11       		.uleb128 0x11
 371 0069 01       		.uleb128 0x1
 372 006a 12       		.uleb128 0x12
 373 006b 06       		.uleb128 0x6
 374 006c 40       		.uleb128 0x40
 375 006d 18       		.uleb128 0x18
 376 006e 9642     		.uleb128 0x2116
 377 0070 19       		.uleb128 0x19
 378 0071 00       		.byte	0
 379 0072 00       		.byte	0
 380 0073 08       		.uleb128 0x8
 381 0074 34       		.uleb128 0x34
 382 0075 00       		.byte	0
 383 0076 03       		.uleb128 0x3
 384 0077 0E       		.uleb128 0xe
 385 0078 3A       		.uleb128 0x3a
 386 0079 0B       		.uleb128 0xb
 387 007a 3B       		.uleb128 0x3b
 388 007b 05       		.uleb128 0x5
 389 007c 49       		.uleb128 0x49
 390 007d 13       		.uleb128 0x13
 391 007e 3F       		.uleb128 0x3f
 392 007f 19       		.uleb128 0x19
 393 0080 3C       		.uleb128 0x3c
 394 0081 19       		.uleb128 0x19
 395 0082 00       		.byte	0
 396 0083 00       		.byte	0
 397 0084 09       		.uleb128 0x9
 398 0085 35       		.uleb128 0x35
 399 0086 00       		.byte	0
 400 0087 49       		.uleb128 0x49
 401 0088 13       		.uleb128 0x13
 402 0089 00       		.byte	0
 403 008a 00       		.byte	0
 404 008b 0A       		.uleb128 0xa
 405 008c 34       		.uleb128 0x34
 406 008d 00       		.byte	0
 407 008e 03       		.uleb128 0x3
 408 008f 08       		.uleb128 0x8
 409 0090 3A       		.uleb128 0x3a
 410 0091 0B       		.uleb128 0xb
 411 0092 3B       		.uleb128 0x3b
 412 0093 0B       		.uleb128 0xb
 413 0094 49       		.uleb128 0x49
 414 0095 13       		.uleb128 0x13
 415 0096 3F       		.uleb128 0x3f
 416 0097 19       		.uleb128 0x19
 417 0098 02       		.uleb128 0x2
 418 0099 18       		.uleb128 0x18
 419 009a 00       		.byte	0
 420 009b 00       		.byte	0
 421 009c 00       		.byte	0
 422              		.section	.debug_aranges,"",%progbits
ARM GAS  C:\Users\Joe\AppData\Local\Temp\ccw2njQc.s 			page 10


 423 0000 24000000 		.4byte	0x24
 424 0004 0200     		.2byte	0x2
 425 0006 00000000 		.4byte	.Ldebug_info0
 426 000a 04       		.byte	0x4
 427 000b 00       		.byte	0
 428 000c 0000     		.2byte	0
 429 000e 0000     		.2byte	0
 430 0010 00000000 		.4byte	.LFB63
 431 0014 60000000 		.4byte	.LFE63-.LFB63
 432 0018 00000000 		.4byte	.LFB64
 433 001c 20000000 		.4byte	.LFE64-.LFB64
 434 0020 00000000 		.4byte	0
 435 0024 00000000 		.4byte	0
 436              		.section	.debug_ranges,"",%progbits
 437              	.Ldebug_ranges0:
 438 0000 00000000 		.4byte	.LFB63
 439 0004 60000000 		.4byte	.LFE63
 440 0008 00000000 		.4byte	.LFB64
 441 000c 20000000 		.4byte	.LFE64
 442 0010 00000000 		.4byte	0
 443 0014 00000000 		.4byte	0
 444              		.section	.debug_line,"",%progbits
 445              	.Ldebug_line0:
 446 0000 8D010000 		.section	.debug_str,"MS",%progbits,1
 446      02004C01 
 446      00000201 
 446      FB0E0D00 
 446      01010101 
 447              	.LASF6:
 448 0000 6C6F6E67 		.ascii	"long long int\000"
 448      206C6F6E 
 448      6720696E 
 448      7400
 449              	.LASF3:
 450 000e 73686F72 		.ascii	"short unsigned int\000"
 450      7420756E 
 450      7369676E 
 450      65642069 
 450      6E7400
 451              	.LASF8:
 452 0021 756E7369 		.ascii	"unsigned int\000"
 452      676E6564 
 452      20696E74 
 452      00
 453              	.LASF21:
 454 002e 6D61696E 		.ascii	"main.c\000"
 454      2E6300
 455              	.LASF17:
 456 0035 6D61696E 		.ascii	"main\000"
 456      00
 457              	.LASF22:
 458 003a 443A5C44 		.ascii	"D:\\Documents\\DPEA_Projects\\RpiMIB\\Number2.cydsn"
 458      6F63756D 
 458      656E7473 
 458      5C445045 
 458      415F5072 
 459 0069 00       		.ascii	"\000"
ARM GAS  C:\Users\Joe\AppData\Local\Temp\ccw2njQc.s 			page 11


 460              	.LASF11:
 461 006a 75696E74 		.ascii	"uint8\000"
 461      3800
 462              	.LASF5:
 463 0070 6C6F6E67 		.ascii	"long unsigned int\000"
 463      20756E73 
 463      69676E65 
 463      6420696E 
 463      7400
 464              	.LASF7:
 465 0082 6C6F6E67 		.ascii	"long long unsigned int\000"
 465      206C6F6E 
 465      6720756E 
 465      7369676E 
 465      65642069 
 466              	.LASF20:
 467 0099 474E5520 		.ascii	"GNU C11 5.4.1 20160609 (release) [ARM/embedded-5-br"
 467      43313120 
 467      352E342E 
 467      31203230 
 467      31363036 
 468 00cc 616E6368 		.ascii	"anch revision 237715] -mcpu=cortex-m3 -mthumb -g -O"
 468      20726576 
 468      6973696F 
 468      6E203233 
 468      37373135 
 469 00ff 30202D66 		.ascii	"0 -ffunction-sections -ffat-lto-objects\000"
 469      66756E63 
 469      74696F6E 
 469      2D736563 
 469      74696F6E 
 470              	.LASF1:
 471 0127 756E7369 		.ascii	"unsigned char\000"
 471      676E6564 
 471      20636861 
 471      7200
 472              	.LASF14:
 473 0135 63686172 		.ascii	"char\000"
 473      00
 474              	.LASF4:
 475 013a 6C6F6E67 		.ascii	"long int\000"
 475      20696E74 
 475      00
 476              	.LASF13:
 477 0143 646F7562 		.ascii	"double\000"
 477      6C6500
 478              	.LASF18:
 479 014a 436F6D70 		.ascii	"ComparatorIsrHandler\000"
 479      61726174 
 479      6F724973 
 479      7248616E 
 479      646C6572 
 480              	.LASF19:
 481 015f 49544D5F 		.ascii	"ITM_RxBuffer\000"
 481      52784275 
 481      66666572 
 481      00
ARM GAS  C:\Users\Joe\AppData\Local\Temp\ccw2njQc.s 			page 12


 482              	.LASF0:
 483 016c 7369676E 		.ascii	"signed char\000"
 483      65642063 
 483      68617200 
 484              	.LASF15:
 485 0178 6C6F6E67 		.ascii	"long double\000"
 485      20646F75 
 485      626C6500 
 486              	.LASF9:
 487 0184 5F5F696E 		.ascii	"__int32_t\000"
 487      7433325F 
 487      7400
 488              	.LASF12:
 489 018e 666C6F61 		.ascii	"float\000"
 489      7400
 490              	.LASF2:
 491 0194 73686F72 		.ascii	"short int\000"
 491      7420696E 
 491      7400
 492              	.LASF10:
 493 019e 696E7433 		.ascii	"int32_t\000"
 493      325F7400 
 494              	.LASF16:
 495 01a6 73697A65 		.ascii	"sizetype\000"
 495      74797065 
 495      00
 496              		.ident	"GCC: (GNU Tools for ARM Embedded Processors) 5.4.1 20160609 (release) [ARM/embedded-5-bran
